Component: ARM Compiler 6.16 Tool: armlink [5dfea500]

==============================================================================

Memory Map of the image

  Image Entry point : 0x00000301

  Load Region LR_IROM1 (Base: 0x00000000, Size: 0x0000831c, Max: 0x00080000, ABSOLUTE)

    Execution Region ER_IROM0 (Base: 0x00000000, Size: 0x000000c4, Max: 0x000002fc, ABSOLUTE)

    Base Addr    Size         Type   Attr      Idx    E Section Name        Object

    0x00000000   0x000000c4   Data   RO        24393    RESET               BUILD/LPC1768/ARMC6/mbed-os/targets/TARGET_NXP/TARGET_LPC176X/device/TOOLCHAIN_ARM_STD/startup_LPC17xx.o


    Execution Region ER_CRP (Base: 0x000002fc, Size: 0x00000004, Max: 0x00000004, ABSOLUTE, FIXED)

    Base Addr    Size         Type   Attr      Idx    E Section Name        Object

    0x000002fc   0x00000004   Data   RO        24392    .CRPSection         BUILD/LPC1768/ARMC6/mbed-os/targets/TARGET_NXP/TARGET_LPC176X/device/CRP.o


    Execution Region ER_IROM1 (Base: 0x00000300, Size: 0x00007f0c, Max: 0x0007fd00, ABSOLUTE, FIXED)

    Base Addr    Size         Type   Attr      Idx    E Section Name        Object

    0x00000300   0x00000008   Code   RO        25004  * !!!main             /home/aidan/.config/Mbed Studio/mbed-studio-tools/ac6/bin/../lib/armlib/c_w.l(__main.o)
    0x00000308   0x00000034   Code   RO        25979    !!!scatter          /home/aidan/.config/Mbed Studio/mbed-studio-tools/ac6/bin/../lib/armlib/c_w.l(__scatter.o)
    0x0000033c   0x0000001a   Code   RO        25981    !!handler_copy      /home/aidan/.config/Mbed Studio/mbed-studio-tools/ac6/bin/../lib/armlib/c_w.l(__scatter_copy.o)
    0x00000356   0x00000002   PAD
    0x00000358   0x0000001c   Code   RO        25983    !!handler_zi        /home/aidan/.config/Mbed Studio/mbed-studio-tools/ac6/bin/../lib/armlib/c_w.l(__scatter_zi.o)
    0x00000374   0x00000002   Code   RO        25003    .ARM.Collect$$libinit$$00000000  /home/aidan/.config/Mbed Studio/mbed-studio-tools/ac6/bin/../lib/armlib/c_w.l(libinit.o)
    0x00000376   0x00000000   Code   RO        25291    .ARM.Collect$$libinit$$00000002  /home/aidan/.config/Mbed Studio/mbed-studio-tools/ac6/bin/../lib/armlib/c_w.l(libinit2.o)
    0x00000376   0x00000000   Code   RO        25293    .ARM.Collect$$libinit$$00000004  /home/aidan/.config/Mbed Studio/mbed-studio-tools/ac6/bin/../lib/armlib/c_w.l(libinit2.o)
    0x00000376   0x00000008   Code   RO        25294    .ARM.Collect$$libinit$$00000005  /home/aidan/.config/Mbed Studio/mbed-studio-tools/ac6/bin/../lib/armlib/c_w.l(libinit2.o)
    0x0000037e   0x00000000   Code   RO        25296    .ARM.Collect$$libinit$$0000000A  /home/aidan/.config/Mbed Studio/mbed-studio-tools/ac6/bin/../lib/armlib/c_w.l(libinit2.o)
    0x0000037e   0x00000000   Code   RO        25298    .ARM.Collect$$libinit$$0000000C  /home/aidan/.config/Mbed Studio/mbed-studio-tools/ac6/bin/../lib/armlib/c_w.l(libinit2.o)
    0x0000037e   0x00000000   Code   RO        25300    .ARM.Collect$$libinit$$0000000E  /home/aidan/.config/Mbed Studio/mbed-studio-tools/ac6/bin/../lib/armlib/c_w.l(libinit2.o)
    0x0000037e   0x00000000   Code   RO        25303    .ARM.Collect$$libinit$$00000011  /home/aidan/.config/Mbed Studio/mbed-studio-tools/ac6/bin/../lib/armlib/c_w.l(libinit2.o)
    0x0000037e   0x00000000   Code   RO        25305    .ARM.Collect$$libinit$$00000013  /home/aidan/.config/Mbed Studio/mbed-studio-tools/ac6/bin/../lib/armlib/c_w.l(libinit2.o)
    0x0000037e   0x00000000   Code   RO        25307    .ARM.Collect$$libinit$$00000015  /home/aidan/.config/Mbed Studio/mbed-studio-tools/ac6/bin/../lib/armlib/c_w.l(libinit2.o)
    0x0000037e   0x00000000   Code   RO        25309    .ARM.Collect$$libinit$$00000017  /home/aidan/.config/Mbed Studio/mbed-studio-tools/ac6/bin/../lib/armlib/c_w.l(libinit2.o)
    0x0000037e   0x00000000   Code   RO        25311    .ARM.Collect$$libinit$$00000019  /home/aidan/.config/Mbed Studio/mbed-studio-tools/ac6/bin/../lib/armlib/c_w.l(libinit2.o)
    0x0000037e   0x00000000   Code   RO        25313    .ARM.Collect$$libinit$$0000001B  /home/aidan/.config/Mbed Studio/mbed-studio-tools/ac6/bin/../lib/armlib/c_w.l(libinit2.o)
    0x0000037e   0x00000000   Code   RO        25315    .ARM.Collect$$libinit$$0000001D  /home/aidan/.config/Mbed Studio/mbed-studio-tools/ac6/bin/../lib/armlib/c_w.l(libinit2.o)
    0x0000037e   0x00000000   Code   RO        25317    .ARM.Collect$$libinit$$0000001F  /home/aidan/.config/Mbed Studio/mbed-studio-tools/ac6/bin/../lib/armlib/c_w.l(libinit2.o)
    0x0000037e   0x00000000   Code   RO        25319    .ARM.Collect$$libinit$$00000021  /home/aidan/.config/Mbed Studio/mbed-studio-tools/ac6/bin/../lib/armlib/c_w.l(libinit2.o)
    0x0000037e   0x00000000   Code   RO        25321    .ARM.Collect$$libinit$$00000023  /home/aidan/.config/Mbed Studio/mbed-studio-tools/ac6/bin/../lib/armlib/c_w.l(libinit2.o)
    0x0000037e   0x00000004   Code   RO        25322    .ARM.Collect$$libinit$$00000024  /home/aidan/.config/Mbed Studio/mbed-studio-tools/ac6/bin/../lib/armlib/c_w.l(libinit2.o)
    0x00000382   0x00000000   Code   RO        25323    .ARM.Collect$$libinit$$00000025  /home/aidan/.config/Mbed Studio/mbed-studio-tools/ac6/bin/../lib/armlib/c_w.l(libinit2.o)
    0x00000382   0x00000000   Code   RO        25327    .ARM.Collect$$libinit$$0000002C  /home/aidan/.config/Mbed Studio/mbed-studio-tools/ac6/bin/../lib/armlib/c_w.l(libinit2.o)
    0x00000382   0x00000000   Code   RO        25329    .ARM.Collect$$libinit$$0000002E  /home/aidan/.config/Mbed Studio/mbed-studio-tools/ac6/bin/../lib/armlib/c_w.l(libinit2.o)
    0x00000382   0x00000000   Code   RO        25331    .ARM.Collect$$libinit$$00000030  /home/aidan/.config/Mbed Studio/mbed-studio-tools/ac6/bin/../lib/armlib/c_w.l(libinit2.o)
    0x00000382   0x00000004   Code   RO        25332    .ARM.Collect$$libinit$$00000031  /home/aidan/.config/Mbed Studio/mbed-studio-tools/ac6/bin/../lib/armlib/c_w.l(libinit2.o)
    0x00000386   0x00000000   Code   RO        25333    .ARM.Collect$$libinit$$00000032  /home/aidan/.config/Mbed Studio/mbed-studio-tools/ac6/bin/../lib/armlib/c_w.l(libinit2.o)
    0x00000386   0x00000002   Code   RO        25334    .ARM.Collect$$libinit$$00000033  /home/aidan/.config/Mbed Studio/mbed-studio-tools/ac6/bin/../lib/armlib/c_w.l(libinit2.o)
    0x00000388   0x00000000   Code   RO        25777    .ARM.Collect$$libshutdown$$00000004  /home/aidan/.config/Mbed Studio/mbed-studio-tools/ac6/bin/../lib/armlib/c_w.l(libshutdown2.o)
    0x00000388   0x00000000   Code   RO        25788    .ARM.Collect$$libshutdown$$0000000F  /home/aidan/.config/Mbed Studio/mbed-studio-tools/ac6/bin/../lib/armlib/c_w.l(libshutdown2.o)
    0x00000388   0x00000094   Code   RO          107    .text               BUILD/LPC1768/ARMC6/mbed-os/cmsis/CMSIS_5/CMSIS/RTOS2/RTX/Source/TOOLCHAIN_ARM/TARGET_M3/irq_cm3.o
    0x0000041c   0x0000005c   Code   RO        21982    .text               BUILD/LPC1768/ARMC6/mbed-os/platform/source/TARGET_CORTEX_M/TOOLCHAIN_ARM/except.o
    0x00000478   0x00000024   Code   RO        24394    .text               BUILD/LPC1768/ARMC6/mbed-os/targets/TARGET_NXP/TARGET_LPC176X/device/TOOLCHAIN_ARM_STD/startup_LPC17xx.o
    0x0000049c   0x00000002   Code   RO        24793    .text               /home/aidan/.config/Mbed Studio/mbed-studio-tools/ac6/bin/../lib/armlib/c_w.l(use_no_semi_2.o)
    0x0000049e   0x00000004   Code   RO        24802    .text               /home/aidan/.config/Mbed Studio/mbed-studio-tools/ac6/bin/../lib/armlib/c_w.l(rt_errno_addr_twolibspace.o)
    0x000004a2   0x000000a6   Code   RO        24814    .text               /home/aidan/.config/Mbed Studio/mbed-studio-tools/ac6/bin/../lib/armlib/c_w.l(h1_alloc_threads.o)
    0x00000548   0x00000076   Code   RO        24816    .text               /home/aidan/.config/Mbed Studio/mbed-studio-tools/ac6/bin/../lib/armlib/c_w.l(h1_free_threads.o)
    0x000005be   0x000000f0   Code   RO        24868    .text               /home/aidan/.config/Mbed Studio/mbed-studio-tools/ac6/bin/../lib/armlib/c_w.l(lludivv7m.o)
    0x000006ae   0x0000014c   Code   RO        24880    .text               /home/aidan/.config/Mbed Studio/mbed-studio-tools/ac6/bin/../lib/armlib/c_w.l(_scanf_int.o)
    0x000007fa   0x00000002   PAD
    0x000007fc   0x000000f8   Code   RO        24906    .text               /home/aidan/.config/Mbed Studio/mbed-studio-tools/ac6/bin/../lib/armlib/c_w.l(fseek.o)
    0x000008f4   0x00000042   Code   RO        24908    .text               /home/aidan/.config/Mbed Studio/mbed-studio-tools/ac6/bin/../lib/armlib/c_w.l(ftell.o)
    0x00000936   0x0000004c   Code   RO        24926    .text               /home/aidan/.config/Mbed Studio/mbed-studio-tools/ac6/bin/../lib/armlib/c_w.l(fclose.o)
    0x00000982   0x00000024   Code   RO        24930    .text               /home/aidan/.config/Mbed Studio/mbed-studio-tools/ac6/bin/../lib/armlib/c_w.l(fputc_locked.o)
    0x000009a6   0x00000002   PAD
    0x000009a8   0x00000090   Code   RO        24938    .text               /home/aidan/.config/Mbed Studio/mbed-studio-tools/ac6/bin/../lib/armlib/c_w.l(fflush_locked.o)
    0x00000a38   0x0000014c   Code   RO        24940    .text               /home/aidan/.config/Mbed Studio/mbed-studio-tools/ac6/bin/../lib/armlib/c_w.l(fopen_locked.o)
    0x00000b84   0x0000001c   Code   RO        24958    .text               /home/aidan/.config/Mbed Studio/mbed-studio-tools/ac6/bin/../lib/armlib/c_w.l(strspn.o)
    0x00000ba0   0x00000058   Code   RO        24962    .text               /home/aidan/.config/Mbed Studio/mbed-studio-tools/ac6/bin/../lib/armlib/c_w.l(memcmp.o)
    0x00000bf8   0x0000003e   Code   RO        24968    .text               /home/aidan/.config/Mbed Studio/mbed-studio-tools/ac6/bin/../lib/armlib/c_w.l(strlen.o)
    0x00000c36   0x0000008a   Code   RO        24976    .text               /home/aidan/.config/Mbed Studio/mbed-studio-tools/ac6/bin/../lib/armlib/c_w.l(rt_memcpy_v6.o)
    0x00000cc0   0x00000064   Code   RO        24980    .text               /home/aidan/.config/Mbed Studio/mbed-studio-tools/ac6/bin/../lib/armlib/c_w.l(rt_memcpy_w.o)
    0x00000d24   0x00000010   Code   RO        24988    .text               /home/aidan/.config/Mbed Studio/mbed-studio-tools/ac6/bin/../lib/armlib/c_w.l(aeabi_memset4.o)
    0x00000d34   0x00000044   Code   RO        24990    .text               /home/aidan/.config/Mbed Studio/mbed-studio-tools/ac6/bin/../lib/armlib/c_w.l(rt_memclr.o)
    0x00000d78   0x0000004e   Code   RO        24992    .text               /home/aidan/.config/Mbed Studio/mbed-studio-tools/ac6/bin/../lib/armlib/c_w.l(rt_memclr_w.o)
    0x00000dc6   0x00000002   PAD
    0x00000dc8   0x00000080   Code   RO        24996    .text               /home/aidan/.config/Mbed Studio/mbed-studio-tools/ac6/bin/../lib/armlib/c_w.l(strcmpv7m.o)
    0x00000e48   0x00000006   Code   RO        25001    .text               /home/aidan/.config/Mbed Studio/mbed-studio-tools/ac6/bin/../lib/armlib/c_w.l(heapauxi.o)
    0x00000e4e   0x00000002   PAD
    0x00000e50   0x00000024   Code   RO        25009    .text               /home/aidan/.config/Mbed Studio/mbed-studio-tools/ac6/bin/../lib/armlib/c_w.l(init_aeabi.o)
    0x00000e74   0x00000008   Code   RO        25189    .text               /home/aidan/.config/Mbed Studio/mbed-studio-tools/ac6/bin/../lib/armlib/c_w.l(libspace.o)
    0x00000e7c   0x00000002   Code   RO        25192    .text               /home/aidan/.config/Mbed Studio/mbed-studio-tools/ac6/bin/../lib/armlib/c_w.l(use_no_semi.o)
    0x00000e7e   0x0000000a   Code   RO        25203    .text               /home/aidan/.config/Mbed Studio/mbed-studio-tools/ac6/bin/../lib/armlib/c_w.l(rt_heap_descriptor_twolibspace.o)
    0x00000e88   0x00000004   Code   RO        25212    .text               /home/aidan/.config/Mbed Studio/mbed-studio-tools/ac6/bin/../lib/armlib/c_w.l(hguard.o)
    0x00000e8c   0x0000008a   Code   RO        25214    .text               /home/aidan/.config/Mbed Studio/mbed-studio-tools/ac6/bin/../lib/armlib/c_w.l(init_alloc.o)
    0x00000f16   0x00000012   Code   RO        25222    .text               /home/aidan/.config/Mbed Studio/mbed-studio-tools/ac6/bin/../lib/armlib/c_w.l(h1_init_threads.o)
    0x00000f28   0x0000001c   Code   RO        25236    .text               /home/aidan/.config/Mbed Studio/mbed-studio-tools/ac6/bin/../lib/armlib/c_w.l(_chval.o)
    0x00000f44   0x000001d6   Code   RO        25260    .text               /home/aidan/.config/Mbed Studio/mbed-studio-tools/ac6/bin/../lib/armlib/c_w.l(flsbuf.o)
    0x0000111a   0x00000002   PAD
    0x0000111c   0x000000f0   Code   RO        25264    .text               /home/aidan/.config/Mbed Studio/mbed-studio-tools/ac6/bin/../lib/armlib/c_w.l(stdio.o)
    0x0000120c   0x00000068   Code   RO        25273    .text               /home/aidan/.config/Mbed Studio/mbed-studio-tools/ac6/bin/../lib/armlib/c_w.l(setvbuf_locked.o)
    0x00001274   0x000001c8   Code   RO        25275    .text               /home/aidan/.config/Mbed Studio/mbed-studio-tools/ac6/bin/../lib/armlib/c_w.l(initio_locked.o)
    0x0000143c   0x00000000   Code   RO        25705    .text               /home/aidan/.config/Mbed Studio/mbed-studio-tools/ac6/bin/../lib/armlib/c_w.l(maybetermalloc2.o)
    0x0000143c   0x00000052   Code   RO        25708    .text               /home/aidan/.config/Mbed Studio/mbed-studio-tools/ac6/bin/../lib/armlib/c_w.l(h1_extend_threads.o)
    0x0000148e   0x00000002   PAD
    0x00001490   0x00000040   Code   RO        25740    .text               /home/aidan/.config/Mbed Studio/mbed-studio-tools/ac6/bin/../lib/armlib/c_w.l(puts_locked.o)
    0x000014d0   0x0000000e   Code   RO        25758    .text               /home/aidan/.config/Mbed Studio/mbed-studio-tools/ac6/bin/../lib/armlib/c_w.l(defsig_rtred_outer.o)
    0x000014de   0x0000000e   Code   RO        25762    .text               /home/aidan/.config/Mbed Studio/mbed-studio-tools/ac6/bin/../lib/armlib/c_w.l(defsig_rtmem_outer.o)
    0x000014ec   0x00000010   Code   RO        25837    .text               /home/aidan/.config/Mbed Studio/mbed-studio-tools/ac6/bin/../lib/armlib/c_w.l(term_alloc.o)
    0x000014fc   0x0000000a   Code   RO        25876    .text               /home/aidan/.config/Mbed Studio/mbed-studio-tools/ac6/bin/../lib/armlib/c_w.l(defsig_exit.o)
    0x00001506   0x00000002   PAD
    0x00001508   0x00000034   Code   RO        25884    .text               /home/aidan/.config/Mbed Studio/mbed-studio-tools/ac6/bin/../lib/armlib/c_w.l(defsig_rtred_inner.o)
    0x0000153c   0x00000050   Code   RO        25886    .text               /home/aidan/.config/Mbed Studio/mbed-studio-tools/ac6/bin/../lib/armlib/c_w.l(defsig_rtmem_inner.o)
    0x0000158c   0x0000000a   Code   RO        25912    .text               /home/aidan/.config/Mbed Studio/mbed-studio-tools/ac6/bin/../lib/armlib/c_w.l(h1_final_threads.o)
    0x00001596   0x00000032   Code   RO        25924    .text               /home/aidan/.config/Mbed Studio/mbed-studio-tools/ac6/bin/../lib/armlib/c_w.l(defsig_general.o)
    0x000015c8   0x00000032   Code   RO        22567    .text.$Sub$$__2printf  BUILD/LPC1768/ARMC6/mbed-os/platform/source/minimal-printf/mbed_printf_armlink_overrides.o
    0x000015fa   0x0000002e   Code   RO        22352    .text.$Sub$$__rt_lib_init  BUILD/LPC1768/ARMC6/mbed-os/platform/source/mbed_retarget.o
    0x00001628   0x00000004   Code   RO        22603    .text.$Sub$$_printf_f  BUILD/LPC1768/ARMC6/mbed-os/platform/source/minimal-printf/mbed_printf_armlink_overrides.o
    0x0000162c   0x00000004   Code   RO        22605    .text.$Sub$$_printf_fp_dec  BUILD/LPC1768/ARMC6/mbed-os/platform/source/minimal-printf/mbed_printf_armlink_overrides.o
    0x00001630   0x00000004   Code   RO        22671    .text.$Sub$$_printf_percent  BUILD/LPC1768/ARMC6/mbed-os/platform/source/minimal-printf/mbed_printf_armlink_overrides.o
    0x00001634   0x00000014   Code   RO        22717    .text.$Sub$$vsnprintf  BUILD/LPC1768/ARMC6/mbed-os/platform/source/minimal-printf/mbed_printf_wrapper.o
    0x00001648   0x0000000e   Code   RO          669    .text.EvrRtxKernelError  BUILD/LPC1768/ARMC6/mbed-os/cmsis/device/rtos/source/mbed_rtx_handlers.o
    0x00001656   0x0000000c   Code   RO          685    .text.EvrRtxMessageQueueError  BUILD/LPC1768/ARMC6/mbed-os/cmsis/device/rtos/source/mbed_rtx_handlers.o
    0x00001662   0x0000000c   Code   RO          679    .text.EvrRtxMutexError  BUILD/LPC1768/ARMC6/mbed-os/cmsis/device/rtos/source/mbed_rtx_handlers.o
    0x0000166e   0x0000000c   Code   RO          673    .text.EvrRtxThreadError  BUILD/LPC1768/ARMC6/mbed-os/cmsis/device/rtos/source/mbed_rtx_handlers.o
    0x0000167a   0x0000001a   Code   RO          687    .text.EvrRtxThreadExit  BUILD/LPC1768/ARMC6/mbed-os/cmsis/device/rtos/source/mbed_rtx_handlers.o
    0x00001694   0x00000042   Code   RO          355    .text.MessageQueueGet  BUILD/LPC1768/ARMC6/mbed-os/cmsis/CMSIS_5/CMSIS/RTOS2/RTX/Source/rtx_msgqueue.o
    0x000016d6   0x00000002   PAD
    0x000016d8   0x00000060   Code   RO          349    .text.MessageQueuePut  BUILD/LPC1768/ARMC6/mbed-os/cmsis/CMSIS_5/CMSIS/RTOS2/RTX/Source/rtx_msgqueue.o
    0x00001738   0x0000000c   Code   RO          595    .text.OS_Tick_AcknowledgeIRQ  BUILD/LPC1768/ARMC6/mbed-os/cmsis/CMSIS_5/CMSIS/RTOS2/Source/os_systick.o
    0x00001744   0x00000032   Code   RO          591    .text.OS_Tick_Enable  BUILD/LPC1768/ARMC6/mbed-os/cmsis/CMSIS_5/CMSIS/RTOS2/Source/os_systick.o
    0x00001776   0x00000048   Code   RO          589    .text.OS_Tick_Setup  BUILD/LPC1768/ARMC6/mbed-os/cmsis/CMSIS_5/CMSIS/RTOS2/Source/os_systick.o
    0x000017be   0x00000002   PAD
    0x000017c0   0x000000a4   Code   RO        24423    .text.SystemInit    BUILD/LPC1768/ARMC6/mbed-os/targets/TARGET_NXP/TARGET_LPC176X/device/system_LPC17xx.o
    0x00001864   0x00000070   Code   RO          507    .text.ThreadFlagsCheck  BUILD/LPC1768/ARMC6/mbed-os/cmsis/CMSIS_5/CMSIS/RTOS2/RTX/Source/rtx_thread.o
    0x000018d4   0x00000056   Code   RO          573    .text.TimerInsert   BUILD/LPC1768/ARMC6/mbed-os/cmsis/CMSIS_5/CMSIS/RTOS2/RTX/Source/rtx_timer.o
    0x0000192a   0x00000064   Code   RO           22    .text._GLOBAL__sub_I_main.cpp  BUILD/LPC1768/ARMC6/main.o
    0x0000198e   0x0000009a   Code   RO           10    .text._Z10readInputsv  BUILD/LPC1768/ARMC6/main.o
    0x00001a28   0x00000044   Code   RO           14    .text._Z4lirpiiff   BUILD/LPC1768/ARMC6/main.o
    0x00001a6c   0x00000124   Code   RO           16    .text._Z4movefib    BUILD/LPC1768/ARMC6/main.o
    0x00001b90   0x000000ba   Code   RO           12    .text._Z6complyv    BUILD/LPC1768/ARMC6/main.o
    0x00001c4a   0x00000002   PAD
    0x00001c4c   0x00000134   Code   RO           18    .text._Z9calibratev  BUILD/LPC1768/ARMC6/main.o
    0x00001d80   0x0000001a   Code   RO          699    .text._ZL17default_idle_hookv  BUILD/LPC1768/ARMC6/mbed-os/cmsis/device/rtos/source/mbed_rtx_idle.o
    0x00001d9a   0x00000002   PAD
    0x00001d9c   0x00000054   Code   RO        22306    .text._ZL18reserve_filehandlev  BUILD/LPC1768/ARMC6/mbed-os/platform/source/mbed_retarget.o
    0x00001df0   0x0000001c   Code   RO        22290    .text._ZN12DirectSerial4readEPvj  BUILD/LPC1768/ARMC6/mbed-os/platform/source/mbed_retarget.o
    0x00001e0c   0x0000000a   Code   RO        22466    .text._ZN12DirectSerial4seekEli  BUILD/LPC1768/ARMC6/mbed-os/platform/source/mbed_retarget.o
    0x00001e16   0x00000006   Code   RO        22472    .text._ZN12DirectSerial4sizeEv  BUILD/LPC1768/ARMC6/mbed-os/platform/source/mbed_retarget.o
    0x00001e1c   0x00000004   Code   RO        22468    .text._ZN12DirectSerial5closeEv  BUILD/LPC1768/ARMC6/mbed-os/platform/source/mbed_retarget.o
    0x00001e20   0x00000028   Code   RO        22288    .text._ZN12DirectSerial5writeEPKvj  BUILD/LPC1768/ARMC6/mbed-os/platform/source/mbed_retarget.o
    0x00001e48   0x00000004   Code   RO        22470    .text._ZN12DirectSerial6isattyEv  BUILD/LPC1768/ARMC6/mbed-os/platform/source/mbed_retarget.o
    0x00001e4c   0x0000003a   Code   RO        22286    .text._ZN12DirectSerialC2ERK15serial_pinmap_ti  BUILD/LPC1768/ARMC6/mbed-os/platform/source/mbed_retarget.o
    0x00001e86   0x00000004   Code   RO        22464    .text._ZN12DirectSerialD0Ev  BUILD/LPC1768/ARMC6/mbed-os/platform/source/mbed_retarget.o
    0x00001e8a   0x00000006   Code   RO        20347    .text._ZN4mbed10FileHandle12enable_inputEb  BUILD/LPC1768/ARMC6/mbed-os/drivers/usb/source/USBKeyboard.o
    0x00001e90   0x00000010   Code   RO        19651    .text._ZN4mbed10FileHandle12set_blockingEb  BUILD/LPC1768/ARMC6/mbed-os/drivers/source/UnbufferedSerial.o
    0x00001ea0   0x00000006   Code   RO        20349    .text._ZN4mbed10FileHandle13enable_outputEb  BUILD/LPC1768/ARMC6/mbed-os/drivers/usb/source/USBKeyboard.o
    0x00001ea6   0x00000004   Code   RO        19645    .text._ZN4mbed10FileHandle4syncEv  BUILD/LPC1768/ARMC6/mbed-os/drivers/source/UnbufferedSerial.o
    0x00001eaa   0x0000000a   Code   RO        19031    .text._ZN4mbed10FileHandle4tellEv  BUILD/LPC1768/ARMC6/mbed-os/drivers/source/BufferedSerial.o
    0x00001eb4   0x00000002   Code   RO        19655    .text._ZN4mbed10FileHandle5sigioENS_8CallbackIFvvEEE  BUILD/LPC1768/ARMC6/mbed-os/drivers/source/UnbufferedSerial.o
    0x00001eb6   0x0000000a   Code   RO        19033    .text._ZN4mbed10FileHandle6rewindEv  BUILD/LPC1768/ARMC6/mbed-os/drivers/source/BufferedSerial.o
    0x00001ec0   0x00000006   Code   RO        19035    .text._ZN4mbed10FileHandle8truncateEl  BUILD/LPC1768/ARMC6/mbed-os/drivers/source/BufferedSerial.o
    0x00001ec6   0x00000002   Code   RO        21682    .text._ZN4mbed10FileHandleD2Ev  BUILD/LPC1768/ARMC6/mbed-os/platform/source/FileHandle.o
    0x00001ec8   0x0000008e   Code   RO        22302    .text._ZN4mbed16mbed_file_handleEi  BUILD/LPC1768/ARMC6/mbed-os/platform/source/mbed_retarget.o
    0x00001f56   0x00000016   Code   RO        18920    .text._ZN4mbed8AnalogIn4lockEv  BUILD/LPC1768/ARMC6/mbed-os/drivers/source/AnalogIn.o
    0x00001f6c   0x00000020   Code   RO        18904    .text._ZN4mbed8AnalogIn4readEv  BUILD/LPC1768/ARMC6/mbed-os/drivers/source/AnalogIn.o
    0x00001f8c   0x00000016   Code   RO        18922    .text._ZN4mbed8AnalogIn6unlockEv  BUILD/LPC1768/ARMC6/mbed-os/drivers/source/AnalogIn.o
    0x00001fa2   0x00000038   Code   RO        18900    .text._ZN4mbed8AnalogInC2E7PinNamef  BUILD/LPC1768/ARMC6/mbed-os/drivers/source/AnalogIn.o
    0x00001fda   0x0000000e   Code   RO        18918    .text._ZN4mbed8AnalogInD0Ev  BUILD/LPC1768/ARMC6/mbed-os/drivers/source/AnalogIn.o
    0x00001fe8   0x00000032   Code   RO        18916    .text._ZN4mbed8AnalogInD2Ev  BUILD/LPC1768/ARMC6/mbed-os/drivers/source/AnalogIn.o
    0x0000201a   0x00000002   PAD
    0x0000201c   0x000000a4   Code   RO        21666    .text._ZN4mbed8FileBase6lookupEPKcj  BUILD/LPC1768/ARMC6/mbed-os/platform/source/FileBase.o
    0x000020c0   0x0000001e   Code   RO        21695    .text._ZN4mbed8FilePath10fileSystemEv  BUILD/LPC1768/ARMC6/mbed-os/platform/source/FilePath.o
    0x000020de   0x0000001c   Code   RO        21699    .text._ZN4mbed8FilePath4fileEv  BUILD/LPC1768/ARMC6/mbed-os/platform/source/FilePath.o
    0x000020fa   0x0000000a   Code   RO        21701    .text._ZN4mbed8FilePath6existsEv  BUILD/LPC1768/ARMC6/mbed-os/platform/source/FilePath.o
    0x00002104   0x00000016   Code   RO        21697    .text._ZN4mbed8FilePath6isFileEv  BUILD/LPC1768/ARMC6/mbed-os/platform/source/FilePath.o
    0x0000211a   0x00000002   PAD
    0x0000211c   0x00000080   Code   RO        21689    .text._ZN4mbed8FilePathC2EPKc  BUILD/LPC1768/ARMC6/mbed-os/platform/source/FilePath.o
    0x0000219c   0x00000006   Code   RO           49    .text._ZN4mbed9AnalogOut4lockEv  BUILD/LPC1768/ARMC6/main.o
    0x000021a2   0x00000020   Code   RO        18930    .text._ZN4mbed9AnalogOut4readEv  BUILD/LPC1768/ARMC6/mbed-os/drivers/source/AnalogOut.o
    0x000021c2   0x00000022   Code   RO        18926    .text._ZN4mbed9AnalogOut5writeEf  BUILD/LPC1768/ARMC6/mbed-os/drivers/source/AnalogOut.o
    0x000021e4   0x00000006   Code   RO           51    .text._ZN4mbed9AnalogOut6unlockEv  BUILD/LPC1768/ARMC6/main.o
    0x000021ea   0x0000002a   Code   RO           47    .text._ZN4mbed9AnalogOutD0Ev  BUILD/LPC1768/ARMC6/main.o
    0x00002214   0x00000024   Code   RO           45    .text._ZN4mbed9AnalogOutD2Ev  BUILD/LPC1768/ARMC6/main.o
    0x00002238   0x00000074   Code   RO           53    .text._ZN4mbed9DigitalIn4readEv  BUILD/LPC1768/ARMC6/main.o
    0x000022ac   0x00000022   Code   RO        22878    .text._ZN4rtos10ThisThread9sleep_forENSt3__26chrono8durationIjNS1_5ratioILx1ELx1000EEEEE  BUILD/LPC1768/ARMC6/mbed-os/rtos/source/ThisThread.o
    0x000022ce   0x00000004   Code   RO        22876    .text._ZN4rtos10ThisThread9sleep_forEj  BUILD/LPC1768/ARMC6/mbed-os/rtos/source/ThisThread.o
    0x000022d2   0x00000002   PAD
    0x000022d4   0x000000a0   Code   RO        22800    .text._ZN4rtos5Mutex11constructorEPKc  BUILD/LPC1768/ARMC6/mbed-os/rtos/source/Mutex.o
    0x00002374   0x00000040   Code   RO        22804    .text._ZN4rtos5Mutex4lockEv  BUILD/LPC1768/ARMC6/mbed-os/rtos/source/Mutex.o
    0x000023b4   0x00000050   Code   RO        22816    .text._ZN4rtos5Mutex6unlockEv  BUILD/LPC1768/ARMC6/mbed-os/rtos/source/Mutex.o
    0x00002404   0x0000000e   Code   RO        22798    .text._ZN4rtos5MutexC2Ev  BUILD/LPC1768/ARMC6/mbed-os/rtos/source/Mutex.o
    0x00002412   0x0000000e   Code   RO        22820    .text._ZN4rtos5MutexD2Ev  BUILD/LPC1768/ARMC6/mbed-os/rtos/source/Mutex.o
    0x00002420   0x00000004   Code   RO        22785    .text._ZN4rtos6Kernel12get_ms_countEv  BUILD/LPC1768/ARMC6/mbed-os/rtos/source/Kernel.o
    0x00002424   0x00000034   Code   RO        22787    .text._ZN4rtos6Kernel4impl14get_tick_countEv  BUILD/LPC1768/ARMC6/mbed-os/rtos/source/Kernel.o
    0x00002458   0x0000003a   Code   RO        22292    .text._ZNK12DirectSerial4pollEs  BUILD/LPC1768/ARMC6/mbed-os/platform/source/mbed_retarget.o
    0x00002492   0x00000052   Code   RO        18301    .text._ZNK12SingletonPtrIN4rtos5MutexEE3getEv  BUILD/LPC1768/ARMC6/mbed-os/connectivity/netsocket/source/nsapi_dns.o
    0x000024e4   0x00000004   Code   RO        19653    .text._ZNK4mbed10FileHandle11is_blockingEv  BUILD/LPC1768/ARMC6/mbed-os/drivers/source/UnbufferedSerial.o
    0x000024e8   0x00000004   Code   RO        22376    .text._ZdlPv        BUILD/LPC1768/ARMC6/mbed-os/platform/source/mbed_retarget.o
    0x000024ec   0x00000078   Code   RO        22418    .text.__cxa_guard_acquire  BUILD/LPC1768/ARMC6/mbed-os/platform/source/mbed_retarget.o
    0x00002564   0x00000042   Code   RO        22420    .text.__cxa_guard_release  BUILD/LPC1768/ARMC6/mbed-os/platform/source/mbed_retarget.o
    0x000025a6   0x0000004e   Code   RO          612    .text.__rt_entry    BUILD/LPC1768/ARMC6/mbed-os/cmsis/device/rtos/TOOLCHAIN_ARM_STD/mbed_boot_arm_std.o
    0x000025f4   0x00000068   Code   RO          616    .text.__user_perthread_libspace  BUILD/LPC1768/ARMC6/mbed-os/cmsis/device/rtos/TOOLCHAIN_ARM_STD/mbed_boot_arm_std.o
    0x0000265c   0x00000004   Code   RO        22354    .text.__user_setup_stackheap  BUILD/LPC1768/ARMC6/mbed-os/platform/source/mbed_retarget.o
    0x00002660   0x00000032   Code   RO        22350    .text._mbed_user_setup_stackheap  BUILD/LPC1768/ARMC6/mbed-os/platform/source/mbed_retarget.o
    0x00002692   0x00000034   Code   RO          620    .text._mutex_acquire  BUILD/LPC1768/ARMC6/mbed-os/cmsis/device/rtos/TOOLCHAIN_ARM_STD/mbed_boot_arm_std.o
    0x000026c6   0x00000002   PAD
    0x000026c8   0x00000042   Code   RO          624    .text._mutex_free   BUILD/LPC1768/ARMC6/mbed-os/cmsis/device/rtos/TOOLCHAIN_ARM_STD/mbed_boot_arm_std.o
    0x0000270a   0x00000002   PAD
    0x0000270c   0x000000a4   Code   RO          618    .text._mutex_initialize  BUILD/LPC1768/ARMC6/mbed-os/cmsis/device/rtos/TOOLCHAIN_ARM_STD/mbed_boot_arm_std.o
    0x000027b0   0x00000030   Code   RO          622    .text._mutex_release  BUILD/LPC1768/ARMC6/mbed-os/cmsis/device/rtos/TOOLCHAIN_ARM_STD/mbed_boot_arm_std.o
    0x000027e0   0x00000004   Code   RO          244    .text._platform_post_stackheap_init  BUILD/LPC1768/ARMC6/mbed-os/cmsis/CMSIS_5/CMSIS/RTOS2/RTX/Source/rtx_lib.o
    0x000027e4   0x00000004   Code   RO        22320    .text._sys_close    BUILD/LPC1768/ARMC6/mbed-os/platform/source/mbed_retarget.o
    0x000027e8   0x00000002   Code   RO        22328    .text._sys_exit     BUILD/LPC1768/ARMC6/mbed-os/platform/source/mbed_retarget.o
    0x000027ea   0x0000002a   Code   RO        22348    .text._sys_flen     BUILD/LPC1768/ARMC6/mbed-os/platform/source/mbed_retarget.o
    0x00002814   0x00000004   Code   RO        22336    .text._sys_istty    BUILD/LPC1768/ARMC6/mbed-os/platform/source/mbed_retarget.o
    0x00002818   0x0000008a   Code   RO        22316    .text._sys_open     BUILD/LPC1768/ARMC6/mbed-os/platform/source/mbed_retarget.o
    0x000028a2   0x00000006   Code   RO        22338    .text._sys_seek     BUILD/LPC1768/ARMC6/mbed-os/platform/source/mbed_retarget.o
    0x000028a8   0x00000130   Code   RO        22324    .text._sys_write    BUILD/LPC1768/ARMC6/mbed-os/platform/source/mbed_retarget.o
    0x000029d8   0x00000018   Code   RO        22330    .text._ttywrch      BUILD/LPC1768/ARMC6/mbed-os/platform/source/mbed_retarget.o
    0x000029f0   0x000000f4   Code   RO        24321    .text.analogin_init  BUILD/LPC1768/ARMC6/mbed-os/targets/TARGET_NXP/TARGET_LPC176X/analogin_api.o
    0x00002ae4   0x000000c2   Code   RO        24325    .text.analogin_read  BUILD/LPC1768/ARMC6/mbed-os/targets/TARGET_NXP/TARGET_LPC176X/analogin_api.o
    0x00002ba6   0x00000002   PAD
    0x00002ba8   0x000000a8   Code   RO        24332    .text.analogout_init  BUILD/LPC1768/ARMC6/mbed-os/targets/TARGET_NXP/TARGET_LPC176X/analogout_api.o
    0x00002c50   0x00000022   Code   RO        24340    .text.analogout_read  BUILD/LPC1768/ARMC6/mbed-os/targets/TARGET_NXP/TARGET_LPC176X/analogout_api.o
    0x00002c72   0x00000044   Code   RO        24338    .text.analogout_write  BUILD/LPC1768/ARMC6/mbed-os/targets/TARGET_NXP/TARGET_LPC176X/analogout_api.o
    0x00002cb6   0x0000003c   Code   RO        22322    .text.close         BUILD/LPC1768/ARMC6/mbed-os/platform/source/mbed_retarget.o
    0x00002cf2   0x0000000c   Code   RO        22114    .text.core_util_are_interrupts_enabled  BUILD/LPC1768/ARMC6/mbed-os/platform/source/mbed_critical.o
    0x00002cfe   0x00000002   PAD
    0x00002d00   0x00000084   Code   RO        22120    .text.core_util_critical_section_enter  BUILD/LPC1768/ARMC6/mbed-os/platform/source/mbed_critical.o
    0x00002d84   0x00000018   Code   RO        22122    .text.core_util_critical_section_exit  BUILD/LPC1768/ARMC6/mbed-os/platform/source/mbed_critical.o
    0x00002d9c   0x0000000c   Code   RO        22116    .text.core_util_is_isr_active  BUILD/LPC1768/ARMC6/mbed-os/platform/source/mbed_critical.o
    0x00002da8   0x00000034   Code   RO          691    .text.error_msg     BUILD/LPC1768/ARMC6/mbed-os/cmsis/device/rtos/source/mbed_rtx_handlers.o
    0x00002ddc   0x0000003a   Code   RO        22394    .text.exit          BUILD/LPC1768/ARMC6/mbed-os/platform/source/mbed_retarget.o
    0x00002e16   0x0000002c   Code   RO        22346    .text.fsync         BUILD/LPC1768/ARMC6/mbed-os/platform/source/mbed_retarget.o
    0x00002e42   0x00000002   PAD
    0x00002e44   0x00000050   Code   RO        24434    .text.gpio_dir      BUILD/LPC1768/ARMC6/mbed-os/targets/TARGET_NXP/TARGET_LPC176X/gpio_api.o
    0x00002e94   0x0000002e   Code   RO        24430    .text.gpio_init     BUILD/LPC1768/ARMC6/mbed-os/targets/TARGET_NXP/TARGET_LPC176X/gpio_api.o
    0x00002ec2   0x00000006   Code   RO        21344    .text.gpio_init_in  BUILD/LPC1768/ARMC6/mbed-os/hal/source/mbed_gpio.o
    0x00002ec8   0x00000026   Code   RO        21346    .text.gpio_init_in_ex  BUILD/LPC1768/ARMC6/mbed-os/hal/source/mbed_gpio.o
    0x00002eee   0x00000050   Code   RO        21350    .text.gpio_init_out_ex  BUILD/LPC1768/ARMC6/mbed-os/hal/source/mbed_gpio.o
    0x00002f3e   0x00000006   Code   RO        24432    .text.gpio_mode     BUILD/LPC1768/ARMC6/mbed-os/targets/TARGET_NXP/TARGET_LPC176X/gpio_api.o
    0x00002f44   0x00000040   Code   RO        24428    .text.gpio_set      BUILD/LPC1768/ARMC6/mbed-os/targets/TARGET_NXP/TARGET_LPC176X/gpio_api.o
    0x00002f84   0x00000026   Code   RO        21330    .text.hal_critical_section_enter  BUILD/LPC1768/ARMC6/mbed-os/hal/source/mbed_critical_section_api.o
    0x00002faa   0x00000002   PAD
    0x00002fac   0x00000080   Code   RO        21332    .text.hal_critical_section_exit  BUILD/LPC1768/ARMC6/mbed-os/hal/source/mbed_critical_section_api.o
    0x0000302c   0x0000002a   Code   RO        24629    .text.hal_deepsleep  BUILD/LPC1768/ARMC6/mbed-os/targets/TARGET_NXP/TARGET_LPC176X/sleep.o
    0x00003056   0x00000026   Code   RO        24627    .text.hal_sleep     BUILD/LPC1768/ARMC6/mbed-os/targets/TARGET_NXP/TARGET_LPC176X/sleep.o
    0x0000307c   0x00000108   Code   RO        22129    .text.handle_error  BUILD/LPC1768/ARMC6/mbed-os/platform/source/mbed_error.o
    0x00003184   0x00000028   Code   RO        22310    .text.isatty        BUILD/LPC1768/ARMC6/mbed-os/platform/source/mbed_retarget.o
    0x000031ac   0x00000032   Code   RO        22340    .text.lseek         BUILD/LPC1768/ARMC6/mbed-os/platform/source/mbed_retarget.o
    0x000031de   0x00000002   PAD
    0x000031e0   0x000000ec   Code   RO           20    .text.main          BUILD/LPC1768/ARMC6/main.o
    0x000032cc   0x0000001a   Code   RO        22003    .text.mbed_assert_internal  BUILD/LPC1768/ARMC6/mbed-os/platform/source/mbed_assert.o
    0x000032e6   0x00000002   PAD
    0x000032e8   0x00000006   Code   RO        22103    .text.mbed_die      BUILD/LPC1768/ARMC6/mbed-os/platform/source/mbed_board.o
    0x000032ee   0x00000002   PAD
    0x000032f0   0x0000003a   Code   RO        22151    .text.mbed_error    BUILD/LPC1768/ARMC6/mbed-os/platform/source/mbed_error.o
    0x0000332a   0x00000020   Code   RO        22105    .text.mbed_error_printf  BUILD/LPC1768/ARMC6/mbed-os/platform/source/mbed_board.o
    0x0000334a   0x00000002   PAD
    0x0000334c   0x00000052   Code   RO        22109    .text.mbed_error_puts  BUILD/LPC1768/ARMC6/mbed-os/platform/source/mbed_board.o
    0x0000339e   0x00000034   Code   RO        22107    .text.mbed_error_vprintf  BUILD/LPC1768/ARMC6/mbed-os/platform/source/mbed_board.o
    0x000033d2   0x00000002   PAD
    0x000033d4   0x00000100   Code   RO        21985    .text.mbed_fault_handler  BUILD/LPC1768/ARMC6/mbed-os/platform/source/TARGET_CORTEX_M/mbed_fault_handler.o
    0x000034d4   0x0000000c   Code   RO        22147    .text.mbed_get_error_in_progress  BUILD/LPC1768/ARMC6/mbed-os/platform/source/mbed_error.o
    0x000034e0   0x0000003e   Code   RO        22133    .text.mbed_halt_system  BUILD/LPC1768/ARMC6/mbed-os/platform/source/mbed_error.o
    0x0000351e   0x00000002   PAD
    0x00003520   0x00000038   Code   RO          632    .text.mbed_init     BUILD/LPC1768/ARMC6/mbed-os/cmsis/device/rtos/source/mbed_boot.o
    0x00003558   0x00000004   Code   RO        22179    .text.mbed_interface_connected  BUILD/LPC1768/ARMC6/mbed-os/platform/source/mbed_interface.o
    0x0000355c   0x00000022   Code   RO        22185    .text.mbed_interface_disconnect  BUILD/LPC1768/ARMC6/mbed-os/platform/source/mbed_interface.o
    0x0000357e   0x00000002   PAD
    0x00003580   0x00000608   Code   RO        22699    .text.mbed_minimal_formatted_string  BUILD/LPC1768/ARMC6/mbed-os/platform/source/minimal-printf/mbed_printf_implementation.o
    0x00003b88   0x00000170   Code   RO        22701    .text.mbed_minimal_formatted_string_integer  BUILD/LPC1768/ARMC6/mbed-os/platform/source/minimal-printf/mbed_printf_implementation.o
    0x00003cf8   0x00000046   Code   RO        22703    .text.mbed_minimal_putchar  BUILD/LPC1768/ARMC6/mbed-os/platform/source/minimal-printf/mbed_printf_implementation.o
    0x00003d3e   0x00000002   PAD
    0x00003d40   0x000000b0   Code   RO        21456    .text.mbed_mpu_init  BUILD/LPC1768/ARMC6/mbed-os/hal/source/mpu/mbed_mpu_v7m.o
    0x00003df0   0x00000004   Code   RO          648    .text.mbed_rtos_init  BUILD/LPC1768/ARMC6/mbed-os/cmsis/device/rtos/source/mbed_rtos_rtx.o
    0x00003df4   0x0000002c   Code   RO          652    .text.mbed_rtos_init_singleton_mutex  BUILD/LPC1768/ARMC6/mbed-os/cmsis/device/rtos/source/mbed_rtos_rtx.o
    0x00003e20   0x000000a8   Code   RO          650    .text.mbed_rtos_start  BUILD/LPC1768/ARMC6/mbed-os/cmsis/device/rtos/source/mbed_rtos_rtx.o
    0x00003ec8   0x0000001e   Code   RO          636    .text.mbed_start    BUILD/LPC1768/ARMC6/mbed-os/cmsis/device/rtos/source/mbed_boot.o
    0x00003ee6   0x0000001a   Code   RO          614    .text.mbed_toolchain_init  BUILD/LPC1768/ARMC6/mbed-os/cmsis/device/rtos/TOOLCHAIN_ARM_STD/mbed_boot_arm_std.o
    0x00003f00   0x000000be   Code   RO        22318    .text.open          BUILD/LPC1768/ARMC6/mbed-os/platform/source/mbed_retarget.o
    0x00003fbe   0x0000002e   Code   RO          110    .text.osDelay       BUILD/LPC1768/ARMC6/mbed-os/cmsis/CMSIS_5/CMSIS/RTOS2/RTX/Source/rtx_delay.o
    0x00003fec   0x00000032   Code   RO          194    .text.osKernelGetState  BUILD/LPC1768/ARMC6/mbed-os/cmsis/CMSIS_5/CMSIS/RTOS2/RTX/Source/rtx_kernel.o
    0x0000401e   0x0000002a   Code   RO          210    .text.osKernelGetTickCount  BUILD/LPC1768/ARMC6/mbed-os/cmsis/CMSIS_5/CMSIS/RTOS2/RTX/Source/rtx_kernel.o
    0x00004048   0x00000032   Code   RO          188    .text.osKernelInitialize  BUILD/LPC1768/ARMC6/mbed-os/cmsis/CMSIS_5/CMSIS/RTOS2/RTX/Source/rtx_kernel.o
    0x0000407a   0x0000002e   Code   RO          198    .text.osKernelStart  BUILD/LPC1768/ARMC6/mbed-os/cmsis/CMSIS_5/CMSIS/RTOS2/RTX/Source/rtx_kernel.o
    0x000040a8   0x0000007c   Code   RO          325    .text.osMessageQueueGet  BUILD/LPC1768/ARMC6/mbed-os/cmsis/CMSIS_5/CMSIS/RTOS2/RTX/Source/rtx_msgqueue.o
    0x00004124   0x00000084   Code   RO          323    .text.osMessageQueuePut  BUILD/LPC1768/ARMC6/mbed-os/cmsis/CMSIS_5/CMSIS/RTOS2/RTX/Source/rtx_msgqueue.o
    0x000041a8   0x0000002e   Code   RO          373    .text.osMutexAcquire  BUILD/LPC1768/ARMC6/mbed-os/cmsis/CMSIS_5/CMSIS/RTOS2/RTX/Source/rtx_mutex.o
    0x000041d6   0x0000002e   Code   RO          379    .text.osMutexDelete  BUILD/LPC1768/ARMC6/mbed-os/cmsis/CMSIS_5/CMSIS/RTOS2/RTX/Source/rtx_mutex.o
    0x00004204   0x00000032   Code   RO          369    .text.osMutexNew    BUILD/LPC1768/ARMC6/mbed-os/cmsis/CMSIS_5/CMSIS/RTOS2/RTX/Source/rtx_mutex.o
    0x00004236   0x0000002e   Code   RO          375    .text.osMutexRelease  BUILD/LPC1768/ARMC6/mbed-os/cmsis/CMSIS_5/CMSIS/RTOS2/RTX/Source/rtx_mutex.o
    0x00004264   0x000000fc   Code   RO          667    .text.osRtxErrorNotify  BUILD/LPC1768/ARMC6/mbed-os/cmsis/device/rtos/source/mbed_rtx_handlers.o
    0x00004360   0x00000004   Code   RO          665    .text.osRtxIdleThread  BUILD/LPC1768/ARMC6/mbed-os/cmsis/device/rtos/source/mbed_rtx_handlers.o
    0x00004364   0x00000016   Code   RO          186    .text.osRtxKernelErrorNotify  BUILD/LPC1768/ARMC6/mbed-os/cmsis/CMSIS_5/CMSIS/RTOS2/RTX/Source/rtx_kernel.o
    0x0000437a   0x00000002   PAD
    0x0000437c   0x00000086   Code   RO          263    .text.osRtxMemoryAlloc  BUILD/LPC1768/ARMC6/mbed-os/cmsis/CMSIS_5/CMSIS/RTOS2/RTX/Source/rtx_memory.o
    0x00004402   0x00000002   PAD
    0x00004404   0x0000004e   Code   RO          265    .text.osRtxMemoryFree  BUILD/LPC1768/ARMC6/mbed-os/cmsis/CMSIS_5/CMSIS/RTOS2/RTX/Source/rtx_memory.o
    0x00004452   0x00000038   Code   RO          261    .text.osRtxMemoryInit  BUILD/LPC1768/ARMC6/mbed-os/cmsis/CMSIS_5/CMSIS/RTOS2/RTX/Source/rtx_memory.o
    0x0000448a   0x0000003a   Code   RO          271    .text.osRtxMemoryPoolAlloc  BUILD/LPC1768/ARMC6/mbed-os/cmsis/CMSIS_5/CMSIS/RTOS2/RTX/Source/rtx_mempool.o
    0x000044c4   0x0000004a   Code   RO          273    .text.osRtxMemoryPoolFree  BUILD/LPC1768/ARMC6/mbed-os/cmsis/CMSIS_5/CMSIS/RTOS2/RTX/Source/rtx_mempool.o
    0x0000450e   0x00000002   PAD
    0x00004510   0x00000052   Code   RO          269    .text.osRtxMemoryPoolInit  BUILD/LPC1768/ARMC6/mbed-os/cmsis/CMSIS_5/CMSIS/RTOS2/RTX/Source/rtx_mempool.o
    0x00004562   0x000000d6   Code   RO          347    .text.osRtxMessageQueuePostProcess  BUILD/LPC1768/ARMC6/mbed-os/cmsis/CMSIS_5/CMSIS/RTOS2/RTX/Source/rtx_msgqueue.o
    0x00004638   0x0000002c   Code   RO          315    .text.osRtxMessageQueueTimerSetup  BUILD/LPC1768/ARMC6/mbed-os/cmsis/CMSIS_5/CMSIS/RTOS2/RTX/Source/rtx_msgqueue.o
    0x00004664   0x0000004a   Code   RO          365    .text.osRtxMutexOwnerRelease  BUILD/LPC1768/ARMC6/mbed-os/cmsis/CMSIS_5/CMSIS/RTOS2/RTX/Source/rtx_mutex.o
    0x000046ae   0x00000002   PAD
    0x000046b0   0x00000050   Code   RO          367    .text.osRtxMutexOwnerRestore  BUILD/LPC1768/ARMC6/mbed-os/cmsis/CMSIS_5/CMSIS/RTOS2/RTX/Source/rtx_mutex.o
    0x00004700   0x000000a4   Code   RO          425    .text.osRtxPendSV_Handler  BUILD/LPC1768/ARMC6/mbed-os/cmsis/CMSIS_5/CMSIS/RTOS2/RTX/Source/rtx_system.o
    0x000047a4   0x00000076   Code   RO          427    .text.osRtxPostProcess  BUILD/LPC1768/ARMC6/mbed-os/cmsis/CMSIS_5/CMSIS/RTOS2/RTX/Source/rtx_system.o
    0x0000481a   0x00000002   PAD
    0x0000481c   0x000000a2   Code   RO          455    .text.osRtxThreadDelayInsert  BUILD/LPC1768/ARMC6/mbed-os/cmsis/CMSIS_5/CMSIS/RTOS2/RTX/Source/rtx_thread.o
    0x000048be   0x00000046   Code   RO          451    .text.osRtxThreadDelayRemove  BUILD/LPC1768/ARMC6/mbed-os/cmsis/CMSIS_5/CMSIS/RTOS2/RTX/Source/rtx_thread.o
    0x00004904   0x000000a2   Code   RO          441    .text.osRtxThreadDelayTick  BUILD/LPC1768/ARMC6/mbed-os/cmsis/CMSIS_5/CMSIS/RTOS2/RTX/Source/rtx_thread.o
    0x000049a6   0x00000026   Code   RO          537    .text.osRtxThreadDestroy  BUILD/LPC1768/ARMC6/mbed-os/cmsis/CMSIS_5/CMSIS/RTOS2/RTX/Source/rtx_thread.o
    0x000049cc   0x000000f8   Code   RO          447    .text.osRtxThreadDispatch  BUILD/LPC1768/ARMC6/mbed-os/cmsis/CMSIS_5/CMSIS/RTOS2/RTX/Source/rtx_thread.o
    0x00004ac4   0x00000064   Code   RO          529    .text.osRtxThreadFree  BUILD/LPC1768/ARMC6/mbed-os/cmsis/CMSIS_5/CMSIS/RTOS2/RTX/Source/rtx_thread.o
    0x00004b28   0x00000020   Code   RO          535    .text.osRtxThreadJoinWakeup  BUILD/LPC1768/ARMC6/mbed-os/cmsis/CMSIS_5/CMSIS/RTOS2/RTX/Source/rtx_thread.o
    0x00004b48   0x00000012   Code   RO          433    .text.osRtxThreadListGet  BUILD/LPC1768/ARMC6/mbed-os/cmsis/CMSIS_5/CMSIS/RTOS2/RTX/Source/rtx_thread.o
    0x00004b5a   0x00000002   PAD
    0x00004b5c   0x0000002a   Code   RO          431    .text.osRtxThreadListPut  BUILD/LPC1768/ARMC6/mbed-os/cmsis/CMSIS_5/CMSIS/RTOS2/RTX/Source/rtx_thread.o
    0x00004b86   0x00000014   Code   RO          437    .text.osRtxThreadListRemove  BUILD/LPC1768/ARMC6/mbed-os/cmsis/CMSIS_5/CMSIS/RTOS2/RTX/Source/rtx_thread.o
    0x00004b9a   0x00000002   PAD
    0x00004b9c   0x00000046   Code   RO          435    .text.osRtxThreadListSort  BUILD/LPC1768/ARMC6/mbed-os/cmsis/CMSIS_5/CMSIS/RTOS2/RTX/Source/rtx_thread.o
    0x00004be2   0x0000002a   Code   RO          505    .text.osRtxThreadPostProcess  BUILD/LPC1768/ARMC6/mbed-os/cmsis/CMSIS_5/CMSIS/RTOS2/RTX/Source/rtx_thread.o
    0x00004c0c   0x0000003a   Code   RO          439    .text.osRtxThreadReadyPut  BUILD/LPC1768/ARMC6/mbed-os/cmsis/CMSIS_5/CMSIS/RTOS2/RTX/Source/rtx_thread.o
    0x00004c46   0x00000048   Code   RO          457    .text.osRtxThreadStartup  BUILD/LPC1768/ARMC6/mbed-os/cmsis/CMSIS_5/CMSIS/RTOS2/RTX/Source/rtx_thread.o
    0x00004c8e   0x00000010   Code   RO          445    .text.osRtxThreadSwitch  BUILD/LPC1768/ARMC6/mbed-os/cmsis/CMSIS_5/CMSIS/RTOS2/RTX/Source/rtx_thread.o
    0x00004c9e   0x00000048   Code   RO          453    .text.osRtxThreadWaitEnter  BUILD/LPC1768/ARMC6/mbed-os/cmsis/CMSIS_5/CMSIS/RTOS2/RTX/Source/rtx_thread.o
    0x00004ce6   0x00000002   PAD
    0x00004ce8   0x00000052   Code   RO          449    .text.osRtxThreadWaitExit  BUILD/LPC1768/ARMC6/mbed-os/cmsis/CMSIS_5/CMSIS/RTOS2/RTX/Source/rtx_thread.o
    0x00004d3a   0x0000007a   Code   RO          423    .text.osRtxTick_Handler  BUILD/LPC1768/ARMC6/mbed-os/cmsis/CMSIS_5/CMSIS/RTOS2/RTX/Source/rtx_system.o
    0x00004db4   0x00000024   Code   RO          555    .text.osRtxTimerSetup  BUILD/LPC1768/ARMC6/mbed-os/cmsis/CMSIS_5/CMSIS/RTOS2/RTX/Source/rtx_timer.o
    0x00004dd8   0x00000022   Code   RO          559    .text.osRtxTimerThread  BUILD/LPC1768/ARMC6/mbed-os/cmsis/CMSIS_5/CMSIS/RTOS2/RTX/Source/rtx_timer.o
    0x00004dfa   0x00000002   PAD
    0x00004dfc   0x00000078   Code   RO          557    .text.osRtxTimerTick  BUILD/LPC1768/ARMC6/mbed-os/cmsis/CMSIS_5/CMSIS/RTOS2/RTX/Source/rtx_timer.o
    0x00004e74   0x0000001a   Code   RO          489    .text.osThreadExit  BUILD/LPC1768/ARMC6/mbed-os/cmsis/CMSIS_5/CMSIS/RTOS2/RTX/Source/rtx_thread.o
    0x00004e8e   0x0000002a   Code   RO          465    .text.osThreadGetId  BUILD/LPC1768/ARMC6/mbed-os/cmsis/CMSIS_5/CMSIS/RTOS2/RTX/Source/rtx_thread.o
    0x00004eb8   0x00000032   Code   RO          461    .text.osThreadNew   BUILD/LPC1768/ARMC6/mbed-os/cmsis/CMSIS_5/CMSIS/RTOS2/RTX/Source/rtx_thread.o
    0x00004eea   0x00000058   Code   RO        24496    .text.pin_function  BUILD/LPC1768/ARMC6/mbed-os/targets/TARGET_NXP/TARGET_LPC176X/pinmap.o
    0x00004f42   0x0000007e   Code   RO        24498    .text.pin_mode      BUILD/LPC1768/ARMC6/mbed-os/targets/TARGET_NXP/TARGET_LPC176X/pinmap.o
    0x00004fc0   0x00000020   Code   RO        21373    .text.pinmap_find_peripheral  BUILD/LPC1768/ARMC6/mbed-os/hal/source/mbed_pinmap_common.o
    0x00004fe0   0x00000044   Code   RO        21371    .text.pinmap_merge  BUILD/LPC1768/ARMC6/mbed-os/hal/source/mbed_pinmap_common.o
    0x00005024   0x0000006c   Code   RO        21375    .text.pinmap_peripheral  BUILD/LPC1768/ARMC6/mbed-os/hal/source/mbed_pinmap_common.o
    0x00005090   0x00000068   Code   RO        21369    .text.pinmap_pinout  BUILD/LPC1768/ARMC6/mbed-os/hal/source/mbed_pinmap_common.o
    0x000050f8   0x00000170   Code   RO        21987    .text.print_context_info  BUILD/LPC1768/ARMC6/mbed-os/platform/source/TARGET_CORTEX_M/mbed_fault_handler.o
    0x00005268   0x000001f0   Code   RO        22131    .text.print_error_report  BUILD/LPC1768/ARMC6/mbed-os/platform/source/mbed_error.o
    0x00005458   0x0000000e   Code   RO          701    .text.rtos_idle_loop  BUILD/LPC1768/ARMC6/mbed-os/cmsis/device/rtos/source/mbed_rtx_idle.o
    0x00005466   0x00000010   Code   RO        22533    .text.semihost_connected  BUILD/LPC1768/ARMC6/mbed-os/platform/source/mbed_semihost_api.o
    0x00005476   0x0000000e   Code   RO        22535    .text.semihost_disabledebug  BUILD/LPC1768/ARMC6/mbed-os/platform/source/mbed_semihost_api.o
    0x00005484   0x0000000c   Code   RO        22523    .text.semihost_exit  BUILD/LPC1768/ARMC6/mbed-os/platform/source/mbed_semihost_api.o
    0x00005490   0x000001f4   Code   RO        24570    .text.serial_baud   BUILD/LPC1768/ARMC6/mbed-os/targets/TARGET_NXP/TARGET_LPC176X/serial_api.o
    0x00005684   0x00000036   Code   RO        24592    .text.serial_getc   BUILD/LPC1768/ARMC6/mbed-os/targets/TARGET_NXP/TARGET_LPC176X/serial_api.o
    0x000056ba   0x00000002   PAD
    0x000056bc   0x00000190   Code   RO        24568    .text.serial_init   BUILD/LPC1768/ARMC6/mbed-os/targets/TARGET_NXP/TARGET_LPC176X/serial_api.o
    0x0000584c   0x0000000a   Code   RO        21477    .text.serial_init_direct  BUILD/LPC1768/ARMC6/mbed-os/hal/source/static_pinmap.o
    0x00005856   0x0000010e   Code   RO        24590    .text.serial_irq_set_internal  BUILD/LPC1768/ARMC6/mbed-os/targets/TARGET_NXP/TARGET_LPC176X/serial_api.o
    0x00005964   0x00000034   Code   RO        24596    .text.serial_putc   BUILD/LPC1768/ARMC6/mbed-os/targets/TARGET_NXP/TARGET_LPC176X/serial_api.o
    0x00005998   0x0000000a   Code   RO        24594    .text.serial_readable  BUILD/LPC1768/ARMC6/mbed-os/targets/TARGET_NXP/TARGET_LPC176X/serial_api.o
    0x000059a2   0x00000128   Code   RO        24574    .text.serial_set_flow_control  BUILD/LPC1768/ARMC6/mbed-os/targets/TARGET_NXP/TARGET_LPC176X/serial_api.o
    0x00005aca   0x00000050   Code   RO        24598    .text.serial_writable  BUILD/LPC1768/ARMC6/mbed-os/targets/TARGET_NXP/TARGET_LPC176X/serial_api.o
    0x00005b1a   0x00000002   PAD
    0x00005b1c   0x00000060   Code   RO        22269    .text.sleep_manager_lock_deep_sleep_internal  BUILD/LPC1768/ARMC6/mbed-os/platform/source/mbed_power_mgmt.o
    0x00005b7c   0x00000024   Code   RO        22277    .text.sleep_manager_sleep_auto  BUILD/LPC1768/ARMC6/mbed-os/platform/source/mbed_power_mgmt.o
    0x00005ba0   0x00000064   Code   RO        22271    .text.sleep_manager_unlock_deep_sleep_internal  BUILD/LPC1768/ARMC6/mbed-os/platform/source/mbed_power_mgmt.o
    0x00005c04   0x00000026   Code   RO          114    .text.svcRtxDelay   BUILD/LPC1768/ARMC6/mbed-os/cmsis/CMSIS_5/CMSIS/RTOS2/RTX/Source/rtx_delay.o
    0x00005c2a   0x0000000c   Code   RO          196    .text.svcRtxKernelGetState  BUILD/LPC1768/ARMC6/mbed-os/cmsis/CMSIS_5/CMSIS/RTOS2/RTX/Source/rtx_kernel.o
    0x00005c36   0x0000000c   Code   RO          212    .text.svcRtxKernelGetTickCount  BUILD/LPC1768/ARMC6/mbed-os/cmsis/CMSIS_5/CMSIS/RTOS2/RTX/Source/rtx_kernel.o
    0x00005c42   0x00000148   Code   RO          226    .text.svcRtxKernelInitialize  BUILD/LPC1768/ARMC6/mbed-os/cmsis/CMSIS_5/CMSIS/RTOS2/RTX/Source/rtx_kernel.o
    0x00005d8a   0x000000a8   Code   RO          228    .text.svcRtxKernelStart  BUILD/LPC1768/ARMC6/mbed-os/cmsis/CMSIS_5/CMSIS/RTOS2/RTX/Source/rtx_kernel.o
    0x00005e32   0x000000f6   Code   RO          357    .text.svcRtxMessageQueueGet  BUILD/LPC1768/ARMC6/mbed-os/cmsis/CMSIS_5/CMSIS/RTOS2/RTX/Source/rtx_msgqueue.o
    0x00005f28   0x00000150   Code   RO          317    .text.svcRtxMessageQueueNew  BUILD/LPC1768/ARMC6/mbed-os/cmsis/CMSIS_5/CMSIS/RTOS2/RTX/Source/rtx_msgqueue.o
    0x00006078   0x000000c0   Code   RO          353    .text.svcRtxMessageQueuePut  BUILD/LPC1768/ARMC6/mbed-os/cmsis/CMSIS_5/CMSIS/RTOS2/RTX/Source/rtx_msgqueue.o
    0x00006138   0x000000b0   Code   RO          385    .text.svcRtxMutexAcquire  BUILD/LPC1768/ARMC6/mbed-os/cmsis/CMSIS_5/CMSIS/RTOS2/RTX/Source/rtx_mutex.o
    0x000061e8   0x000000b6   Code   RO          391    .text.svcRtxMutexDelete  BUILD/LPC1768/ARMC6/mbed-os/cmsis/CMSIS_5/CMSIS/RTOS2/RTX/Source/rtx_mutex.o
    0x0000629e   0x00000078   Code   RO          381    .text.svcRtxMutexNew  BUILD/LPC1768/ARMC6/mbed-os/cmsis/CMSIS_5/CMSIS/RTOS2/RTX/Source/rtx_mutex.o
    0x00006316   0x00000002   PAD
    0x00006318   0x000000d2   Code   RO          387    .text.svcRtxMutexRelease  BUILD/LPC1768/ARMC6/mbed-os/cmsis/CMSIS_5/CMSIS/RTOS2/RTX/Source/rtx_mutex.o
    0x000063ea   0x00000052   Code   RO          533    .text.svcRtxThreadExit  BUILD/LPC1768/ARMC6/mbed-os/cmsis/CMSIS_5/CMSIS/RTOS2/RTX/Source/rtx_thread.o
    0x0000643c   0x0000000c   Code   RO          467    .text.svcRtxThreadGetId  BUILD/LPC1768/ARMC6/mbed-os/cmsis/CMSIS_5/CMSIS/RTOS2/RTX/Source/rtx_thread.o
    0x00006448   0x00000220   Code   RO          459    .text.svcRtxThreadNew  BUILD/LPC1768/ARMC6/mbed-os/cmsis/CMSIS_5/CMSIS/RTOS2/RTX/Source/rtx_thread.o
    0x00006668   0x0000002a   Code   RO          671    .text.trap_rtx_error  BUILD/LPC1768/ARMC6/mbed-os/cmsis/device/rtos/source/mbed_rtx_handlers.o
    0x00006692   0x00000066   Code   RO        24578    .text.uart0_irq     BUILD/LPC1768/ARMC6/mbed-os/targets/TARGET_NXP/TARGET_LPC176X/serial_api.o
    0x000066f8   0x00000064   Code   RO        24580    .text.uart1_irq     BUILD/LPC1768/ARMC6/mbed-os/targets/TARGET_NXP/TARGET_LPC176X/serial_api.o
    0x0000675c   0x00000068   Code   RO        24582    .text.uart2_irq     BUILD/LPC1768/ARMC6/mbed-os/targets/TARGET_NXP/TARGET_LPC176X/serial_api.o
    0x000067c4   0x00000070   Code   RO        24584    .text.uart3_irq     BUILD/LPC1768/ARMC6/mbed-os/targets/TARGET_NXP/TARGET_LPC176X/serial_api.o
    0x00006834   0x00000032   Code   RO        22326    .text.write         BUILD/LPC1768/ARMC6/mbed-os/platform/source/mbed_retarget.o
    0x00006866   0x0000001a   Code   RO        24899    i.fputc             /home/aidan/.config/Mbed Studio/mbed-studio-tools/ac6/bin/../lib/armlib/c_w.l(fputc.o)
    0x00006880   0x00000150   Code   RO        25012    x$fpl$dadd          /home/aidan/.config/Mbed Studio/mbed-studio-tools/ac6/bin/../lib/armlib/fz_ws.l(daddsub_clz.o)
    0x000069d0   0x00000018   Code   RO        25790    x$fpl$dcmpinf       /home/aidan/.config/Mbed Studio/mbed-studio-tools/ac6/bin/../lib/armlib/fz_ws.l(dcmpi.o)
    0x000069e8   0x00000078   Code   RO        25347    x$fpl$deqf          /home/aidan/.config/Mbed Studio/mbed-studio-tools/ac6/bin/../lib/armlib/fz_ws.l(deqf.o)
    0x00006a60   0x0000005e   Code   RO        25024    x$fpl$dfix          /home/aidan/.config/Mbed Studio/mbed-studio-tools/ac6/bin/../lib/armlib/fz_ws.l(dfix.o)
    0x00006abe   0x00000002   PAD
    0x00006ac0   0x000000a2   Code   RO        25042    x$fpl$dfltll        /home/aidan/.config/Mbed Studio/mbed-studio-tools/ac6/bin/../lib/armlib/fz_ws.l(dfltll_clz.o)
    0x00006b62   0x00000002   PAD
    0x00006b64   0x00000078   Code   RO        25349    x$fpl$dgeqf         /home/aidan/.config/Mbed Studio/mbed-studio-tools/ac6/bin/../lib/armlib/fz_ws.l(dgeqf.o)
    0x00006bdc   0x00000078   Code   RO        25351    x$fpl$dleqf         /home/aidan/.config/Mbed Studio/mbed-studio-tools/ac6/bin/../lib/armlib/fz_ws.l(dleqf.o)
    0x00006c54   0x00000154   Code   RO        25046    x$fpl$dmul          /home/aidan/.config/Mbed Studio/mbed-studio-tools/ac6/bin/../lib/armlib/fz_ws.l(dmul.o)
    0x00006da8   0x0000009c   Code   RO        25353    x$fpl$dnaninf       /home/aidan/.config/Mbed Studio/mbed-studio-tools/ac6/bin/../lib/armlib/fz_ws.l(dnaninf.o)
    0x00006e44   0x0000000c   Code   RO        25355    x$fpl$dretinf       /home/aidan/.config/Mbed Studio/mbed-studio-tools/ac6/bin/../lib/armlib/fz_ws.l(dretinf.o)
    0x00006e50   0x000001dc   Code   RO        25014    x$fpl$dsub          /home/aidan/.config/Mbed Studio/mbed-studio-tools/ac6/bin/../lib/armlib/fz_ws.l(daddsub_clz.o)
    0x0000702c   0x00000056   Code   RO        25048    x$fpl$f2d           /home/aidan/.config/Mbed Studio/mbed-studio-tools/ac6/bin/../lib/armlib/fz_ws.l(f2d.o)
    0x00007082   0x00000002   PAD
    0x00007084   0x000000c4   Code   RO        25050    x$fpl$fadd          /home/aidan/.config/Mbed Studio/mbed-studio-tools/ac6/bin/../lib/armlib/fz_ws.l(faddsub_clz.o)
    0x00007148   0x00000054   Code   RO        25018    x$fpl$fcmp          /home/aidan/.config/Mbed Studio/mbed-studio-tools/ac6/bin/../lib/armlib/fz_ws.l(dcmp.o)
    0x0000719c   0x00000054   Code   RO        25056    x$fpl$fcmp          /home/aidan/.config/Mbed Studio/mbed-studio-tools/ac6/bin/../lib/armlib/fz_ws.l(fcmp.o)
    0x000071f0   0x00000018   Code   RO        25792    x$fpl$fcmpinf       /home/aidan/.config/Mbed Studio/mbed-studio-tools/ac6/bin/../lib/armlib/fz_ws.l(fcmpi.o)
    0x00007208   0x00000184   Code   RO        25059    x$fpl$fdiv          /home/aidan/.config/Mbed Studio/mbed-studio-tools/ac6/bin/../lib/armlib/fz_ws.l(fdiv.o)
    0x0000738c   0x00000068   Code   RO        25361    x$fpl$feqf          /home/aidan/.config/Mbed Studio/mbed-studio-tools/ac6/bin/../lib/armlib/fz_ws.l(feqf.o)
    0x000073f4   0x00000036   Code   RO        25062    x$fpl$ffix          /home/aidan/.config/Mbed Studio/mbed-studio-tools/ac6/bin/../lib/armlib/fz_ws.l(ffix.o)
    0x0000742a   0x00000002   PAD
    0x0000742c   0x00000030   Code   RO        25071    x$fpl$fflt          /home/aidan/.config/Mbed Studio/mbed-studio-tools/ac6/bin/../lib/armlib/fz_ws.l(fflt_clz.o)
    0x0000745c   0x00000060   Code   RO        25076    x$fpl$ffltll        /home/aidan/.config/Mbed Studio/mbed-studio-tools/ac6/bin/../lib/armlib/fz_ws.l(ffltll_clz.o)
    0x000074bc   0x00000026   Code   RO        25070    x$fpl$ffltu         /home/aidan/.config/Mbed Studio/mbed-studio-tools/ac6/bin/../lib/armlib/fz_ws.l(fflt_clz.o)
    0x000074e2   0x00000002   PAD
    0x000074e4   0x00000068   Code   RO        25363    x$fpl$fgeqf         /home/aidan/.config/Mbed Studio/mbed-studio-tools/ac6/bin/../lib/armlib/fz_ws.l(fgeqf.o)
    0x0000754c   0x00000068   Code   RO        25365    x$fpl$fleqf         /home/aidan/.config/Mbed Studio/mbed-studio-tools/ac6/bin/../lib/armlib/fz_ws.l(fleqf.o)
    0x000075b4   0x00000102   Code   RO        25078    x$fpl$fmul          /home/aidan/.config/Mbed Studio/mbed-studio-tools/ac6/bin/../lib/armlib/fz_ws.l(fmul.o)
    0x000076b6   0x0000008c   Code   RO        25367    x$fpl$fnaninf       /home/aidan/.config/Mbed Studio/mbed-studio-tools/ac6/bin/../lib/armlib/fz_ws.l(fnaninf.o)
    0x00007742   0x0000000a   Code   RO        25369    x$fpl$fretinf       /home/aidan/.config/Mbed Studio/mbed-studio-tools/ac6/bin/../lib/armlib/fz_ws.l(fretinf.o)
    0x0000774c   0x000000ea   Code   RO        25052    x$fpl$fsub          /home/aidan/.config/Mbed Studio/mbed-studio-tools/ac6/bin/../lib/armlib/fz_ws.l(faddsub_clz.o)
    0x00007836   0x00000002   PAD
    0x00007838   0x000000c2   Code   RO        25028    x$fpl$llsfromd      /home/aidan/.config/Mbed Studio/mbed-studio-tools/ac6/bin/../lib/armlib/fz_ws.l(dfixll.o)
    0x000078fa   0x00000000   Code   RO        25373    x$fpl$usenofp       /home/aidan/.config/Mbed Studio/mbed-studio-tools/ac6/bin/../lib/armlib/fz_ws.l(usenofp.o)
    0x000078fa   0x00000002   PAD
    0x000078fc   0x000000a8   Data   RO          250    .rodata             BUILD/LPC1768/ARMC6/mbed-os/cmsis/CMSIS_5/CMSIS/RTOS2/RTX/Source/rtx_lib.o
    0x000079a4   0x00000010   Data   RO          659    .rodata..L__const.mbed_rtos_init_singleton_mutex.singleton_mutex_attr  BUILD/LPC1768/ARMC6/mbed-os/cmsis/device/rtos/source/mbed_rtos_rtx.o
    0x000079b4   0x0000006c   Data   RO        24329    .rodata.PinMap_ADC  BUILD/LPC1768/ARMC6/mbed-os/targets/TARGET_NXP/TARGET_LPC176X/analogin_api.o
    0x00007a20   0x00000018   Data   RO        24346    .rodata.PinMap_DAC  BUILD/LPC1768/ARMC6/mbed-os/targets/TARGET_NXP/TARGET_LPC176X/analogout_api.o
    0x00007a38   0x00000024   Data   RO        24624    .rodata.PinMap_UART_CTS  BUILD/LPC1768/ARMC6/mbed-os/targets/TARGET_NXP/TARGET_LPC176X/serial_api.o
    0x00007a5c   0x00000024   Data   RO        24623    .rodata.PinMap_UART_RTS  BUILD/LPC1768/ARMC6/mbed-os/targets/TARGET_NXP/TARGET_LPC176X/serial_api.o
    0x00007a80   0x0000006c   Data   RO        24618    .rodata.PinMap_UART_RX  BUILD/LPC1768/ARMC6/mbed-os/targets/TARGET_NXP/TARGET_LPC176X/serial_api.o
    0x00007aec   0x0000006c   Data   RO        24617    .rodata.PinMap_UART_TX  BUILD/LPC1768/ARMC6/mbed-os/targets/TARGET_NXP/TARGET_LPC176X/serial_api.o
    0x00007b58   0x00000050   Data   RO        22450    .rodata._ZTV12DirectSerial  BUILD/LPC1768/ARMC6/mbed-os/platform/source/mbed_retarget.o
    0x00007ba8   0x00000018   Data   RO        18924    .rodata._ZTVN4mbed8AnalogInE  BUILD/LPC1768/ARMC6/mbed-os/drivers/source/AnalogIn.o
    0x00007bc0   0x00000018   Data   RO           55    .rodata._ZTVN4mbed9AnalogOutE  BUILD/LPC1768/ARMC6/main.o
    0x00007bd8   0x00000018   Data   RO        22460    .rodata._ZZL15default_consolevE14console_pinmap  BUILD/LPC1768/ARMC6/mbed-os/platform/source/mbed_retarget.o
    0x00007bf0   0x00000008   Data   RO        22446    .rodata.__stderr_name  BUILD/LPC1768/ARMC6/mbed-os/platform/source/mbed_retarget.o
    0x00007bf8   0x00000007   Data   RO        22444    .rodata.__stdin_name  BUILD/LPC1768/ARMC6/mbed-os/platform/source/mbed_retarget.o
    0x00007bff   0x00000008   Data   RO        22445    .rodata.__stdout_name  BUILD/LPC1768/ARMC6/mbed-os/platform/source/mbed_retarget.o
    0x00007c07   0x00000001   PAD
    0x00007c08   0x00000004   Data   RO          252    .rodata.osRtxUserSVC  BUILD/LPC1768/ARMC6/mbed-os/cmsis/CMSIS_5/CMSIS/RTOS2/RTX/Source/rtx_lib.o
    0x00007c0c   0x00000024   Data   RO          247    .rodata.os_idle_thread_attr  BUILD/LPC1768/ARMC6/mbed-os/cmsis/CMSIS_5/CMSIS/RTOS2/RTX/Source/rtx_lib.o
    0x00007c30   0x00000018   Data   RO          249    .rodata.os_timer_mq_attr  BUILD/LPC1768/ARMC6/mbed-os/cmsis/CMSIS_5/CMSIS/RTOS2/RTX/Source/rtx_lib.o
    0x00007c48   0x00000024   Data   RO          248    .rodata.os_timer_thread_attr  BUILD/LPC1768/ARMC6/mbed-os/cmsis/CMSIS_5/CMSIS/RTOS2/RTX/Source/rtx_lib.o
    0x00007c6c   0x00000013   Data   RO          253    .rodata.str1.1      BUILD/LPC1768/ARMC6/mbed-os/cmsis/CMSIS_5/CMSIS/RTOS2/RTX/Source/rtx_lib.o
    0x00007c7f   0x00000010   Data   RO          657    .rodata.str1.1      BUILD/LPC1768/ARMC6/mbed-os/cmsis/device/rtos/source/mbed_rtos_rtx.o
    0x00007c8f   0x00000138   Data   RO          694    .rodata.str1.1      BUILD/LPC1768/ARMC6/mbed-os/cmsis/device/rtos/source/mbed_rtx_handlers.o
    0x00007dc7   0x00000056   Data   RO        18291    .rodata.str1.1      BUILD/LPC1768/ARMC6/mbed-os/connectivity/netsocket/source/nsapi_dns.o
    0x00007e1d   0x00000052   Data   RO        21359    .rodata.str1.1      BUILD/LPC1768/ARMC6/mbed-os/hal/source/mbed_gpio.o
    0x00007e6f   0x000000c8   Data   RO        21991    .rodata.str1.1      BUILD/LPC1768/ARMC6/mbed-os/platform/source/TARGET_CORTEX_M/mbed_fault_handler.o
    0x00007f37   0x00000155   Data   RO        22175    .rodata.str1.1      BUILD/LPC1768/ARMC6/mbed-os/platform/source/mbed_error.o
    0x0000808c   0x00000063   Data   RO        22454    .rodata.str1.1      BUILD/LPC1768/ARMC6/mbed-os/platform/source/mbed_retarget.o
    0x000080ef   0x00000012   Data   RO        22822    .rodata.str1.1      BUILD/LPC1768/ARMC6/mbed-os/rtos/source/Mutex.o
    0x00008101   0x00000034   Data   RO        22890    .rodata.str1.1      BUILD/LPC1768/ARMC6/mbed-os/rtos/source/ThisThread.o
    0x00008135   0x00000037   Data   RO        24436    .rodata.str1.1      BUILD/LPC1768/ARMC6/mbed-os/targets/TARGET_NXP/TARGET_LPC176X/gpio_api.o
    0x0000816c   0x00000035   Data   RO        24500    .rodata.str1.1      BUILD/LPC1768/ARMC6/mbed-os/targets/TARGET_NXP/TARGET_LPC176X/pinmap.o
    0x000081a1   0x00000039   Data   RO        24619    .rodata.str1.1      BUILD/LPC1768/ARMC6/mbed-os/targets/TARGET_NXP/TARGET_LPC176X/serial_api.o
    0x000081da   0x00000002   PAD
    0x000081dc   0x0000000b   Data   RO          240    .rodata.str1.4      BUILD/LPC1768/ARMC6/mbed-os/cmsis/CMSIS_5/CMSIS/RTOS2/RTX/Source/rtx_kernel.o
    0x000081e7   0x00000001   PAD
    0x000081e8   0x00000020   Data   RO        25978    Region$$Table       anon$$obj.o
    0x00008208   0x00000004   Data   RO           41    .init_array         BUILD/LPC1768/ARMC6/main.o
    0x0000820c   0x00000000   Data   RO        25007    .init_array         /home/aidan/.config/Mbed Studio/mbed-studio-tools/ac6/bin/../lib/armlib/c_w.l(init_aeabi.o)


    Execution Region RW_IRAM1 (Base: 0x100000c8, Size: 0x00001f40, Max: 0x00007f18, ABSOLUTE)

    Base Addr    Size         Type   Attr      Idx    E Section Name        Object

    0x100000c8   0x00000004   Data   RW        24923    .data               /home/aidan/.config/Mbed Studio/mbed-studio-tools/ac6/bin/../lib/armlib/c_w.l(stdio_streams.o)
    0x100000cc   0x00000004   Data   RW        24924    .data               /home/aidan/.config/Mbed Studio/mbed-studio-tools/ac6/bin/../lib/armlib/c_w.l(stdio_streams.o)
    0x100000d0   0x00000004   Data   RW        24925    .data               /home/aidan/.config/Mbed Studio/mbed-studio-tools/ac6/bin/../lib/armlib/c_w.l(stdio_streams.o)
    0x100000d4   0x00000004   Data   RW        25266    .data               /home/aidan/.config/Mbed Studio/mbed-studio-tools/ac6/bin/../lib/armlib/c_w.l(streamlock.o)
    0x100000d8   0x00000004   Data   RW        24425    .data.SystemCoreClock  BUILD/LPC1768/ARMC6/mbed-os/targets/TARGET_NXP/TARGET_LPC176X/device/system_LPC17xx.o
    0x100000dc   0x00000040   Data   RW        22459    .data._ZL11filehandles  BUILD/LPC1768/ARMC6/mbed-os/platform/source/mbed_retarget.o
    0x1000011c   0x00000004   Data   RW          703    .data._ZL14idle_hook_fptr  BUILD/LPC1768/ARMC6/mbed-os/cmsis/device/rtos/source/mbed_rtx_idle.o
    0x10000120   0x00000004   Data   RW           29    .data.inRange       BUILD/LPC1768/ARMC6/main.o
    0x10000124   0x00000004   Data   RW           28    .data.inertia       BUILD/LPC1768/ARMC6/main.o
    0x10000128   0x000000a4   Data   RW          241    .data.os            BUILD/LPC1768/ARMC6/mbed-os/cmsis/CMSIS_5/CMSIS/RTOS2/RTX/Source/rtx_kernel.o
    0x100001cc   0x00000004   Data   RW           37    .data.outMax        BUILD/LPC1768/ARMC6/main.o
    0x100001d0   0x00000004   Data   RW           27    .data.slickness     BUILD/LPC1768/ARMC6/main.o
    0x100001d4   0x00000004   Data   RW           30    .data.zeroMagnetism  BUILD/LPC1768/ARMC6/main.o
    0x100001d8   0x00000054   Zero   RW        24920    .bss                /home/aidan/.config/Mbed Studio/mbed-studio-tools/ac6/bin/../lib/armlib/c_w.l(stdio_streams.o)
    0x1000022c   0x00000054   Zero   RW        24921    .bss                /home/aidan/.config/Mbed Studio/mbed-studio-tools/ac6/bin/../lib/armlib/c_w.l(stdio_streams.o)
    0x10000280   0x00000054   Zero   RW        24922    .bss                /home/aidan/.config/Mbed Studio/mbed-studio-tools/ac6/bin/../lib/armlib/c_w.l(stdio_streams.o)
    0x100002d4   0x00000060   Zero   RW        25190    .bss                /home/aidan/.config/Mbed Studio/mbed-studio-tools/ac6/bin/../lib/armlib/c_w.l(libspace.o)
    0x10000334   0x00000004   Zero   RW        22462    .bss._ZGVZL15default_consolevE7console  BUILD/LPC1768/ARMC6/mbed-os/platform/source/mbed_retarget.o
    0x10000338   0x00000010   Zero   RW        22452    .bss._ZL13stdio_in_prev  BUILD/LPC1768/ARMC6/mbed-os/platform/source/mbed_retarget.o
    0x10000348   0x00000010   Zero   RW        22453    .bss._ZL14stdio_out_prev  BUILD/LPC1768/ARMC6/mbed-os/platform/source/mbed_retarget.o
    0x10000358   0x00000028   Zero   RW        22449    .bss._ZL16filehandle_mutex  BUILD/LPC1768/ARMC6/mbed-os/platform/source/mbed_retarget.o
    0x10000380   0x00000028   Zero   RW        18914    .bss._ZN4mbed8AnalogIn6_mutexE  BUILD/LPC1768/ARMC6/mbed-os/drivers/source/AnalogIn.o
    0x100003a8   0x00000004   Zero   RW        21672    .bss._ZN4mbed8FileBase5_headE  BUILD/LPC1768/ARMC6/mbed-os/platform/source/FileBase.o
    0x100003ac   0x00000028   Zero   RW        21673    .bss._ZN4mbed8FileBase6_mutexE  BUILD/LPC1768/ARMC6/mbed-os/platform/source/FileBase.o
    0x100003d4   0x00000004   Zero   RW        21674    .bss._ZN4mbed8FileBase8_defaultE  BUILD/LPC1768/ARMC6/mbed-os/platform/source/FileBase.o
    0x100003d8   0x00000004   Zero   RW        22461    .bss._ZZL15default_consolevE7console  BUILD/LPC1768/ARMC6/mbed-os/platform/source/mbed_retarget.o
    0x100003dc   0x00000004   Zero   RW        22794    .bss._ZZN4rtos6Kernel4impl14get_tick_countEvE6tick_h  BUILD/LPC1768/ARMC6/mbed-os/rtos/source/Kernel.o
    0x100003e0   0x00000004   Zero   RW        22795    .bss._ZZN4rtos6Kernel4impl14get_tick_countEvE6tick_l  BUILD/LPC1768/ARMC6/mbed-os/rtos/source/Kernel.o
    0x100003e4   0x00000004   PAD
    0x100003e8   0x00001000   Zero   RW          654    .bss._main_stack    BUILD/LPC1768/ARMC6/mbed-os/cmsis/device/rtos/source/mbed_rtos_rtx.o
    0x100013e8   0x00000024   Zero   RW          655    .bss._main_thread_attr  BUILD/LPC1768/ARMC6/mbed-os/cmsis/device/rtos/source/mbed_rtos_rtx.o
    0x1000140c   0x00000020   Zero   RW          627    .bss._static_mutexes  BUILD/LPC1768/ARMC6/mbed-os/cmsis/device/rtos/TOOLCHAIN_ARM_STD/mbed_boot_arm_std.o
    0x1000142c   0x000000e0   Zero   RW          628    .bss._static_mutexes_mem  BUILD/LPC1768/ARMC6/mbed-os/cmsis/device/rtos/TOOLCHAIN_ARM_STD/mbed_boot_arm_std.o
    0x1000150c   0x00000001   Zero   RW        21337    .bss.critical_interrupts_enabled  BUILD/LPC1768/ARMC6/mbed-os/hal/source/mbed_critical_section_api.o
    0x1000150d   0x00000003   PAD
    0x10001510   0x00000004   Zero   RW        22124    .bss.critical_section_reentrancy_counter  BUILD/LPC1768/ARMC6/mbed-os/platform/source/mbed_critical.o
    0x10001514   0x00000002   Zero   RW        22279    .bss.deep_sleep_lock  BUILD/LPC1768/ARMC6/mbed-os/platform/source/mbed_power_mgmt.o
    0x10001516   0x00000002   PAD
    0x10001518   0x00000004   Zero   RW        22172    .bss.error_count    BUILD/LPC1768/ARMC6/mbed-os/platform/source/mbed_error.o
    0x1000151c   0x00000004   Zero   RW        22173    .bss.error_hook     BUILD/LPC1768/ARMC6/mbed-os/platform/source/mbed_error.o
    0x10001520   0x00000034   Zero   RW        22171    .bss.first_error_ctx  BUILD/LPC1768/ARMC6/mbed-os/platform/source/mbed_error.o
    0x10001554   0x0000000c   Zero   RW           24    .bss.fromAmp        BUILD/LPC1768/ARMC6/main.o
    0x10001560   0x00000018   Zero   RW           26    .bss.fromMaster     BUILD/LPC1768/ARMC6/main.o
    0x10001578   0x00000001   Zero   RW           39    .bss.fromMasterPrior  BUILD/LPC1768/ARMC6/main.o
    0x10001579   0x00000001   Zero   RW        22174    .bss.halt_in_progress  BUILD/LPC1768/ARMC6/mbed-os/platform/source/mbed_error.o
    0x1000157a   0x00000002   PAD
    0x1000157c   0x00000004   Zero   RW           33    .bss.inMax          BUILD/LPC1768/ARMC6/main.o
    0x10001580   0x00000004   Zero   RW           34    .bss.inMin          BUILD/LPC1768/ARMC6/main.o
    0x10001584   0x00000004   Zero   RW           31    .bss.inOffsetFromZero  BUILD/LPC1768/ARMC6/main.o
    0x10001588   0x00000004   Zero   RW           35    .bss.inScaled       BUILD/LPC1768/ARMC6/main.o
    0x1000158c   0x00000004   Zero   RW           32    .bss.inZero         BUILD/LPC1768/ARMC6/main.o
    0x10001590   0x00000004   Zero   RW        24622    .bss.irq_handler    BUILD/LPC1768/ARMC6/mbed-os/targets/TARGET_NXP/TARGET_LPC176X/serial_api.o
    0x10001594   0x00000034   Zero   RW        22170    .bss.last_error_ctx  BUILD/LPC1768/ARMC6/mbed-os/platform/source/mbed_error.o
    0x100015c8   0x00000001   Zero   RW        22169    .bss.mbed_error_in_progress  BUILD/LPC1768/ARMC6/mbed-os/platform/source/mbed_error.o
    0x100015c9   0x00000003   PAD
    0x100015cc   0x00000054   Zero   RW        21992    .bss.mbed_fault_context  BUILD/LPC1768/ARMC6/mbed-os/platform/source/TARGET_CORTEX_M/mbed_fault_handler.o
    0x10001620   0x00000004   Zero   RW        22448    .bss.mbed_heap_size  BUILD/LPC1768/ARMC6/mbed-os/platform/source/mbed_retarget.o
    0x10001624   0x00000004   Zero   RW        22447    .bss.mbed_heap_start  BUILD/LPC1768/ARMC6/mbed-os/platform/source/mbed_retarget.o
    0x10001628   0x00000004   Zero   RW          645    .bss.mbed_stack_isr_size  BUILD/LPC1768/ARMC6/mbed-os/cmsis/device/rtos/source/mbed_boot.o
    0x1000162c   0x00000004   Zero   RW          644    .bss.mbed_stack_isr_start  BUILD/LPC1768/ARMC6/mbed-os/cmsis/device/rtos/source/mbed_boot.o
    0x10001630   0x00000040   Zero   RW          246    .bss.os             BUILD/LPC1768/ARMC6/mbed-os/cmsis/CMSIS_5/CMSIS/RTOS2/RTX/Source/rtx_lib.o
    0x10001670   0x00000001   Zero   RW          607    .bss.os             BUILD/LPC1768/ARMC6/mbed-os/cmsis/CMSIS_5/CMSIS/RTOS2/Source/os_systick.o
    0x10001671   0x00000003   PAD
    0x10001674   0x000001f0   Zero   RW          626    .bss.os.libspace    BUILD/LPC1768/ARMC6/mbed-os/cmsis/device/rtos/TOOLCHAIN_ARM_STD/mbed_boot_arm_std.o
    0x10001864   0x00000034   Zero   RW          257    .bss.os.msgqueue.cb  BUILD/LPC1768/ARMC6/mbed-os/cmsis/CMSIS_5/CMSIS/RTOS2/RTX/Source/rtx_lib.o
    0x10001898   0x00000050   Zero   RW          258    .bss.os.msgqueue.mem  BUILD/LPC1768/ARMC6/mbed-os/cmsis/CMSIS_5/CMSIS/RTOS2/RTX/Source/rtx_lib.o
    0x100018e8   0x00000088   Zero   RW          254    .bss.os.thread.cb   BUILD/LPC1768/ARMC6/mbed-os/cmsis/CMSIS_5/CMSIS/RTOS2/RTX/Source/rtx_lib.o
    0x10001970   0x00000044   Zero   RW          656    .bss.os.thread.cb   BUILD/LPC1768/ARMC6/mbed-os/cmsis/device/rtos/source/mbed_rtos_rtx.o
    0x100019b4   0x00000004   PAD
    0x100019b8   0x00000200   Zero   RW          255    .bss.os.thread.idle.stack  BUILD/LPC1768/ARMC6/mbed-os/cmsis/CMSIS_5/CMSIS/RTOS2/RTX/Source/rtx_lib.o
    0x10001bb8   0x00000300   Zero   RW          256    .bss.os.thread.timer.stack  BUILD/LPC1768/ARMC6/mbed-os/cmsis/CMSIS_5/CMSIS/RTOS2/RTX/Source/rtx_lib.o
    0x10001eb8   0x00000001   Zero   RW          629    .bss.os_kernel_is_active.os_kernel_active  BUILD/LPC1768/ARMC6/mbed-os/cmsis/device/rtos/TOOLCHAIN_ARM_STD/mbed_boot_arm_std.o
    0x10001eb9   0x00000003   PAD
    0x10001ebc   0x00000004   Zero   RW           36    .bss.outMin         BUILD/LPC1768/ARMC6/main.o
    0x10001ec0   0x00000004   Zero   RW          660    .bss.singleton_mutex_id  BUILD/LPC1768/ARMC6/mbed-os/cmsis/device/rtos/source/mbed_rtos_rtx.o
    0x10001ec4   0x0000001c   Zero   RW          658    .bss.singleton_mutex_obj  BUILD/LPC1768/ARMC6/mbed-os/cmsis/device/rtos/source/mbed_rtos_rtx.o
    0x10001ee0   0x00000001   Zero   RW        21336    .bss.state_saved    BUILD/LPC1768/ARMC6/mbed-os/hal/source/mbed_critical_section_api.o
    0x10001ee1   0x00000007   PAD
    0x10001ee8   0x00000008   Zero   RW        24621    .bss.stdio_uart     BUILD/LPC1768/ARMC6/mbed-os/targets/TARGET_NXP/TARGET_LPC176X/serial_api.o
    0x10001ef0   0x00000004   Zero   RW        24616    .bss.stdio_uart_inited  BUILD/LPC1768/ARMC6/mbed-os/targets/TARGET_NXP/TARGET_LPC176X/serial_api.o
    0x10001ef4   0x00000004   Zero   RW          693    .bss.terminate_hook  BUILD/LPC1768/ARMC6/mbed-os/cmsis/device/rtos/source/mbed_rtx_handlers.o
    0x10001ef8   0x0000002c   Zero   RW           25    .bss.toActuator     BUILD/LPC1768/ARMC6/main.o
    0x10001f24   0x000000e0   Zero   RW        24620    .bss.uart_data      BUILD/LPC1768/ARMC6/mbed-os/targets/TARGET_NXP/TARGET_LPC176X/serial_api.o
    0x10002004   0x00000004   Zero   RW           38    .bss.velocity       BUILD/LPC1768/ARMC6/main.o


    Execution Region ARM_LIB_HEAP (Base: 0x10002010, Size: 0x00005bd0, Max: 0x00005bd0, ABSOLUTE)

    Base Addr    Size         Type   Attr      Idx    E Section Name        Object

    0x10002010   0x00005bd0   Zero   RW            1    ARM_LIB_HEAP.bss    anon$$obj.o


    Execution Region ARM_LIB_STACK (Base: 0x10007c00, Size: 0x00000400, Max: 0x00000400, ABSOLUTE)

    Base Addr    Size         Type   Attr      Idx    E Section Name        Object

    0x10007c00   0x00000400   Zero   RW            2    ARM_LIB_STACK.bss   anon$$obj.o


    Execution Region RW_IRAM2 (Base: 0x2007c000, Size: 0x00000000, Max: 0x00004000, ABSOLUTE)

    **** No section assigned to this execution region ****


    Execution Region RW_IRAM3 (Base: 0x20080000, Size: 0x00000000, Max: 0x00004000, ABSOLUTE)

    **** No section assigned to this execution region ****


    Execution Region RW_IRAM4 (Base: 0x40038000, Size: 0x00000000, Max: 0x00000800, ABSOLUTE)

    **** No section assigned to this execution region ****


==============================================================================

Image component sizes


      Code (inc. data)   RO Data    RW Data    ZI Data      Debug   

     21426       1948       2520        256      31908      18844   Object Totals
         0          0         32          0      24528          0   (incl. Generated)
        66          0          4          0         31          0   (incl. Padding)
      8778        366          0         16        348       6944   Library Totals
        30          0          0          0          0          0   (incl. Padding)

==============================================================================


      Code (inc. data)   RO Data    RW Data    ZI Data      Debug   

     30204       2314       2520        272      32256      20948   Grand Totals
     30204       2314       2520        272      32256      20948   ELF Image Totals
     30204       2314       2520        272          0          0   ROM Totals

==============================================================================

    Total RO  Size (Code + RO Data)                32724 (  31.96kB)
    Total RW  Size (RW Data + ZI Data)             32528 (  31.77kB)
    Total ROM Size (Code + RO Data + RW Data)      32996 (  32.22kB)

==============================================================================

