Component: ARM Compiler 6.16 Tool: armlink [5dfea500]

==============================================================================

Memory Map of the image

  Image Entry point : 0x00000301

  Load Region LR_IROM1 (Base: 0x00000000, Size: 0x00008d00, Max: 0x00080000, ABSOLUTE)

    Execution Region ER_IROM0 (Base: 0x00000000, Size: 0x000000c4, Max: 0x000002fc, ABSOLUTE)

    Base Addr    Size         Type   Attr      Idx    E Section Name        Object

    0x00000000   0x000000c4   Data   RO        24401    RESET               BUILD/LPC1768/ARMC6/mbed-os/targets/TARGET_NXP/TARGET_LPC176X/device/TOOLCHAIN_ARM_STD/startup_LPC17xx.o


    Execution Region ER_CRP (Base: 0x000002fc, Size: 0x00000004, Max: 0x00000004, ABSOLUTE, FIXED)

    Base Addr    Size         Type   Attr      Idx    E Section Name        Object

    0x000002fc   0x00000004   Data   RO        24400    .CRPSection         BUILD/LPC1768/ARMC6/mbed-os/targets/TARGET_NXP/TARGET_LPC176X/device/CRP.o


    Execution Region ER_IROM1 (Base: 0x00000300, Size: 0x000088e8, Max: 0x0007fd00, ABSOLUTE, FIXED)

    Base Addr    Size         Type   Attr      Idx    E Section Name        Object

    0x00000300   0x00000008   Code   RO        25012  * !!!main             /home/aidan/.config/Mbed Studio/mbed-studio-tools/ac6/bin/../lib/armlib/c_w.l(__main.o)
    0x00000308   0x00000034   Code   RO        26012    !!!scatter          /home/aidan/.config/Mbed Studio/mbed-studio-tools/ac6/bin/../lib/armlib/c_w.l(__scatter.o)
    0x0000033c   0x0000001a   Code   RO        26014    !!handler_copy      /home/aidan/.config/Mbed Studio/mbed-studio-tools/ac6/bin/../lib/armlib/c_w.l(__scatter_copy.o)
    0x00000356   0x00000002   PAD
    0x00000358   0x0000001c   Code   RO        26016    !!handler_zi        /home/aidan/.config/Mbed Studio/mbed-studio-tools/ac6/bin/../lib/armlib/c_w.l(__scatter_zi.o)
    0x00000374   0x00000002   Code   RO        25011    .ARM.Collect$$libinit$$00000000  /home/aidan/.config/Mbed Studio/mbed-studio-tools/ac6/bin/../lib/armlib/c_w.l(libinit.o)
    0x00000376   0x00000000   Code   RO        25308    .ARM.Collect$$libinit$$00000002  /home/aidan/.config/Mbed Studio/mbed-studio-tools/ac6/bin/../lib/armlib/c_w.l(libinit2.o)
    0x00000376   0x00000000   Code   RO        25310    .ARM.Collect$$libinit$$00000004  /home/aidan/.config/Mbed Studio/mbed-studio-tools/ac6/bin/../lib/armlib/c_w.l(libinit2.o)
    0x00000376   0x00000008   Code   RO        25311    .ARM.Collect$$libinit$$00000005  /home/aidan/.config/Mbed Studio/mbed-studio-tools/ac6/bin/../lib/armlib/c_w.l(libinit2.o)
    0x0000037e   0x00000000   Code   RO        25313    .ARM.Collect$$libinit$$0000000A  /home/aidan/.config/Mbed Studio/mbed-studio-tools/ac6/bin/../lib/armlib/c_w.l(libinit2.o)
    0x0000037e   0x00000000   Code   RO        25315    .ARM.Collect$$libinit$$0000000C  /home/aidan/.config/Mbed Studio/mbed-studio-tools/ac6/bin/../lib/armlib/c_w.l(libinit2.o)
    0x0000037e   0x00000000   Code   RO        25317    .ARM.Collect$$libinit$$0000000E  /home/aidan/.config/Mbed Studio/mbed-studio-tools/ac6/bin/../lib/armlib/c_w.l(libinit2.o)
    0x0000037e   0x00000000   Code   RO        25320    .ARM.Collect$$libinit$$00000011  /home/aidan/.config/Mbed Studio/mbed-studio-tools/ac6/bin/../lib/armlib/c_w.l(libinit2.o)
    0x0000037e   0x00000000   Code   RO        25322    .ARM.Collect$$libinit$$00000013  /home/aidan/.config/Mbed Studio/mbed-studio-tools/ac6/bin/../lib/armlib/c_w.l(libinit2.o)
    0x0000037e   0x00000000   Code   RO        25324    .ARM.Collect$$libinit$$00000015  /home/aidan/.config/Mbed Studio/mbed-studio-tools/ac6/bin/../lib/armlib/c_w.l(libinit2.o)
    0x0000037e   0x00000000   Code   RO        25326    .ARM.Collect$$libinit$$00000017  /home/aidan/.config/Mbed Studio/mbed-studio-tools/ac6/bin/../lib/armlib/c_w.l(libinit2.o)
    0x0000037e   0x00000000   Code   RO        25328    .ARM.Collect$$libinit$$00000019  /home/aidan/.config/Mbed Studio/mbed-studio-tools/ac6/bin/../lib/armlib/c_w.l(libinit2.o)
    0x0000037e   0x00000000   Code   RO        25330    .ARM.Collect$$libinit$$0000001B  /home/aidan/.config/Mbed Studio/mbed-studio-tools/ac6/bin/../lib/armlib/c_w.l(libinit2.o)
    0x0000037e   0x00000000   Code   RO        25332    .ARM.Collect$$libinit$$0000001D  /home/aidan/.config/Mbed Studio/mbed-studio-tools/ac6/bin/../lib/armlib/c_w.l(libinit2.o)
    0x0000037e   0x00000000   Code   RO        25334    .ARM.Collect$$libinit$$0000001F  /home/aidan/.config/Mbed Studio/mbed-studio-tools/ac6/bin/../lib/armlib/c_w.l(libinit2.o)
    0x0000037e   0x00000000   Code   RO        25336    .ARM.Collect$$libinit$$00000021  /home/aidan/.config/Mbed Studio/mbed-studio-tools/ac6/bin/../lib/armlib/c_w.l(libinit2.o)
    0x0000037e   0x00000000   Code   RO        25338    .ARM.Collect$$libinit$$00000023  /home/aidan/.config/Mbed Studio/mbed-studio-tools/ac6/bin/../lib/armlib/c_w.l(libinit2.o)
    0x0000037e   0x00000004   Code   RO        25339    .ARM.Collect$$libinit$$00000024  /home/aidan/.config/Mbed Studio/mbed-studio-tools/ac6/bin/../lib/armlib/c_w.l(libinit2.o)
    0x00000382   0x00000000   Code   RO        25340    .ARM.Collect$$libinit$$00000025  /home/aidan/.config/Mbed Studio/mbed-studio-tools/ac6/bin/../lib/armlib/c_w.l(libinit2.o)
    0x00000382   0x00000000   Code   RO        25344    .ARM.Collect$$libinit$$0000002C  /home/aidan/.config/Mbed Studio/mbed-studio-tools/ac6/bin/../lib/armlib/c_w.l(libinit2.o)
    0x00000382   0x00000000   Code   RO        25346    .ARM.Collect$$libinit$$0000002E  /home/aidan/.config/Mbed Studio/mbed-studio-tools/ac6/bin/../lib/armlib/c_w.l(libinit2.o)
    0x00000382   0x00000000   Code   RO        25348    .ARM.Collect$$libinit$$00000030  /home/aidan/.config/Mbed Studio/mbed-studio-tools/ac6/bin/../lib/armlib/c_w.l(libinit2.o)
    0x00000382   0x00000004   Code   RO        25349    .ARM.Collect$$libinit$$00000031  /home/aidan/.config/Mbed Studio/mbed-studio-tools/ac6/bin/../lib/armlib/c_w.l(libinit2.o)
    0x00000386   0x00000000   Code   RO        25350    .ARM.Collect$$libinit$$00000032  /home/aidan/.config/Mbed Studio/mbed-studio-tools/ac6/bin/../lib/armlib/c_w.l(libinit2.o)
    0x00000386   0x00000002   Code   RO        25351    .ARM.Collect$$libinit$$00000033  /home/aidan/.config/Mbed Studio/mbed-studio-tools/ac6/bin/../lib/armlib/c_w.l(libinit2.o)
    0x00000388   0x00000000   Code   RO        25814    .ARM.Collect$$libshutdown$$00000004  /home/aidan/.config/Mbed Studio/mbed-studio-tools/ac6/bin/../lib/armlib/c_w.l(libshutdown2.o)
    0x00000388   0x00000000   Code   RO        25825    .ARM.Collect$$libshutdown$$0000000F  /home/aidan/.config/Mbed Studio/mbed-studio-tools/ac6/bin/../lib/armlib/c_w.l(libshutdown2.o)
    0x00000388   0x00000094   Code   RO          115    .text               BUILD/LPC1768/ARMC6/mbed-os/cmsis/CMSIS_5/CMSIS/RTOS2/RTX/Source/TOOLCHAIN_ARM/TARGET_M3/irq_cm3.o
    0x0000041c   0x0000005c   Code   RO        21990    .text               BUILD/LPC1768/ARMC6/mbed-os/platform/source/TARGET_CORTEX_M/TOOLCHAIN_ARM/except.o
    0x00000478   0x00000024   Code   RO        24402    .text               BUILD/LPC1768/ARMC6/mbed-os/targets/TARGET_NXP/TARGET_LPC176X/device/TOOLCHAIN_ARM_STD/startup_LPC17xx.o
    0x0000049c   0x00000002   Code   RO        24801    .text               /home/aidan/.config/Mbed Studio/mbed-studio-tools/ac6/bin/../lib/armlib/c_w.l(use_no_semi_2.o)
    0x0000049e   0x00000004   Code   RO        24810    .text               /home/aidan/.config/Mbed Studio/mbed-studio-tools/ac6/bin/../lib/armlib/c_w.l(rt_errno_addr_twolibspace.o)
    0x000004a2   0x000000a6   Code   RO        24822    .text               /home/aidan/.config/Mbed Studio/mbed-studio-tools/ac6/bin/../lib/armlib/c_w.l(h1_alloc_threads.o)
    0x00000548   0x00000076   Code   RO        24824    .text               /home/aidan/.config/Mbed Studio/mbed-studio-tools/ac6/bin/../lib/armlib/c_w.l(h1_free_threads.o)
    0x000005be   0x000000f0   Code   RO        24876    .text               /home/aidan/.config/Mbed Studio/mbed-studio-tools/ac6/bin/../lib/armlib/c_w.l(lludivv7m.o)
    0x000006ae   0x0000014c   Code   RO        24888    .text               /home/aidan/.config/Mbed Studio/mbed-studio-tools/ac6/bin/../lib/armlib/c_w.l(_scanf_int.o)
    0x000007fa   0x00000002   PAD
    0x000007fc   0x000000f8   Code   RO        24914    .text               /home/aidan/.config/Mbed Studio/mbed-studio-tools/ac6/bin/../lib/armlib/c_w.l(fseek.o)
    0x000008f4   0x00000042   Code   RO        24916    .text               /home/aidan/.config/Mbed Studio/mbed-studio-tools/ac6/bin/../lib/armlib/c_w.l(ftell.o)
    0x00000936   0x0000004c   Code   RO        24934    .text               /home/aidan/.config/Mbed Studio/mbed-studio-tools/ac6/bin/../lib/armlib/c_w.l(fclose.o)
    0x00000982   0x00000024   Code   RO        24938    .text               /home/aidan/.config/Mbed Studio/mbed-studio-tools/ac6/bin/../lib/armlib/c_w.l(fputc_locked.o)
    0x000009a6   0x00000002   PAD
    0x000009a8   0x00000090   Code   RO        24946    .text               /home/aidan/.config/Mbed Studio/mbed-studio-tools/ac6/bin/../lib/armlib/c_w.l(fflush_locked.o)
    0x00000a38   0x0000014c   Code   RO        24948    .text               /home/aidan/.config/Mbed Studio/mbed-studio-tools/ac6/bin/../lib/armlib/c_w.l(fopen_locked.o)
    0x00000b84   0x0000001c   Code   RO        24966    .text               /home/aidan/.config/Mbed Studio/mbed-studio-tools/ac6/bin/../lib/armlib/c_w.l(strspn.o)
    0x00000ba0   0x00000058   Code   RO        24970    .text               /home/aidan/.config/Mbed Studio/mbed-studio-tools/ac6/bin/../lib/armlib/c_w.l(memcmp.o)
    0x00000bf8   0x0000003e   Code   RO        24976    .text               /home/aidan/.config/Mbed Studio/mbed-studio-tools/ac6/bin/../lib/armlib/c_w.l(strlen.o)
    0x00000c36   0x0000008a   Code   RO        24984    .text               /home/aidan/.config/Mbed Studio/mbed-studio-tools/ac6/bin/../lib/armlib/c_w.l(rt_memcpy_v6.o)
    0x00000cc0   0x00000064   Code   RO        24988    .text               /home/aidan/.config/Mbed Studio/mbed-studio-tools/ac6/bin/../lib/armlib/c_w.l(rt_memcpy_w.o)
    0x00000d24   0x00000010   Code   RO        24996    .text               /home/aidan/.config/Mbed Studio/mbed-studio-tools/ac6/bin/../lib/armlib/c_w.l(aeabi_memset4.o)
    0x00000d34   0x00000044   Code   RO        24998    .text               /home/aidan/.config/Mbed Studio/mbed-studio-tools/ac6/bin/../lib/armlib/c_w.l(rt_memclr.o)
    0x00000d78   0x0000004e   Code   RO        25000    .text               /home/aidan/.config/Mbed Studio/mbed-studio-tools/ac6/bin/../lib/armlib/c_w.l(rt_memclr_w.o)
    0x00000dc6   0x00000002   PAD
    0x00000dc8   0x00000080   Code   RO        25004    .text               /home/aidan/.config/Mbed Studio/mbed-studio-tools/ac6/bin/../lib/armlib/c_w.l(strcmpv7m.o)
    0x00000e48   0x00000006   Code   RO        25009    .text               /home/aidan/.config/Mbed Studio/mbed-studio-tools/ac6/bin/../lib/armlib/c_w.l(heapauxi.o)
    0x00000e4e   0x00000002   PAD
    0x00000e50   0x00000024   Code   RO        25017    .text               /home/aidan/.config/Mbed Studio/mbed-studio-tools/ac6/bin/../lib/armlib/c_w.l(init_aeabi.o)
    0x00000e74   0x00000008   Code   RO        25204    .text               /home/aidan/.config/Mbed Studio/mbed-studio-tools/ac6/bin/../lib/armlib/c_w.l(libspace.o)
    0x00000e7c   0x00000002   Code   RO        25207    .text               /home/aidan/.config/Mbed Studio/mbed-studio-tools/ac6/bin/../lib/armlib/c_w.l(use_no_semi.o)
    0x00000e7e   0x0000000a   Code   RO        25218    .text               /home/aidan/.config/Mbed Studio/mbed-studio-tools/ac6/bin/../lib/armlib/c_w.l(rt_heap_descriptor_twolibspace.o)
    0x00000e88   0x00000004   Code   RO        25227    .text               /home/aidan/.config/Mbed Studio/mbed-studio-tools/ac6/bin/../lib/armlib/c_w.l(hguard.o)
    0x00000e8c   0x0000008a   Code   RO        25229    .text               /home/aidan/.config/Mbed Studio/mbed-studio-tools/ac6/bin/../lib/armlib/c_w.l(init_alloc.o)
    0x00000f16   0x00000012   Code   RO        25237    .text               /home/aidan/.config/Mbed Studio/mbed-studio-tools/ac6/bin/../lib/armlib/c_w.l(h1_init_threads.o)
    0x00000f28   0x00000016   Code   RO        25249    .text               /home/aidan/.config/Mbed Studio/mbed-studio-tools/ac6/bin/../lib/armlib/c_w.l(_rserrno.o)
    0x00000f3e   0x0000001c   Code   RO        25253    .text               /home/aidan/.config/Mbed Studio/mbed-studio-tools/ac6/bin/../lib/armlib/c_w.l(_chval.o)
    0x00000f5a   0x000001d6   Code   RO        25277    .text               /home/aidan/.config/Mbed Studio/mbed-studio-tools/ac6/bin/../lib/armlib/c_w.l(flsbuf.o)
    0x00001130   0x000000f0   Code   RO        25281    .text               /home/aidan/.config/Mbed Studio/mbed-studio-tools/ac6/bin/../lib/armlib/c_w.l(stdio.o)
    0x00001220   0x00000068   Code   RO        25290    .text               /home/aidan/.config/Mbed Studio/mbed-studio-tools/ac6/bin/../lib/armlib/c_w.l(setvbuf_locked.o)
    0x00001288   0x000001c8   Code   RO        25292    .text               /home/aidan/.config/Mbed Studio/mbed-studio-tools/ac6/bin/../lib/armlib/c_w.l(initio_locked.o)
    0x00001450   0x00000000   Code   RO        25742    .text               /home/aidan/.config/Mbed Studio/mbed-studio-tools/ac6/bin/../lib/armlib/c_w.l(maybetermalloc2.o)
    0x00001450   0x00000052   Code   RO        25745    .text               /home/aidan/.config/Mbed Studio/mbed-studio-tools/ac6/bin/../lib/armlib/c_w.l(h1_extend_threads.o)
    0x000014a2   0x0000000e   Code   RO        25795    .text               /home/aidan/.config/Mbed Studio/mbed-studio-tools/ac6/bin/../lib/armlib/c_w.l(defsig_rtred_outer.o)
    0x000014b0   0x0000000e   Code   RO        25799    .text               /home/aidan/.config/Mbed Studio/mbed-studio-tools/ac6/bin/../lib/armlib/c_w.l(defsig_rtmem_outer.o)
    0x000014be   0x00000010   Code   RO        25876    .text               /home/aidan/.config/Mbed Studio/mbed-studio-tools/ac6/bin/../lib/armlib/c_w.l(term_alloc.o)
    0x000014ce   0x0000000a   Code   RO        25915    .text               /home/aidan/.config/Mbed Studio/mbed-studio-tools/ac6/bin/../lib/armlib/c_w.l(defsig_exit.o)
    0x000014d8   0x00000034   Code   RO        25923    .text               /home/aidan/.config/Mbed Studio/mbed-studio-tools/ac6/bin/../lib/armlib/c_w.l(defsig_rtred_inner.o)
    0x0000150c   0x00000050   Code   RO        25925    .text               /home/aidan/.config/Mbed Studio/mbed-studio-tools/ac6/bin/../lib/armlib/c_w.l(defsig_rtmem_inner.o)
    0x0000155c   0x0000000a   Code   RO        25951    .text               /home/aidan/.config/Mbed Studio/mbed-studio-tools/ac6/bin/../lib/armlib/c_w.l(h1_final_threads.o)
    0x00001566   0x00000032   Code   RO        25961    .text               /home/aidan/.config/Mbed Studio/mbed-studio-tools/ac6/bin/../lib/armlib/c_w.l(defsig_general.o)
    0x00001598   0x00000032   Code   RO        22575    .text.$Sub$$__2printf  BUILD/LPC1768/ARMC6/mbed-os/platform/source/minimal-printf/mbed_printf_armlink_overrides.o
    0x000015ca   0x0000002e   Code   RO        22360    .text.$Sub$$__rt_lib_init  BUILD/LPC1768/ARMC6/mbed-os/platform/source/mbed_retarget.o
    0x000015f8   0x00000004   Code   RO        22611    .text.$Sub$$_printf_f  BUILD/LPC1768/ARMC6/mbed-os/platform/source/minimal-printf/mbed_printf_armlink_overrides.o
    0x000015fc   0x00000004   Code   RO        22613    .text.$Sub$$_printf_fp_dec  BUILD/LPC1768/ARMC6/mbed-os/platform/source/minimal-printf/mbed_printf_armlink_overrides.o
    0x00001600   0x00000004   Code   RO        22679    .text.$Sub$$_printf_percent  BUILD/LPC1768/ARMC6/mbed-os/platform/source/minimal-printf/mbed_printf_armlink_overrides.o
    0x00001604   0x00000014   Code   RO        22725    .text.$Sub$$vsnprintf  BUILD/LPC1768/ARMC6/mbed-os/platform/source/minimal-printf/mbed_printf_wrapper.o
    0x00001618   0x0000000e   Code   RO          677    .text.EvrRtxKernelError  BUILD/LPC1768/ARMC6/mbed-os/cmsis/device/rtos/source/mbed_rtx_handlers.o
    0x00001626   0x0000000c   Code   RO          693    .text.EvrRtxMessageQueueError  BUILD/LPC1768/ARMC6/mbed-os/cmsis/device/rtos/source/mbed_rtx_handlers.o
    0x00001632   0x0000000c   Code   RO          687    .text.EvrRtxMutexError  BUILD/LPC1768/ARMC6/mbed-os/cmsis/device/rtos/source/mbed_rtx_handlers.o
    0x0000163e   0x0000000c   Code   RO          681    .text.EvrRtxThreadError  BUILD/LPC1768/ARMC6/mbed-os/cmsis/device/rtos/source/mbed_rtx_handlers.o
    0x0000164a   0x0000001a   Code   RO          695    .text.EvrRtxThreadExit  BUILD/LPC1768/ARMC6/mbed-os/cmsis/device/rtos/source/mbed_rtx_handlers.o
    0x00001664   0x00000042   Code   RO          363    .text.MessageQueueGet  BUILD/LPC1768/ARMC6/mbed-os/cmsis/CMSIS_5/CMSIS/RTOS2/RTX/Source/rtx_msgqueue.o
    0x000016a6   0x00000002   PAD
    0x000016a8   0x00000060   Code   RO          357    .text.MessageQueuePut  BUILD/LPC1768/ARMC6/mbed-os/cmsis/CMSIS_5/CMSIS/RTOS2/RTX/Source/rtx_msgqueue.o
    0x00001708   0x0000000c   Code   RO          603    .text.OS_Tick_AcknowledgeIRQ  BUILD/LPC1768/ARMC6/mbed-os/cmsis/CMSIS_5/CMSIS/RTOS2/Source/os_systick.o
    0x00001714   0x00000032   Code   RO          599    .text.OS_Tick_Enable  BUILD/LPC1768/ARMC6/mbed-os/cmsis/CMSIS_5/CMSIS/RTOS2/Source/os_systick.o
    0x00001746   0x00000048   Code   RO          597    .text.OS_Tick_Setup  BUILD/LPC1768/ARMC6/mbed-os/cmsis/CMSIS_5/CMSIS/RTOS2/Source/os_systick.o
    0x0000178e   0x00000002   PAD
    0x00001790   0x000000a4   Code   RO        24431    .text.SystemInit    BUILD/LPC1768/ARMC6/mbed-os/targets/TARGET_NXP/TARGET_LPC176X/device/system_LPC17xx.o
    0x00001834   0x00000070   Code   RO          515    .text.ThreadFlagsCheck  BUILD/LPC1768/ARMC6/mbed-os/cmsis/CMSIS_5/CMSIS/RTOS2/RTX/Source/rtx_thread.o
    0x000018a4   0x00000056   Code   RO          581    .text.TimerInsert   BUILD/LPC1768/ARMC6/mbed-os/cmsis/CMSIS_5/CMSIS/RTOS2/RTX/Source/rtx_timer.o
    0x000018fa   0x00000064   Code   RO           26    .text._GLOBAL__sub_I_main.cpp  BUILD/LPC1768/ARMC6/main.o
    0x0000195e   0x00000074   Code   RO           10    .text._Z10readInputsv  BUILD/LPC1768/ARMC6/main.o
    0x000019d2   0x00000062   Code   RO           12    .text._Z12specialSaucef  BUILD/LPC1768/ARMC6/main.o
    0x00001a34   0x00000066   Code   RO           14    .text._Z18calculateFutureAUCv  BUILD/LPC1768/ARMC6/main.o
    0x00001a9a   0x00000044   Code   RO            8    .text._Z4lerpiiff   BUILD/LPC1768/ARMC6/main.o
    0x00001ade   0x00000002   PAD
    0x00001ae0   0x000000f6   Code   RO           18    .text._Z4movefib    BUILD/LPC1768/ARMC6/main.o
    0x00001bd6   0x00000002   PAD
    0x00001bd8   0x00000084   Code   RO           20    .text._Z4pullff     BUILD/LPC1768/ARMC6/main.o
    0x00001c5c   0x0000015c   Code   RO           16    .text._Z6complyv    BUILD/LPC1768/ARMC6/main.o
    0x00001db8   0x00000108   Code   RO           22    .text._Z9calibratev  BUILD/LPC1768/ARMC6/main.o
    0x00001ec0   0x0000001a   Code   RO          707    .text._ZL17default_idle_hookv  BUILD/LPC1768/ARMC6/mbed-os/cmsis/device/rtos/source/mbed_rtx_idle.o
    0x00001eda   0x00000002   PAD
    0x00001edc   0x00000054   Code   RO        22314    .text._ZL18reserve_filehandlev  BUILD/LPC1768/ARMC6/mbed-os/platform/source/mbed_retarget.o
    0x00001f30   0x0000001c   Code   RO        22298    .text._ZN12DirectSerial4readEPvj  BUILD/LPC1768/ARMC6/mbed-os/platform/source/mbed_retarget.o
    0x00001f4c   0x0000000a   Code   RO        22474    .text._ZN12DirectSerial4seekEli  BUILD/LPC1768/ARMC6/mbed-os/platform/source/mbed_retarget.o
    0x00001f56   0x00000006   Code   RO        22480    .text._ZN12DirectSerial4sizeEv  BUILD/LPC1768/ARMC6/mbed-os/platform/source/mbed_retarget.o
    0x00001f5c   0x00000004   Code   RO        22476    .text._ZN12DirectSerial5closeEv  BUILD/LPC1768/ARMC6/mbed-os/platform/source/mbed_retarget.o
    0x00001f60   0x00000028   Code   RO        22296    .text._ZN12DirectSerial5writeEPKvj  BUILD/LPC1768/ARMC6/mbed-os/platform/source/mbed_retarget.o
    0x00001f88   0x00000004   Code   RO        22478    .text._ZN12DirectSerial6isattyEv  BUILD/LPC1768/ARMC6/mbed-os/platform/source/mbed_retarget.o
    0x00001f8c   0x0000003a   Code   RO        22294    .text._ZN12DirectSerialC2ERK15serial_pinmap_ti  BUILD/LPC1768/ARMC6/mbed-os/platform/source/mbed_retarget.o
    0x00001fc6   0x00000004   Code   RO        22472    .text._ZN12DirectSerialD0Ev  BUILD/LPC1768/ARMC6/mbed-os/platform/source/mbed_retarget.o
    0x00001fca   0x00000006   Code   RO        20355    .text._ZN4mbed10FileHandle12enable_inputEb  BUILD/LPC1768/ARMC6/mbed-os/drivers/usb/source/USBKeyboard.o
    0x00001fd0   0x00000010   Code   RO        19659    .text._ZN4mbed10FileHandle12set_blockingEb  BUILD/LPC1768/ARMC6/mbed-os/drivers/source/UnbufferedSerial.o
    0x00001fe0   0x00000006   Code   RO        20357    .text._ZN4mbed10FileHandle13enable_outputEb  BUILD/LPC1768/ARMC6/mbed-os/drivers/usb/source/USBKeyboard.o
    0x00001fe6   0x00000004   Code   RO        19653    .text._ZN4mbed10FileHandle4syncEv  BUILD/LPC1768/ARMC6/mbed-os/drivers/source/UnbufferedSerial.o
    0x00001fea   0x0000000a   Code   RO        19039    .text._ZN4mbed10FileHandle4tellEv  BUILD/LPC1768/ARMC6/mbed-os/drivers/source/BufferedSerial.o
    0x00001ff4   0x00000002   Code   RO        19663    .text._ZN4mbed10FileHandle5sigioENS_8CallbackIFvvEEE  BUILD/LPC1768/ARMC6/mbed-os/drivers/source/UnbufferedSerial.o
    0x00001ff6   0x0000000a   Code   RO        19041    .text._ZN4mbed10FileHandle6rewindEv  BUILD/LPC1768/ARMC6/mbed-os/drivers/source/BufferedSerial.o
    0x00002000   0x00000006   Code   RO        19043    .text._ZN4mbed10FileHandle8truncateEl  BUILD/LPC1768/ARMC6/mbed-os/drivers/source/BufferedSerial.o
    0x00002006   0x00000002   Code   RO        21690    .text._ZN4mbed10FileHandleD2Ev  BUILD/LPC1768/ARMC6/mbed-os/platform/source/FileHandle.o
    0x00002008   0x0000008e   Code   RO        22310    .text._ZN4mbed16mbed_file_handleEi  BUILD/LPC1768/ARMC6/mbed-os/platform/source/mbed_retarget.o
    0x00002096   0x00000016   Code   RO        18928    .text._ZN4mbed8AnalogIn4lockEv  BUILD/LPC1768/ARMC6/mbed-os/drivers/source/AnalogIn.o
    0x000020ac   0x00000020   Code   RO        18912    .text._ZN4mbed8AnalogIn4readEv  BUILD/LPC1768/ARMC6/mbed-os/drivers/source/AnalogIn.o
    0x000020cc   0x00000016   Code   RO        18930    .text._ZN4mbed8AnalogIn6unlockEv  BUILD/LPC1768/ARMC6/mbed-os/drivers/source/AnalogIn.o
    0x000020e2   0x00000038   Code   RO        18908    .text._ZN4mbed8AnalogInC2E7PinNamef  BUILD/LPC1768/ARMC6/mbed-os/drivers/source/AnalogIn.o
    0x0000211a   0x0000000e   Code   RO        18926    .text._ZN4mbed8AnalogInD0Ev  BUILD/LPC1768/ARMC6/mbed-os/drivers/source/AnalogIn.o
    0x00002128   0x00000032   Code   RO        18924    .text._ZN4mbed8AnalogInD2Ev  BUILD/LPC1768/ARMC6/mbed-os/drivers/source/AnalogIn.o
    0x0000215a   0x00000002   PAD
    0x0000215c   0x000000a4   Code   RO        21674    .text._ZN4mbed8FileBase6lookupEPKcj  BUILD/LPC1768/ARMC6/mbed-os/platform/source/FileBase.o
    0x00002200   0x0000001e   Code   RO        21703    .text._ZN4mbed8FilePath10fileSystemEv  BUILD/LPC1768/ARMC6/mbed-os/platform/source/FilePath.o
    0x0000221e   0x0000001c   Code   RO        21707    .text._ZN4mbed8FilePath4fileEv  BUILD/LPC1768/ARMC6/mbed-os/platform/source/FilePath.o
    0x0000223a   0x0000000a   Code   RO        21709    .text._ZN4mbed8FilePath6existsEv  BUILD/LPC1768/ARMC6/mbed-os/platform/source/FilePath.o
    0x00002244   0x00000016   Code   RO        21705    .text._ZN4mbed8FilePath6isFileEv  BUILD/LPC1768/ARMC6/mbed-os/platform/source/FilePath.o
    0x0000225a   0x00000002   PAD
    0x0000225c   0x00000080   Code   RO        21697    .text._ZN4mbed8FilePathC2EPKc  BUILD/LPC1768/ARMC6/mbed-os/platform/source/FilePath.o
    0x000022dc   0x00000006   Code   RO           57    .text._ZN4mbed9AnalogOut4lockEv  BUILD/LPC1768/ARMC6/main.o
    0x000022e2   0x00000022   Code   RO        18934    .text._ZN4mbed9AnalogOut5writeEf  BUILD/LPC1768/ARMC6/mbed-os/drivers/source/AnalogOut.o
    0x00002304   0x00000006   Code   RO           59    .text._ZN4mbed9AnalogOut6unlockEv  BUILD/LPC1768/ARMC6/main.o
    0x0000230a   0x0000002a   Code   RO           55    .text._ZN4mbed9AnalogOutD0Ev  BUILD/LPC1768/ARMC6/main.o
    0x00002334   0x00000024   Code   RO           53    .text._ZN4mbed9AnalogOutD2Ev  BUILD/LPC1768/ARMC6/main.o
    0x00002358   0x00000074   Code   RO           61    .text._ZN4mbed9DigitalIn4readEv  BUILD/LPC1768/ARMC6/main.o
    0x000023cc   0x00000022   Code   RO        22886    .text._ZN4rtos10ThisThread9sleep_forENSt3__26chrono8durationIjNS1_5ratioILx1ELx1000EEEEE  BUILD/LPC1768/ARMC6/mbed-os/rtos/source/ThisThread.o
    0x000023ee   0x00000004   Code   RO        22884    .text._ZN4rtos10ThisThread9sleep_forEj  BUILD/LPC1768/ARMC6/mbed-os/rtos/source/ThisThread.o
    0x000023f2   0x00000002   PAD
    0x000023f4   0x000000a0   Code   RO        22808    .text._ZN4rtos5Mutex11constructorEPKc  BUILD/LPC1768/ARMC6/mbed-os/rtos/source/Mutex.o
    0x00002494   0x00000040   Code   RO        22812    .text._ZN4rtos5Mutex4lockEv  BUILD/LPC1768/ARMC6/mbed-os/rtos/source/Mutex.o
    0x000024d4   0x00000050   Code   RO        22824    .text._ZN4rtos5Mutex6unlockEv  BUILD/LPC1768/ARMC6/mbed-os/rtos/source/Mutex.o
    0x00002524   0x0000000e   Code   RO        22806    .text._ZN4rtos5MutexC2Ev  BUILD/LPC1768/ARMC6/mbed-os/rtos/source/Mutex.o
    0x00002532   0x0000000e   Code   RO        22828    .text._ZN4rtos5MutexD2Ev  BUILD/LPC1768/ARMC6/mbed-os/rtos/source/Mutex.o
    0x00002540   0x00000004   Code   RO        22793    .text._ZN4rtos6Kernel12get_ms_countEv  BUILD/LPC1768/ARMC6/mbed-os/rtos/source/Kernel.o
    0x00002544   0x00000034   Code   RO        22795    .text._ZN4rtos6Kernel4impl14get_tick_countEv  BUILD/LPC1768/ARMC6/mbed-os/rtos/source/Kernel.o
    0x00002578   0x0000003a   Code   RO        22300    .text._ZNK12DirectSerial4pollEs  BUILD/LPC1768/ARMC6/mbed-os/platform/source/mbed_retarget.o
    0x000025b2   0x00000052   Code   RO        18309    .text._ZNK12SingletonPtrIN4rtos5MutexEE3getEv  BUILD/LPC1768/ARMC6/mbed-os/connectivity/netsocket/source/nsapi_dns.o
    0x00002604   0x00000004   Code   RO        19661    .text._ZNK4mbed10FileHandle11is_blockingEv  BUILD/LPC1768/ARMC6/mbed-os/drivers/source/UnbufferedSerial.o
    0x00002608   0x00000004   Code   RO        22384    .text._ZdlPv        BUILD/LPC1768/ARMC6/mbed-os/platform/source/mbed_retarget.o
    0x0000260c   0x00000078   Code   RO        22426    .text.__cxa_guard_acquire  BUILD/LPC1768/ARMC6/mbed-os/platform/source/mbed_retarget.o
    0x00002684   0x00000042   Code   RO        22428    .text.__cxa_guard_release  BUILD/LPC1768/ARMC6/mbed-os/platform/source/mbed_retarget.o
    0x000026c6   0x0000004e   Code   RO          620    .text.__rt_entry    BUILD/LPC1768/ARMC6/mbed-os/cmsis/device/rtos/TOOLCHAIN_ARM_STD/mbed_boot_arm_std.o
    0x00002714   0x00000068   Code   RO          624    .text.__user_perthread_libspace  BUILD/LPC1768/ARMC6/mbed-os/cmsis/device/rtos/TOOLCHAIN_ARM_STD/mbed_boot_arm_std.o
    0x0000277c   0x00000004   Code   RO        22362    .text.__user_setup_stackheap  BUILD/LPC1768/ARMC6/mbed-os/platform/source/mbed_retarget.o
    0x00002780   0x00000032   Code   RO        22358    .text._mbed_user_setup_stackheap  BUILD/LPC1768/ARMC6/mbed-os/platform/source/mbed_retarget.o
    0x000027b2   0x00000034   Code   RO          628    .text._mutex_acquire  BUILD/LPC1768/ARMC6/mbed-os/cmsis/device/rtos/TOOLCHAIN_ARM_STD/mbed_boot_arm_std.o
    0x000027e6   0x00000002   PAD
    0x000027e8   0x00000042   Code   RO          632    .text._mutex_free   BUILD/LPC1768/ARMC6/mbed-os/cmsis/device/rtos/TOOLCHAIN_ARM_STD/mbed_boot_arm_std.o
    0x0000282a   0x00000002   PAD
    0x0000282c   0x000000a4   Code   RO          626    .text._mutex_initialize  BUILD/LPC1768/ARMC6/mbed-os/cmsis/device/rtos/TOOLCHAIN_ARM_STD/mbed_boot_arm_std.o
    0x000028d0   0x00000030   Code   RO          630    .text._mutex_release  BUILD/LPC1768/ARMC6/mbed-os/cmsis/device/rtos/TOOLCHAIN_ARM_STD/mbed_boot_arm_std.o
    0x00002900   0x00000004   Code   RO          252    .text._platform_post_stackheap_init  BUILD/LPC1768/ARMC6/mbed-os/cmsis/CMSIS_5/CMSIS/RTOS2/RTX/Source/rtx_lib.o
    0x00002904   0x00000004   Code   RO        22328    .text._sys_close    BUILD/LPC1768/ARMC6/mbed-os/platform/source/mbed_retarget.o
    0x00002908   0x00000002   Code   RO        22336    .text._sys_exit     BUILD/LPC1768/ARMC6/mbed-os/platform/source/mbed_retarget.o
    0x0000290a   0x0000002a   Code   RO        22356    .text._sys_flen     BUILD/LPC1768/ARMC6/mbed-os/platform/source/mbed_retarget.o
    0x00002934   0x00000004   Code   RO        22344    .text._sys_istty    BUILD/LPC1768/ARMC6/mbed-os/platform/source/mbed_retarget.o
    0x00002938   0x0000008a   Code   RO        22324    .text._sys_open     BUILD/LPC1768/ARMC6/mbed-os/platform/source/mbed_retarget.o
    0x000029c2   0x00000006   Code   RO        22346    .text._sys_seek     BUILD/LPC1768/ARMC6/mbed-os/platform/source/mbed_retarget.o
    0x000029c8   0x00000130   Code   RO        22332    .text._sys_write    BUILD/LPC1768/ARMC6/mbed-os/platform/source/mbed_retarget.o
    0x00002af8   0x00000018   Code   RO        22338    .text._ttywrch      BUILD/LPC1768/ARMC6/mbed-os/platform/source/mbed_retarget.o
    0x00002b10   0x000000f4   Code   RO        24329    .text.analogin_init  BUILD/LPC1768/ARMC6/mbed-os/targets/TARGET_NXP/TARGET_LPC176X/analogin_api.o
    0x00002c04   0x000000c2   Code   RO        24333    .text.analogin_read  BUILD/LPC1768/ARMC6/mbed-os/targets/TARGET_NXP/TARGET_LPC176X/analogin_api.o
    0x00002cc6   0x00000002   PAD
    0x00002cc8   0x000000a8   Code   RO        24340    .text.analogout_init  BUILD/LPC1768/ARMC6/mbed-os/targets/TARGET_NXP/TARGET_LPC176X/analogout_api.o
    0x00002d70   0x00000044   Code   RO        24346    .text.analogout_write  BUILD/LPC1768/ARMC6/mbed-os/targets/TARGET_NXP/TARGET_LPC176X/analogout_api.o
    0x00002db4   0x0000003c   Code   RO        22330    .text.close         BUILD/LPC1768/ARMC6/mbed-os/platform/source/mbed_retarget.o
    0x00002df0   0x0000000c   Code   RO        22122    .text.core_util_are_interrupts_enabled  BUILD/LPC1768/ARMC6/mbed-os/platform/source/mbed_critical.o
    0x00002dfc   0x00000084   Code   RO        22128    .text.core_util_critical_section_enter  BUILD/LPC1768/ARMC6/mbed-os/platform/source/mbed_critical.o
    0x00002e80   0x00000018   Code   RO        22130    .text.core_util_critical_section_exit  BUILD/LPC1768/ARMC6/mbed-os/platform/source/mbed_critical.o
    0x00002e98   0x0000000c   Code   RO        22124    .text.core_util_is_isr_active  BUILD/LPC1768/ARMC6/mbed-os/platform/source/mbed_critical.o
    0x00002ea4   0x00000034   Code   RO          699    .text.error_msg     BUILD/LPC1768/ARMC6/mbed-os/cmsis/device/rtos/source/mbed_rtx_handlers.o
    0x00002ed8   0x0000003a   Code   RO        22402    .text.exit          BUILD/LPC1768/ARMC6/mbed-os/platform/source/mbed_retarget.o
    0x00002f12   0x0000002c   Code   RO        22354    .text.fsync         BUILD/LPC1768/ARMC6/mbed-os/platform/source/mbed_retarget.o
    0x00002f3e   0x00000002   PAD
    0x00002f40   0x00000050   Code   RO        24442    .text.gpio_dir      BUILD/LPC1768/ARMC6/mbed-os/targets/TARGET_NXP/TARGET_LPC176X/gpio_api.o
    0x00002f90   0x0000002e   Code   RO        24438    .text.gpio_init     BUILD/LPC1768/ARMC6/mbed-os/targets/TARGET_NXP/TARGET_LPC176X/gpio_api.o
    0x00002fbe   0x00000006   Code   RO        21352    .text.gpio_init_in  BUILD/LPC1768/ARMC6/mbed-os/hal/source/mbed_gpio.o
    0x00002fc4   0x00000026   Code   RO        21354    .text.gpio_init_in_ex  BUILD/LPC1768/ARMC6/mbed-os/hal/source/mbed_gpio.o
    0x00002fea   0x00000050   Code   RO        21358    .text.gpio_init_out_ex  BUILD/LPC1768/ARMC6/mbed-os/hal/source/mbed_gpio.o
    0x0000303a   0x00000006   Code   RO        24440    .text.gpio_mode     BUILD/LPC1768/ARMC6/mbed-os/targets/TARGET_NXP/TARGET_LPC176X/gpio_api.o
    0x00003040   0x00000040   Code   RO        24436    .text.gpio_set      BUILD/LPC1768/ARMC6/mbed-os/targets/TARGET_NXP/TARGET_LPC176X/gpio_api.o
    0x00003080   0x00000026   Code   RO        21338    .text.hal_critical_section_enter  BUILD/LPC1768/ARMC6/mbed-os/hal/source/mbed_critical_section_api.o
    0x000030a6   0x00000002   PAD
    0x000030a8   0x00000080   Code   RO        21340    .text.hal_critical_section_exit  BUILD/LPC1768/ARMC6/mbed-os/hal/source/mbed_critical_section_api.o
    0x00003128   0x0000002a   Code   RO        24637    .text.hal_deepsleep  BUILD/LPC1768/ARMC6/mbed-os/targets/TARGET_NXP/TARGET_LPC176X/sleep.o
    0x00003152   0x00000026   Code   RO        24635    .text.hal_sleep     BUILD/LPC1768/ARMC6/mbed-os/targets/TARGET_NXP/TARGET_LPC176X/sleep.o
    0x00003178   0x00000108   Code   RO        22137    .text.handle_error  BUILD/LPC1768/ARMC6/mbed-os/platform/source/mbed_error.o
    0x00003280   0x00000028   Code   RO        22318    .text.isatty        BUILD/LPC1768/ARMC6/mbed-os/platform/source/mbed_retarget.o
    0x000032a8   0x00000032   Code   RO        22348    .text.lseek         BUILD/LPC1768/ARMC6/mbed-os/platform/source/mbed_retarget.o
    0x000032da   0x00000002   PAD
    0x000032dc   0x00000066   Code   RO           24    .text.main          BUILD/LPC1768/ARMC6/main.o
    0x00003342   0x0000001a   Code   RO        22011    .text.mbed_assert_internal  BUILD/LPC1768/ARMC6/mbed-os/platform/source/mbed_assert.o
    0x0000335c   0x00000006   Code   RO        22111    .text.mbed_die      BUILD/LPC1768/ARMC6/mbed-os/platform/source/mbed_board.o
    0x00003362   0x00000002   PAD
    0x00003364   0x0000003a   Code   RO        22159    .text.mbed_error    BUILD/LPC1768/ARMC6/mbed-os/platform/source/mbed_error.o
    0x0000339e   0x00000020   Code   RO        22113    .text.mbed_error_printf  BUILD/LPC1768/ARMC6/mbed-os/platform/source/mbed_board.o
    0x000033be   0x00000002   PAD
    0x000033c0   0x00000052   Code   RO        22117    .text.mbed_error_puts  BUILD/LPC1768/ARMC6/mbed-os/platform/source/mbed_board.o
    0x00003412   0x00000034   Code   RO        22115    .text.mbed_error_vprintf  BUILD/LPC1768/ARMC6/mbed-os/platform/source/mbed_board.o
    0x00003446   0x00000002   PAD
    0x00003448   0x00000100   Code   RO        21993    .text.mbed_fault_handler  BUILD/LPC1768/ARMC6/mbed-os/platform/source/TARGET_CORTEX_M/mbed_fault_handler.o
    0x00003548   0x0000000c   Code   RO        22155    .text.mbed_get_error_in_progress  BUILD/LPC1768/ARMC6/mbed-os/platform/source/mbed_error.o
    0x00003554   0x0000003e   Code   RO        22141    .text.mbed_halt_system  BUILD/LPC1768/ARMC6/mbed-os/platform/source/mbed_error.o
    0x00003592   0x00000002   PAD
    0x00003594   0x00000038   Code   RO          640    .text.mbed_init     BUILD/LPC1768/ARMC6/mbed-os/cmsis/device/rtos/source/mbed_boot.o
    0x000035cc   0x00000004   Code   RO        22187    .text.mbed_interface_connected  BUILD/LPC1768/ARMC6/mbed-os/platform/source/mbed_interface.o
    0x000035d0   0x00000022   Code   RO        22193    .text.mbed_interface_disconnect  BUILD/LPC1768/ARMC6/mbed-os/platform/source/mbed_interface.o
    0x000035f2   0x00000002   PAD
    0x000035f4   0x00000608   Code   RO        22707    .text.mbed_minimal_formatted_string  BUILD/LPC1768/ARMC6/mbed-os/platform/source/minimal-printf/mbed_printf_implementation.o
    0x00003bfc   0x00000170   Code   RO        22709    .text.mbed_minimal_formatted_string_integer  BUILD/LPC1768/ARMC6/mbed-os/platform/source/minimal-printf/mbed_printf_implementation.o
    0x00003d6c   0x00000046   Code   RO        22711    .text.mbed_minimal_putchar  BUILD/LPC1768/ARMC6/mbed-os/platform/source/minimal-printf/mbed_printf_implementation.o
    0x00003db2   0x00000002   PAD
    0x00003db4   0x000000b0   Code   RO        21464    .text.mbed_mpu_init  BUILD/LPC1768/ARMC6/mbed-os/hal/source/mpu/mbed_mpu_v7m.o
    0x00003e64   0x00000004   Code   RO          656    .text.mbed_rtos_init  BUILD/LPC1768/ARMC6/mbed-os/cmsis/device/rtos/source/mbed_rtos_rtx.o
    0x00003e68   0x0000002c   Code   RO          660    .text.mbed_rtos_init_singleton_mutex  BUILD/LPC1768/ARMC6/mbed-os/cmsis/device/rtos/source/mbed_rtos_rtx.o
    0x00003e94   0x000000a8   Code   RO          658    .text.mbed_rtos_start  BUILD/LPC1768/ARMC6/mbed-os/cmsis/device/rtos/source/mbed_rtos_rtx.o
    0x00003f3c   0x0000001e   Code   RO          644    .text.mbed_start    BUILD/LPC1768/ARMC6/mbed-os/cmsis/device/rtos/source/mbed_boot.o
    0x00003f5a   0x0000001a   Code   RO          622    .text.mbed_toolchain_init  BUILD/LPC1768/ARMC6/mbed-os/cmsis/device/rtos/TOOLCHAIN_ARM_STD/mbed_boot_arm_std.o
    0x00003f74   0x000000be   Code   RO        22326    .text.open          BUILD/LPC1768/ARMC6/mbed-os/platform/source/mbed_retarget.o
    0x00004032   0x0000002e   Code   RO          118    .text.osDelay       BUILD/LPC1768/ARMC6/mbed-os/cmsis/CMSIS_5/CMSIS/RTOS2/RTX/Source/rtx_delay.o
    0x00004060   0x00000032   Code   RO          202    .text.osKernelGetState  BUILD/LPC1768/ARMC6/mbed-os/cmsis/CMSIS_5/CMSIS/RTOS2/RTX/Source/rtx_kernel.o
    0x00004092   0x0000002a   Code   RO          218    .text.osKernelGetTickCount  BUILD/LPC1768/ARMC6/mbed-os/cmsis/CMSIS_5/CMSIS/RTOS2/RTX/Source/rtx_kernel.o
    0x000040bc   0x00000032   Code   RO          196    .text.osKernelInitialize  BUILD/LPC1768/ARMC6/mbed-os/cmsis/CMSIS_5/CMSIS/RTOS2/RTX/Source/rtx_kernel.o
    0x000040ee   0x0000002e   Code   RO          206    .text.osKernelStart  BUILD/LPC1768/ARMC6/mbed-os/cmsis/CMSIS_5/CMSIS/RTOS2/RTX/Source/rtx_kernel.o
    0x0000411c   0x0000007c   Code   RO          333    .text.osMessageQueueGet  BUILD/LPC1768/ARMC6/mbed-os/cmsis/CMSIS_5/CMSIS/RTOS2/RTX/Source/rtx_msgqueue.o
    0x00004198   0x00000084   Code   RO          331    .text.osMessageQueuePut  BUILD/LPC1768/ARMC6/mbed-os/cmsis/CMSIS_5/CMSIS/RTOS2/RTX/Source/rtx_msgqueue.o
    0x0000421c   0x0000002e   Code   RO          381    .text.osMutexAcquire  BUILD/LPC1768/ARMC6/mbed-os/cmsis/CMSIS_5/CMSIS/RTOS2/RTX/Source/rtx_mutex.o
    0x0000424a   0x0000002e   Code   RO          387    .text.osMutexDelete  BUILD/LPC1768/ARMC6/mbed-os/cmsis/CMSIS_5/CMSIS/RTOS2/RTX/Source/rtx_mutex.o
    0x00004278   0x00000032   Code   RO          377    .text.osMutexNew    BUILD/LPC1768/ARMC6/mbed-os/cmsis/CMSIS_5/CMSIS/RTOS2/RTX/Source/rtx_mutex.o
    0x000042aa   0x0000002e   Code   RO          383    .text.osMutexRelease  BUILD/LPC1768/ARMC6/mbed-os/cmsis/CMSIS_5/CMSIS/RTOS2/RTX/Source/rtx_mutex.o
    0x000042d8   0x000000fc   Code   RO          675    .text.osRtxErrorNotify  BUILD/LPC1768/ARMC6/mbed-os/cmsis/device/rtos/source/mbed_rtx_handlers.o
    0x000043d4   0x00000004   Code   RO          673    .text.osRtxIdleThread  BUILD/LPC1768/ARMC6/mbed-os/cmsis/device/rtos/source/mbed_rtx_handlers.o
    0x000043d8   0x00000016   Code   RO          194    .text.osRtxKernelErrorNotify  BUILD/LPC1768/ARMC6/mbed-os/cmsis/CMSIS_5/CMSIS/RTOS2/RTX/Source/rtx_kernel.o
    0x000043ee   0x00000002   PAD
    0x000043f0   0x00000086   Code   RO          271    .text.osRtxMemoryAlloc  BUILD/LPC1768/ARMC6/mbed-os/cmsis/CMSIS_5/CMSIS/RTOS2/RTX/Source/rtx_memory.o
    0x00004476   0x00000002   PAD
    0x00004478   0x0000004e   Code   RO          273    .text.osRtxMemoryFree  BUILD/LPC1768/ARMC6/mbed-os/cmsis/CMSIS_5/CMSIS/RTOS2/RTX/Source/rtx_memory.o
    0x000044c6   0x00000038   Code   RO          269    .text.osRtxMemoryInit  BUILD/LPC1768/ARMC6/mbed-os/cmsis/CMSIS_5/CMSIS/RTOS2/RTX/Source/rtx_memory.o
    0x000044fe   0x0000003a   Code   RO          279    .text.osRtxMemoryPoolAlloc  BUILD/LPC1768/ARMC6/mbed-os/cmsis/CMSIS_5/CMSIS/RTOS2/RTX/Source/rtx_mempool.o
    0x00004538   0x0000004a   Code   RO          281    .text.osRtxMemoryPoolFree  BUILD/LPC1768/ARMC6/mbed-os/cmsis/CMSIS_5/CMSIS/RTOS2/RTX/Source/rtx_mempool.o
    0x00004582   0x00000002   PAD
    0x00004584   0x00000052   Code   RO          277    .text.osRtxMemoryPoolInit  BUILD/LPC1768/ARMC6/mbed-os/cmsis/CMSIS_5/CMSIS/RTOS2/RTX/Source/rtx_mempool.o
    0x000045d6   0x000000d6   Code   RO          355    .text.osRtxMessageQueuePostProcess  BUILD/LPC1768/ARMC6/mbed-os/cmsis/CMSIS_5/CMSIS/RTOS2/RTX/Source/rtx_msgqueue.o
    0x000046ac   0x0000002c   Code   RO          323    .text.osRtxMessageQueueTimerSetup  BUILD/LPC1768/ARMC6/mbed-os/cmsis/CMSIS_5/CMSIS/RTOS2/RTX/Source/rtx_msgqueue.o
    0x000046d8   0x0000004a   Code   RO          373    .text.osRtxMutexOwnerRelease  BUILD/LPC1768/ARMC6/mbed-os/cmsis/CMSIS_5/CMSIS/RTOS2/RTX/Source/rtx_mutex.o
    0x00004722   0x00000002   PAD
    0x00004724   0x00000050   Code   RO          375    .text.osRtxMutexOwnerRestore  BUILD/LPC1768/ARMC6/mbed-os/cmsis/CMSIS_5/CMSIS/RTOS2/RTX/Source/rtx_mutex.o
    0x00004774   0x000000a4   Code   RO          433    .text.osRtxPendSV_Handler  BUILD/LPC1768/ARMC6/mbed-os/cmsis/CMSIS_5/CMSIS/RTOS2/RTX/Source/rtx_system.o
    0x00004818   0x00000076   Code   RO          435    .text.osRtxPostProcess  BUILD/LPC1768/ARMC6/mbed-os/cmsis/CMSIS_5/CMSIS/RTOS2/RTX/Source/rtx_system.o
    0x0000488e   0x00000002   PAD
    0x00004890   0x000000a2   Code   RO          463    .text.osRtxThreadDelayInsert  BUILD/LPC1768/ARMC6/mbed-os/cmsis/CMSIS_5/CMSIS/RTOS2/RTX/Source/rtx_thread.o
    0x00004932   0x00000046   Code   RO          459    .text.osRtxThreadDelayRemove  BUILD/LPC1768/ARMC6/mbed-os/cmsis/CMSIS_5/CMSIS/RTOS2/RTX/Source/rtx_thread.o
    0x00004978   0x000000a2   Code   RO          449    .text.osRtxThreadDelayTick  BUILD/LPC1768/ARMC6/mbed-os/cmsis/CMSIS_5/CMSIS/RTOS2/RTX/Source/rtx_thread.o
    0x00004a1a   0x00000026   Code   RO          545    .text.osRtxThreadDestroy  BUILD/LPC1768/ARMC6/mbed-os/cmsis/CMSIS_5/CMSIS/RTOS2/RTX/Source/rtx_thread.o
    0x00004a40   0x000000f8   Code   RO          455    .text.osRtxThreadDispatch  BUILD/LPC1768/ARMC6/mbed-os/cmsis/CMSIS_5/CMSIS/RTOS2/RTX/Source/rtx_thread.o
    0x00004b38   0x00000064   Code   RO          537    .text.osRtxThreadFree  BUILD/LPC1768/ARMC6/mbed-os/cmsis/CMSIS_5/CMSIS/RTOS2/RTX/Source/rtx_thread.o
    0x00004b9c   0x00000020   Code   RO          543    .text.osRtxThreadJoinWakeup  BUILD/LPC1768/ARMC6/mbed-os/cmsis/CMSIS_5/CMSIS/RTOS2/RTX/Source/rtx_thread.o
    0x00004bbc   0x00000012   Code   RO          441    .text.osRtxThreadListGet  BUILD/LPC1768/ARMC6/mbed-os/cmsis/CMSIS_5/CMSIS/RTOS2/RTX/Source/rtx_thread.o
    0x00004bce   0x00000002   PAD
    0x00004bd0   0x0000002a   Code   RO          439    .text.osRtxThreadListPut  BUILD/LPC1768/ARMC6/mbed-os/cmsis/CMSIS_5/CMSIS/RTOS2/RTX/Source/rtx_thread.o
    0x00004bfa   0x00000014   Code   RO          445    .text.osRtxThreadListRemove  BUILD/LPC1768/ARMC6/mbed-os/cmsis/CMSIS_5/CMSIS/RTOS2/RTX/Source/rtx_thread.o
    0x00004c0e   0x00000002   PAD
    0x00004c10   0x00000046   Code   RO          443    .text.osRtxThreadListSort  BUILD/LPC1768/ARMC6/mbed-os/cmsis/CMSIS_5/CMSIS/RTOS2/RTX/Source/rtx_thread.o
    0x00004c56   0x0000002a   Code   RO          513    .text.osRtxThreadPostProcess  BUILD/LPC1768/ARMC6/mbed-os/cmsis/CMSIS_5/CMSIS/RTOS2/RTX/Source/rtx_thread.o
    0x00004c80   0x0000003a   Code   RO          447    .text.osRtxThreadReadyPut  BUILD/LPC1768/ARMC6/mbed-os/cmsis/CMSIS_5/CMSIS/RTOS2/RTX/Source/rtx_thread.o
    0x00004cba   0x00000048   Code   RO          465    .text.osRtxThreadStartup  BUILD/LPC1768/ARMC6/mbed-os/cmsis/CMSIS_5/CMSIS/RTOS2/RTX/Source/rtx_thread.o
    0x00004d02   0x00000010   Code   RO          453    .text.osRtxThreadSwitch  BUILD/LPC1768/ARMC6/mbed-os/cmsis/CMSIS_5/CMSIS/RTOS2/RTX/Source/rtx_thread.o
    0x00004d12   0x00000048   Code   RO          461    .text.osRtxThreadWaitEnter  BUILD/LPC1768/ARMC6/mbed-os/cmsis/CMSIS_5/CMSIS/RTOS2/RTX/Source/rtx_thread.o
    0x00004d5a   0x00000002   PAD
    0x00004d5c   0x00000052   Code   RO          457    .text.osRtxThreadWaitExit  BUILD/LPC1768/ARMC6/mbed-os/cmsis/CMSIS_5/CMSIS/RTOS2/RTX/Source/rtx_thread.o
    0x00004dae   0x0000007a   Code   RO          431    .text.osRtxTick_Handler  BUILD/LPC1768/ARMC6/mbed-os/cmsis/CMSIS_5/CMSIS/RTOS2/RTX/Source/rtx_system.o
    0x00004e28   0x00000024   Code   RO          563    .text.osRtxTimerSetup  BUILD/LPC1768/ARMC6/mbed-os/cmsis/CMSIS_5/CMSIS/RTOS2/RTX/Source/rtx_timer.o
    0x00004e4c   0x00000022   Code   RO          567    .text.osRtxTimerThread  BUILD/LPC1768/ARMC6/mbed-os/cmsis/CMSIS_5/CMSIS/RTOS2/RTX/Source/rtx_timer.o
    0x00004e6e   0x00000002   PAD
    0x00004e70   0x00000078   Code   RO          565    .text.osRtxTimerTick  BUILD/LPC1768/ARMC6/mbed-os/cmsis/CMSIS_5/CMSIS/RTOS2/RTX/Source/rtx_timer.o
    0x00004ee8   0x0000001a   Code   RO          497    .text.osThreadExit  BUILD/LPC1768/ARMC6/mbed-os/cmsis/CMSIS_5/CMSIS/RTOS2/RTX/Source/rtx_thread.o
    0x00004f02   0x0000002a   Code   RO          473    .text.osThreadGetId  BUILD/LPC1768/ARMC6/mbed-os/cmsis/CMSIS_5/CMSIS/RTOS2/RTX/Source/rtx_thread.o
    0x00004f2c   0x00000032   Code   RO          469    .text.osThreadNew   BUILD/LPC1768/ARMC6/mbed-os/cmsis/CMSIS_5/CMSIS/RTOS2/RTX/Source/rtx_thread.o
    0x00004f5e   0x00000058   Code   RO        24504    .text.pin_function  BUILD/LPC1768/ARMC6/mbed-os/targets/TARGET_NXP/TARGET_LPC176X/pinmap.o
    0x00004fb6   0x0000007e   Code   RO        24506    .text.pin_mode      BUILD/LPC1768/ARMC6/mbed-os/targets/TARGET_NXP/TARGET_LPC176X/pinmap.o
    0x00005034   0x00000020   Code   RO        21381    .text.pinmap_find_peripheral  BUILD/LPC1768/ARMC6/mbed-os/hal/source/mbed_pinmap_common.o
    0x00005054   0x00000044   Code   RO        21379    .text.pinmap_merge  BUILD/LPC1768/ARMC6/mbed-os/hal/source/mbed_pinmap_common.o
    0x00005098   0x0000006c   Code   RO        21383    .text.pinmap_peripheral  BUILD/LPC1768/ARMC6/mbed-os/hal/source/mbed_pinmap_common.o
    0x00005104   0x00000068   Code   RO        21377    .text.pinmap_pinout  BUILD/LPC1768/ARMC6/mbed-os/hal/source/mbed_pinmap_common.o
    0x0000516c   0x00000170   Code   RO        21995    .text.print_context_info  BUILD/LPC1768/ARMC6/mbed-os/platform/source/TARGET_CORTEX_M/mbed_fault_handler.o
    0x000052dc   0x000001f0   Code   RO        22139    .text.print_error_report  BUILD/LPC1768/ARMC6/mbed-os/platform/source/mbed_error.o
    0x000054cc   0x0000000e   Code   RO          709    .text.rtos_idle_loop  BUILD/LPC1768/ARMC6/mbed-os/cmsis/device/rtos/source/mbed_rtx_idle.o
    0x000054da   0x00000010   Code   RO        22541    .text.semihost_connected  BUILD/LPC1768/ARMC6/mbed-os/platform/source/mbed_semihost_api.o
    0x000054ea   0x0000000e   Code   RO        22543    .text.semihost_disabledebug  BUILD/LPC1768/ARMC6/mbed-os/platform/source/mbed_semihost_api.o
    0x000054f8   0x0000000c   Code   RO        22531    .text.semihost_exit  BUILD/LPC1768/ARMC6/mbed-os/platform/source/mbed_semihost_api.o
    0x00005504   0x000001f4   Code   RO        24578    .text.serial_baud   BUILD/LPC1768/ARMC6/mbed-os/targets/TARGET_NXP/TARGET_LPC176X/serial_api.o
    0x000056f8   0x00000036   Code   RO        24600    .text.serial_getc   BUILD/LPC1768/ARMC6/mbed-os/targets/TARGET_NXP/TARGET_LPC176X/serial_api.o
    0x0000572e   0x00000002   PAD
    0x00005730   0x00000190   Code   RO        24576    .text.serial_init   BUILD/LPC1768/ARMC6/mbed-os/targets/TARGET_NXP/TARGET_LPC176X/serial_api.o
    0x000058c0   0x0000000a   Code   RO        21485    .text.serial_init_direct  BUILD/LPC1768/ARMC6/mbed-os/hal/source/static_pinmap.o
    0x000058ca   0x0000010e   Code   RO        24598    .text.serial_irq_set_internal  BUILD/LPC1768/ARMC6/mbed-os/targets/TARGET_NXP/TARGET_LPC176X/serial_api.o
    0x000059d8   0x00000034   Code   RO        24604    .text.serial_putc   BUILD/LPC1768/ARMC6/mbed-os/targets/TARGET_NXP/TARGET_LPC176X/serial_api.o
    0x00005a0c   0x0000000a   Code   RO        24602    .text.serial_readable  BUILD/LPC1768/ARMC6/mbed-os/targets/TARGET_NXP/TARGET_LPC176X/serial_api.o
    0x00005a16   0x00000128   Code   RO        24582    .text.serial_set_flow_control  BUILD/LPC1768/ARMC6/mbed-os/targets/TARGET_NXP/TARGET_LPC176X/serial_api.o
    0x00005b3e   0x00000050   Code   RO        24606    .text.serial_writable  BUILD/LPC1768/ARMC6/mbed-os/targets/TARGET_NXP/TARGET_LPC176X/serial_api.o
    0x00005b8e   0x00000002   PAD
    0x00005b90   0x00000060   Code   RO        22277    .text.sleep_manager_lock_deep_sleep_internal  BUILD/LPC1768/ARMC6/mbed-os/platform/source/mbed_power_mgmt.o
    0x00005bf0   0x00000024   Code   RO        22285    .text.sleep_manager_sleep_auto  BUILD/LPC1768/ARMC6/mbed-os/platform/source/mbed_power_mgmt.o
    0x00005c14   0x00000064   Code   RO        22279    .text.sleep_manager_unlock_deep_sleep_internal  BUILD/LPC1768/ARMC6/mbed-os/platform/source/mbed_power_mgmt.o
    0x00005c78   0x00000026   Code   RO          122    .text.svcRtxDelay   BUILD/LPC1768/ARMC6/mbed-os/cmsis/CMSIS_5/CMSIS/RTOS2/RTX/Source/rtx_delay.o
    0x00005c9e   0x0000000c   Code   RO          204    .text.svcRtxKernelGetState  BUILD/LPC1768/ARMC6/mbed-os/cmsis/CMSIS_5/CMSIS/RTOS2/RTX/Source/rtx_kernel.o
    0x00005caa   0x0000000c   Code   RO          220    .text.svcRtxKernelGetTickCount  BUILD/LPC1768/ARMC6/mbed-os/cmsis/CMSIS_5/CMSIS/RTOS2/RTX/Source/rtx_kernel.o
    0x00005cb6   0x00000148   Code   RO          234    .text.svcRtxKernelInitialize  BUILD/LPC1768/ARMC6/mbed-os/cmsis/CMSIS_5/CMSIS/RTOS2/RTX/Source/rtx_kernel.o
    0x00005dfe   0x000000a8   Code   RO          236    .text.svcRtxKernelStart  BUILD/LPC1768/ARMC6/mbed-os/cmsis/CMSIS_5/CMSIS/RTOS2/RTX/Source/rtx_kernel.o
    0x00005ea6   0x000000f6   Code   RO          365    .text.svcRtxMessageQueueGet  BUILD/LPC1768/ARMC6/mbed-os/cmsis/CMSIS_5/CMSIS/RTOS2/RTX/Source/rtx_msgqueue.o
    0x00005f9c   0x00000150   Code   RO          325    .text.svcRtxMessageQueueNew  BUILD/LPC1768/ARMC6/mbed-os/cmsis/CMSIS_5/CMSIS/RTOS2/RTX/Source/rtx_msgqueue.o
    0x000060ec   0x000000c0   Code   RO          361    .text.svcRtxMessageQueuePut  BUILD/LPC1768/ARMC6/mbed-os/cmsis/CMSIS_5/CMSIS/RTOS2/RTX/Source/rtx_msgqueue.o
    0x000061ac   0x000000b0   Code   RO          393    .text.svcRtxMutexAcquire  BUILD/LPC1768/ARMC6/mbed-os/cmsis/CMSIS_5/CMSIS/RTOS2/RTX/Source/rtx_mutex.o
    0x0000625c   0x000000b6   Code   RO          399    .text.svcRtxMutexDelete  BUILD/LPC1768/ARMC6/mbed-os/cmsis/CMSIS_5/CMSIS/RTOS2/RTX/Source/rtx_mutex.o
    0x00006312   0x00000078   Code   RO          389    .text.svcRtxMutexNew  BUILD/LPC1768/ARMC6/mbed-os/cmsis/CMSIS_5/CMSIS/RTOS2/RTX/Source/rtx_mutex.o
    0x0000638a   0x00000002   PAD
    0x0000638c   0x000000d2   Code   RO          395    .text.svcRtxMutexRelease  BUILD/LPC1768/ARMC6/mbed-os/cmsis/CMSIS_5/CMSIS/RTOS2/RTX/Source/rtx_mutex.o
    0x0000645e   0x00000052   Code   RO          541    .text.svcRtxThreadExit  BUILD/LPC1768/ARMC6/mbed-os/cmsis/CMSIS_5/CMSIS/RTOS2/RTX/Source/rtx_thread.o
    0x000064b0   0x0000000c   Code   RO          475    .text.svcRtxThreadGetId  BUILD/LPC1768/ARMC6/mbed-os/cmsis/CMSIS_5/CMSIS/RTOS2/RTX/Source/rtx_thread.o
    0x000064bc   0x00000220   Code   RO          467    .text.svcRtxThreadNew  BUILD/LPC1768/ARMC6/mbed-os/cmsis/CMSIS_5/CMSIS/RTOS2/RTX/Source/rtx_thread.o
    0x000066dc   0x0000002a   Code   RO          679    .text.trap_rtx_error  BUILD/LPC1768/ARMC6/mbed-os/cmsis/device/rtos/source/mbed_rtx_handlers.o
    0x00006706   0x00000066   Code   RO        24586    .text.uart0_irq     BUILD/LPC1768/ARMC6/mbed-os/targets/TARGET_NXP/TARGET_LPC176X/serial_api.o
    0x0000676c   0x00000064   Code   RO        24588    .text.uart1_irq     BUILD/LPC1768/ARMC6/mbed-os/targets/TARGET_NXP/TARGET_LPC176X/serial_api.o
    0x000067d0   0x00000068   Code   RO        24590    .text.uart2_irq     BUILD/LPC1768/ARMC6/mbed-os/targets/TARGET_NXP/TARGET_LPC176X/serial_api.o
    0x00006838   0x00000070   Code   RO        24592    .text.uart3_irq     BUILD/LPC1768/ARMC6/mbed-os/targets/TARGET_NXP/TARGET_LPC176X/serial_api.o
    0x000068a8   0x00000032   Code   RO        22334    .text.write         BUILD/LPC1768/ARMC6/mbed-os/platform/source/mbed_retarget.o
    0x000068da   0x00000026   Code   RO        25721    i.__ARM_fpclassifyf  /home/aidan/.config/Mbed Studio/mbed-studio-tools/ac6/bin/../lib/armlib/m_ws.l(fpclassifyf.o)
    0x00006900   0x0000000a   Code   RO        25723    i.__mathlib_flt_divzero  /home/aidan/.config/Mbed Studio/mbed-studio-tools/ac6/bin/../lib/armlib/m_ws.l(funder.o)
    0x0000690a   0x00000004   Code   RO        25725    i.__mathlib_flt_infnan2  /home/aidan/.config/Mbed Studio/mbed-studio-tools/ac6/bin/../lib/armlib/m_ws.l(funder.o)
    0x0000690e   0x00000008   Code   RO        25726    i.__mathlib_flt_invalid  /home/aidan/.config/Mbed Studio/mbed-studio-tools/ac6/bin/../lib/armlib/m_ws.l(funder.o)
    0x00006916   0x0000000a   Code   RO        25727    i.__mathlib_flt_overflow  /home/aidan/.config/Mbed Studio/mbed-studio-tools/ac6/bin/../lib/armlib/m_ws.l(funder.o)
    0x00006920   0x0000000a   Code   RO        25729    i.__mathlib_flt_underflow  /home/aidan/.config/Mbed Studio/mbed-studio-tools/ac6/bin/../lib/armlib/m_ws.l(funder.o)
    0x0000692a   0x0000001a   Code   RO        24907    i.fputc             /home/aidan/.config/Mbed Studio/mbed-studio-tools/ac6/bin/../lib/armlib/c_w.l(fputc.o)
    0x00006944   0x00000620   Code   RO        25192    i.powf              /home/aidan/.config/Mbed Studio/mbed-studio-tools/ac6/bin/../lib/armlib/m_ws.l(powf.o)
    0x00006f64   0x00000062   Code   RO        25020    x$fpl$d2f           /home/aidan/.config/Mbed Studio/mbed-studio-tools/ac6/bin/../lib/armlib/fz_ws.l(d2f.o)
    0x00006fc6   0x00000002   PAD
    0x00006fc8   0x00000150   Code   RO        25022    x$fpl$dadd          /home/aidan/.config/Mbed Studio/mbed-studio-tools/ac6/bin/../lib/armlib/fz_ws.l(daddsub_clz.o)
    0x00007118   0x00000018   Code   RO        25827    x$fpl$dcmpinf       /home/aidan/.config/Mbed Studio/mbed-studio-tools/ac6/bin/../lib/armlib/fz_ws.l(dcmpi.o)
    0x00007130   0x00000078   Code   RO        25364    x$fpl$deqf          /home/aidan/.config/Mbed Studio/mbed-studio-tools/ac6/bin/../lib/armlib/fz_ws.l(deqf.o)
    0x000071a8   0x0000005e   Code   RO        25034    x$fpl$dfix          /home/aidan/.config/Mbed Studio/mbed-studio-tools/ac6/bin/../lib/armlib/fz_ws.l(dfix.o)
    0x00007206   0x00000002   PAD
    0x00007208   0x000000a2   Code   RO        25052    x$fpl$dfltll        /home/aidan/.config/Mbed Studio/mbed-studio-tools/ac6/bin/../lib/armlib/fz_ws.l(dfltll_clz.o)
    0x000072aa   0x00000002   PAD
    0x000072ac   0x00000078   Code   RO        25366    x$fpl$dgeqf         /home/aidan/.config/Mbed Studio/mbed-studio-tools/ac6/bin/../lib/armlib/fz_ws.l(dgeqf.o)
    0x00007324   0x00000078   Code   RO        25368    x$fpl$dleqf         /home/aidan/.config/Mbed Studio/mbed-studio-tools/ac6/bin/../lib/armlib/fz_ws.l(dleqf.o)
    0x0000739c   0x00000154   Code   RO        25056    x$fpl$dmul          /home/aidan/.config/Mbed Studio/mbed-studio-tools/ac6/bin/../lib/armlib/fz_ws.l(dmul.o)
    0x000074f0   0x0000009c   Code   RO        25370    x$fpl$dnaninf       /home/aidan/.config/Mbed Studio/mbed-studio-tools/ac6/bin/../lib/armlib/fz_ws.l(dnaninf.o)
    0x0000758c   0x0000000c   Code   RO        25372    x$fpl$dretinf       /home/aidan/.config/Mbed Studio/mbed-studio-tools/ac6/bin/../lib/armlib/fz_ws.l(dretinf.o)
    0x00007598   0x000001dc   Code   RO        25024    x$fpl$dsub          /home/aidan/.config/Mbed Studio/mbed-studio-tools/ac6/bin/../lib/armlib/fz_ws.l(daddsub_clz.o)
    0x00007774   0x00000056   Code   RO        25058    x$fpl$f2d           /home/aidan/.config/Mbed Studio/mbed-studio-tools/ac6/bin/../lib/armlib/fz_ws.l(f2d.o)
    0x000077ca   0x00000002   PAD
    0x000077cc   0x000000c4   Code   RO        25060    x$fpl$fadd          /home/aidan/.config/Mbed Studio/mbed-studio-tools/ac6/bin/../lib/armlib/fz_ws.l(faddsub_clz.o)
    0x00007890   0x0000000c   Code   RO        25829    x$fpl$fcheck1       /home/aidan/.config/Mbed Studio/mbed-studio-tools/ac6/bin/../lib/armlib/fz_ws.l(fcheck1.o)
    0x0000789c   0x00000054   Code   RO        25028    x$fpl$fcmp          /home/aidan/.config/Mbed Studio/mbed-studio-tools/ac6/bin/../lib/armlib/fz_ws.l(dcmp.o)
    0x000078f0   0x00000054   Code   RO        25066    x$fpl$fcmp          /home/aidan/.config/Mbed Studio/mbed-studio-tools/ac6/bin/../lib/armlib/fz_ws.l(fcmp.o)
    0x00007944   0x00000018   Code   RO        25831    x$fpl$fcmpinf       /home/aidan/.config/Mbed Studio/mbed-studio-tools/ac6/bin/../lib/armlib/fz_ws.l(fcmpi.o)
    0x0000795c   0x00000184   Code   RO        25069    x$fpl$fdiv          /home/aidan/.config/Mbed Studio/mbed-studio-tools/ac6/bin/../lib/armlib/fz_ws.l(fdiv.o)
    0x00007ae0   0x00000068   Code   RO        25378    x$fpl$feqf          /home/aidan/.config/Mbed Studio/mbed-studio-tools/ac6/bin/../lib/armlib/fz_ws.l(feqf.o)
    0x00007b48   0x00000036   Code   RO        25072    x$fpl$ffix          /home/aidan/.config/Mbed Studio/mbed-studio-tools/ac6/bin/../lib/armlib/fz_ws.l(ffix.o)
    0x00007b7e   0x00000002   PAD
    0x00007b80   0x00000052   Code   RO        25073    x$fpl$ffixr         /home/aidan/.config/Mbed Studio/mbed-studio-tools/ac6/bin/../lib/armlib/fz_ws.l(ffix.o)
    0x00007bd2   0x00000002   PAD
    0x00007bd4   0x00000030   Code   RO        25081    x$fpl$fflt          /home/aidan/.config/Mbed Studio/mbed-studio-tools/ac6/bin/../lib/armlib/fz_ws.l(fflt_clz.o)
    0x00007c04   0x00000060   Code   RO        25086    x$fpl$ffltll        /home/aidan/.config/Mbed Studio/mbed-studio-tools/ac6/bin/../lib/armlib/fz_ws.l(ffltll_clz.o)
    0x00007c64   0x00000026   Code   RO        25080    x$fpl$ffltu         /home/aidan/.config/Mbed Studio/mbed-studio-tools/ac6/bin/../lib/armlib/fz_ws.l(fflt_clz.o)
    0x00007c8a   0x00000002   PAD
    0x00007c8c   0x00000068   Code   RO        25380    x$fpl$fgeqf         /home/aidan/.config/Mbed Studio/mbed-studio-tools/ac6/bin/../lib/armlib/fz_ws.l(fgeqf.o)
    0x00007cf4   0x00000068   Code   RO        25382    x$fpl$fleqf         /home/aidan/.config/Mbed Studio/mbed-studio-tools/ac6/bin/../lib/armlib/fz_ws.l(fleqf.o)
    0x00007d5c   0x00000102   Code   RO        25088    x$fpl$fmul          /home/aidan/.config/Mbed Studio/mbed-studio-tools/ac6/bin/../lib/armlib/fz_ws.l(fmul.o)
    0x00007e5e   0x0000008c   Code   RO        25384    x$fpl$fnaninf       /home/aidan/.config/Mbed Studio/mbed-studio-tools/ac6/bin/../lib/armlib/fz_ws.l(fnaninf.o)
    0x00007eea   0x0000000a   Code   RO        25386    x$fpl$fretinf       /home/aidan/.config/Mbed Studio/mbed-studio-tools/ac6/bin/../lib/armlib/fz_ws.l(fretinf.o)
    0x00007ef4   0x00000014   Code   RO        25061    x$fpl$frsb          /home/aidan/.config/Mbed Studio/mbed-studio-tools/ac6/bin/../lib/armlib/fz_ws.l(faddsub_clz.o)
    0x00007f08   0x000000ea   Code   RO        25062    x$fpl$fsub          /home/aidan/.config/Mbed Studio/mbed-studio-tools/ac6/bin/../lib/armlib/fz_ws.l(faddsub_clz.o)
    0x00007ff2   0x00000002   PAD
    0x00007ff4   0x000000c2   Code   RO        25038    x$fpl$llsfromd      /home/aidan/.config/Mbed Studio/mbed-studio-tools/ac6/bin/../lib/armlib/fz_ws.l(dfixll.o)
    0x000080b6   0x00000064   Code   RO        25935    x$fpl$retnan        /home/aidan/.config/Mbed Studio/mbed-studio-tools/ac6/bin/../lib/armlib/fz_ws.l(retnan.o)
    0x0000811a   0x0000004c   Code   RO        25390    x$fpl$scalbnf       /home/aidan/.config/Mbed Studio/mbed-studio-tools/ac6/bin/../lib/armlib/fz_ws.l(scalbnf.o)
    0x00008166   0x00000030   Code   RO        25967    x$fpl$trapveneer    /home/aidan/.config/Mbed Studio/mbed-studio-tools/ac6/bin/../lib/armlib/fz_ws.l(trapv.o)
    0x00008196   0x00000000   Code   RO        25394    x$fpl$usenofp       /home/aidan/.config/Mbed Studio/mbed-studio-tools/ac6/bin/../lib/armlib/fz_ws.l(usenofp.o)
    0x00008196   0x00000002   PAD
    0x00008198   0x00000140   Data   RO        25193    .constdata          /home/aidan/.config/Mbed Studio/mbed-studio-tools/ac6/bin/../lib/armlib/m_ws.l(powf.o)
    0x000082d8   0x000000a8   Data   RO          258    .rodata             BUILD/LPC1768/ARMC6/mbed-os/cmsis/CMSIS_5/CMSIS/RTOS2/RTX/Source/rtx_lib.o
    0x00008380   0x00000010   Data   RO          667    .rodata..L__const.mbed_rtos_init_singleton_mutex.singleton_mutex_attr  BUILD/LPC1768/ARMC6/mbed-os/cmsis/device/rtos/source/mbed_rtos_rtx.o
    0x00008390   0x0000006c   Data   RO        24337    .rodata.PinMap_ADC  BUILD/LPC1768/ARMC6/mbed-os/targets/TARGET_NXP/TARGET_LPC176X/analogin_api.o
    0x000083fc   0x00000018   Data   RO        24354    .rodata.PinMap_DAC  BUILD/LPC1768/ARMC6/mbed-os/targets/TARGET_NXP/TARGET_LPC176X/analogout_api.o
    0x00008414   0x00000024   Data   RO        24632    .rodata.PinMap_UART_CTS  BUILD/LPC1768/ARMC6/mbed-os/targets/TARGET_NXP/TARGET_LPC176X/serial_api.o
    0x00008438   0x00000024   Data   RO        24631    .rodata.PinMap_UART_RTS  BUILD/LPC1768/ARMC6/mbed-os/targets/TARGET_NXP/TARGET_LPC176X/serial_api.o
    0x0000845c   0x0000006c   Data   RO        24626    .rodata.PinMap_UART_RX  BUILD/LPC1768/ARMC6/mbed-os/targets/TARGET_NXP/TARGET_LPC176X/serial_api.o
    0x000084c8   0x0000006c   Data   RO        24625    .rodata.PinMap_UART_TX  BUILD/LPC1768/ARMC6/mbed-os/targets/TARGET_NXP/TARGET_LPC176X/serial_api.o
    0x00008534   0x00000050   Data   RO        22458    .rodata._ZTV12DirectSerial  BUILD/LPC1768/ARMC6/mbed-os/platform/source/mbed_retarget.o
    0x00008584   0x00000018   Data   RO        18932    .rodata._ZTVN4mbed8AnalogInE  BUILD/LPC1768/ARMC6/mbed-os/drivers/source/AnalogIn.o
    0x0000859c   0x00000018   Data   RO           63    .rodata._ZTVN4mbed9AnalogOutE  BUILD/LPC1768/ARMC6/main.o
    0x000085b4   0x00000018   Data   RO        22468    .rodata._ZZL15default_consolevE14console_pinmap  BUILD/LPC1768/ARMC6/mbed-os/platform/source/mbed_retarget.o
    0x000085cc   0x00000008   Data   RO        22454    .rodata.__stderr_name  BUILD/LPC1768/ARMC6/mbed-os/platform/source/mbed_retarget.o
    0x000085d4   0x00000007   Data   RO        22452    .rodata.__stdin_name  BUILD/LPC1768/ARMC6/mbed-os/platform/source/mbed_retarget.o
    0x000085db   0x00000008   Data   RO        22453    .rodata.__stdout_name  BUILD/LPC1768/ARMC6/mbed-os/platform/source/mbed_retarget.o
    0x000085e3   0x00000001   PAD
    0x000085e4   0x00000004   Data   RO          260    .rodata.osRtxUserSVC  BUILD/LPC1768/ARMC6/mbed-os/cmsis/CMSIS_5/CMSIS/RTOS2/RTX/Source/rtx_lib.o
    0x000085e8   0x00000024   Data   RO          255    .rodata.os_idle_thread_attr  BUILD/LPC1768/ARMC6/mbed-os/cmsis/CMSIS_5/CMSIS/RTOS2/RTX/Source/rtx_lib.o
    0x0000860c   0x00000018   Data   RO          257    .rodata.os_timer_mq_attr  BUILD/LPC1768/ARMC6/mbed-os/cmsis/CMSIS_5/CMSIS/RTOS2/RTX/Source/rtx_lib.o
    0x00008624   0x00000024   Data   RO          256    .rodata.os_timer_thread_attr  BUILD/LPC1768/ARMC6/mbed-os/cmsis/CMSIS_5/CMSIS/RTOS2/RTX/Source/rtx_lib.o
    0x00008648   0x00000013   Data   RO          261    .rodata.str1.1      BUILD/LPC1768/ARMC6/mbed-os/cmsis/CMSIS_5/CMSIS/RTOS2/RTX/Source/rtx_lib.o
    0x0000865b   0x00000010   Data   RO          665    .rodata.str1.1      BUILD/LPC1768/ARMC6/mbed-os/cmsis/device/rtos/source/mbed_rtos_rtx.o
    0x0000866b   0x00000138   Data   RO          702    .rodata.str1.1      BUILD/LPC1768/ARMC6/mbed-os/cmsis/device/rtos/source/mbed_rtx_handlers.o
    0x000087a3   0x00000056   Data   RO        18299    .rodata.str1.1      BUILD/LPC1768/ARMC6/mbed-os/connectivity/netsocket/source/nsapi_dns.o
    0x000087f9   0x00000052   Data   RO        21367    .rodata.str1.1      BUILD/LPC1768/ARMC6/mbed-os/hal/source/mbed_gpio.o
    0x0000884b   0x000000c8   Data   RO        21999    .rodata.str1.1      BUILD/LPC1768/ARMC6/mbed-os/platform/source/TARGET_CORTEX_M/mbed_fault_handler.o
    0x00008913   0x00000155   Data   RO        22183    .rodata.str1.1      BUILD/LPC1768/ARMC6/mbed-os/platform/source/mbed_error.o
    0x00008a68   0x00000063   Data   RO        22462    .rodata.str1.1      BUILD/LPC1768/ARMC6/mbed-os/platform/source/mbed_retarget.o
    0x00008acb   0x00000012   Data   RO        22830    .rodata.str1.1      BUILD/LPC1768/ARMC6/mbed-os/rtos/source/Mutex.o
    0x00008add   0x00000034   Data   RO        22898    .rodata.str1.1      BUILD/LPC1768/ARMC6/mbed-os/rtos/source/ThisThread.o
    0x00008b11   0x00000037   Data   RO        24444    .rodata.str1.1      BUILD/LPC1768/ARMC6/mbed-os/targets/TARGET_NXP/TARGET_LPC176X/gpio_api.o
    0x00008b48   0x00000035   Data   RO        24508    .rodata.str1.1      BUILD/LPC1768/ARMC6/mbed-os/targets/TARGET_NXP/TARGET_LPC176X/pinmap.o
    0x00008b7d   0x00000039   Data   RO        24627    .rodata.str1.1      BUILD/LPC1768/ARMC6/mbed-os/targets/TARGET_NXP/TARGET_LPC176X/serial_api.o
    0x00008bb6   0x00000002   PAD
    0x00008bb8   0x0000000b   Data   RO          248    .rodata.str1.4      BUILD/LPC1768/ARMC6/mbed-os/cmsis/CMSIS_5/CMSIS/RTOS2/RTX/Source/rtx_kernel.o
    0x00008bc3   0x00000001   PAD
    0x00008bc4   0x00000020   Data   RO        26011    Region$$Table       anon$$obj.o
    0x00008be4   0x00000004   Data   RO           49    .init_array         BUILD/LPC1768/ARMC6/main.o
    0x00008be8   0x00000000   Data   RO        25015    .init_array         /home/aidan/.config/Mbed Studio/mbed-studio-tools/ac6/bin/../lib/armlib/c_w.l(init_aeabi.o)


    Execution Region RW_IRAM1 (Base: 0x100000c8, Size: 0x00001f50, Max: 0x00007f18, ABSOLUTE)

    Base Addr    Size         Type   Attr      Idx    E Section Name        Object

    0x100000c8   0x00000004   Data   RW        24931    .data               /home/aidan/.config/Mbed Studio/mbed-studio-tools/ac6/bin/../lib/armlib/c_w.l(stdio_streams.o)
    0x100000cc   0x00000004   Data   RW        24932    .data               /home/aidan/.config/Mbed Studio/mbed-studio-tools/ac6/bin/../lib/armlib/c_w.l(stdio_streams.o)
    0x100000d0   0x00000004   Data   RW        24933    .data               /home/aidan/.config/Mbed Studio/mbed-studio-tools/ac6/bin/../lib/armlib/c_w.l(stdio_streams.o)
    0x100000d4   0x00000004   Data   RW        25283    .data               /home/aidan/.config/Mbed Studio/mbed-studio-tools/ac6/bin/../lib/armlib/c_w.l(streamlock.o)
    0x100000d8   0x00000004   Data   RW        24433    .data.SystemCoreClock  BUILD/LPC1768/ARMC6/mbed-os/targets/TARGET_NXP/TARGET_LPC176X/device/system_LPC17xx.o
    0x100000dc   0x00000040   Data   RW        22467    .data._ZL11filehandles  BUILD/LPC1768/ARMC6/mbed-os/platform/source/mbed_retarget.o
    0x1000011c   0x00000004   Data   RW          711    .data._ZL14idle_hook_fptr  BUILD/LPC1768/ARMC6/mbed-os/cmsis/device/rtos/source/mbed_rtx_idle.o
    0x10000120   0x00000004   Data   RW           33    .data.inRange       BUILD/LPC1768/ARMC6/main.o
    0x10000124   0x00000004   Data   RW           32    .data.inertia       BUILD/LPC1768/ARMC6/main.o
    0x10000128   0x00000004   Data   RW           42    .data.maxAcceleration  BUILD/LPC1768/ARMC6/main.o
    0x1000012c   0x00000004   Data   RW           41    .data.maxSpeed      BUILD/LPC1768/ARMC6/main.o
    0x10000130   0x000000a4   Data   RW          249    .data.os            BUILD/LPC1768/ARMC6/mbed-os/cmsis/CMSIS_5/CMSIS/RTOS2/RTX/Source/rtx_kernel.o
    0x100001d4   0x00000004   Data   RW           40    .data.outMax        BUILD/LPC1768/ARMC6/main.o
    0x100001d8   0x00000004   Data   RW           31    .data.slickness     BUILD/LPC1768/ARMC6/main.o
    0x100001dc   0x00000004   Data   RW           34    .data.zeroMagnetism  BUILD/LPC1768/ARMC6/main.o
    0x100001e0   0x00000054   Zero   RW        24928    .bss                /home/aidan/.config/Mbed Studio/mbed-studio-tools/ac6/bin/../lib/armlib/c_w.l(stdio_streams.o)
    0x10000234   0x00000054   Zero   RW        24929    .bss                /home/aidan/.config/Mbed Studio/mbed-studio-tools/ac6/bin/../lib/armlib/c_w.l(stdio_streams.o)
    0x10000288   0x00000054   Zero   RW        24930    .bss                /home/aidan/.config/Mbed Studio/mbed-studio-tools/ac6/bin/../lib/armlib/c_w.l(stdio_streams.o)
    0x100002dc   0x00000060   Zero   RW        25205    .bss                /home/aidan/.config/Mbed Studio/mbed-studio-tools/ac6/bin/../lib/armlib/c_w.l(libspace.o)
    0x1000033c   0x00000004   Zero   RW        22470    .bss._ZGVZL15default_consolevE7console  BUILD/LPC1768/ARMC6/mbed-os/platform/source/mbed_retarget.o
    0x10000340   0x00000010   Zero   RW        22460    .bss._ZL13stdio_in_prev  BUILD/LPC1768/ARMC6/mbed-os/platform/source/mbed_retarget.o
    0x10000350   0x00000010   Zero   RW        22461    .bss._ZL14stdio_out_prev  BUILD/LPC1768/ARMC6/mbed-os/platform/source/mbed_retarget.o
    0x10000360   0x00000028   Zero   RW        22457    .bss._ZL16filehandle_mutex  BUILD/LPC1768/ARMC6/mbed-os/platform/source/mbed_retarget.o
    0x10000388   0x00000028   Zero   RW        18922    .bss._ZN4mbed8AnalogIn6_mutexE  BUILD/LPC1768/ARMC6/mbed-os/drivers/source/AnalogIn.o
    0x100003b0   0x00000004   Zero   RW        21680    .bss._ZN4mbed8FileBase5_headE  BUILD/LPC1768/ARMC6/mbed-os/platform/source/FileBase.o
    0x100003b4   0x00000028   Zero   RW        21681    .bss._ZN4mbed8FileBase6_mutexE  BUILD/LPC1768/ARMC6/mbed-os/platform/source/FileBase.o
    0x100003dc   0x00000004   Zero   RW        21682    .bss._ZN4mbed8FileBase8_defaultE  BUILD/LPC1768/ARMC6/mbed-os/platform/source/FileBase.o
    0x100003e0   0x00000004   Zero   RW        22469    .bss._ZZL15default_consolevE7console  BUILD/LPC1768/ARMC6/mbed-os/platform/source/mbed_retarget.o
    0x100003e4   0x00000004   Zero   RW        22802    .bss._ZZN4rtos6Kernel4impl14get_tick_countEvE6tick_h  BUILD/LPC1768/ARMC6/mbed-os/rtos/source/Kernel.o
    0x100003e8   0x00000004   Zero   RW        22803    .bss._ZZN4rtos6Kernel4impl14get_tick_countEvE6tick_l  BUILD/LPC1768/ARMC6/mbed-os/rtos/source/Kernel.o
    0x100003ec   0x00000004   PAD
    0x100003f0   0x00001000   Zero   RW          662    .bss._main_stack    BUILD/LPC1768/ARMC6/mbed-os/cmsis/device/rtos/source/mbed_rtos_rtx.o
    0x100013f0   0x00000024   Zero   RW          663    .bss._main_thread_attr  BUILD/LPC1768/ARMC6/mbed-os/cmsis/device/rtos/source/mbed_rtos_rtx.o
    0x10001414   0x00000020   Zero   RW          635    .bss._static_mutexes  BUILD/LPC1768/ARMC6/mbed-os/cmsis/device/rtos/TOOLCHAIN_ARM_STD/mbed_boot_arm_std.o
    0x10001434   0x000000e0   Zero   RW          636    .bss._static_mutexes_mem  BUILD/LPC1768/ARMC6/mbed-os/cmsis/device/rtos/TOOLCHAIN_ARM_STD/mbed_boot_arm_std.o
    0x10001514   0x00000004   Zero   RW           46    .bss.anticipatedAUC  BUILD/LPC1768/ARMC6/main.o
    0x10001518   0x00000004   Zero   RW           45    .bss.command        BUILD/LPC1768/ARMC6/main.o
    0x1000151c   0x00000001   Zero   RW        21345    .bss.critical_interrupts_enabled  BUILD/LPC1768/ARMC6/mbed-os/hal/source/mbed_critical_section_api.o
    0x1000151d   0x00000003   PAD
    0x10001520   0x00000004   Zero   RW        22132    .bss.critical_section_reentrancy_counter  BUILD/LPC1768/ARMC6/mbed-os/platform/source/mbed_critical.o
    0x10001524   0x00000002   Zero   RW        22287    .bss.deep_sleep_lock  BUILD/LPC1768/ARMC6/mbed-os/platform/source/mbed_power_mgmt.o
    0x10001526   0x00000002   PAD
    0x10001528   0x00000004   Zero   RW        22180    .bss.error_count    BUILD/LPC1768/ARMC6/mbed-os/platform/source/mbed_error.o
    0x1000152c   0x00000004   Zero   RW        22181    .bss.error_hook     BUILD/LPC1768/ARMC6/mbed-os/platform/source/mbed_error.o
    0x10001530   0x00000034   Zero   RW        22179    .bss.first_error_ctx  BUILD/LPC1768/ARMC6/mbed-os/platform/source/mbed_error.o
    0x10001564   0x0000000c   Zero   RW           28    .bss.fromAmp        BUILD/LPC1768/ARMC6/main.o
    0x10001570   0x00000018   Zero   RW           30    .bss.fromMaster     BUILD/LPC1768/ARMC6/main.o
    0x10001588   0x00000001   Zero   RW           48    .bss.fromMasterPrior  BUILD/LPC1768/ARMC6/main.o
    0x10001589   0x00000001   Zero   RW        22182    .bss.halt_in_progress  BUILD/LPC1768/ARMC6/mbed-os/platform/source/mbed_error.o
    0x1000158a   0x00000002   PAD
    0x1000158c   0x00000004   Zero   RW           36    .bss.inMax          BUILD/LPC1768/ARMC6/main.o
    0x10001590   0x00000004   Zero   RW           37    .bss.inMin          BUILD/LPC1768/ARMC6/main.o
    0x10001594   0x00000004   Zero   RW           38    .bss.inScaled       BUILD/LPC1768/ARMC6/main.o
    0x10001598   0x00000004   Zero   RW           47    .bss.inScaledPrior  BUILD/LPC1768/ARMC6/main.o
    0x1000159c   0x00000004   Zero   RW           35    .bss.inZero         BUILD/LPC1768/ARMC6/main.o
    0x100015a0   0x00000004   Zero   RW        24630    .bss.irq_handler    BUILD/LPC1768/ARMC6/mbed-os/targets/TARGET_NXP/TARGET_LPC176X/serial_api.o
    0x100015a4   0x00000034   Zero   RW        22178    .bss.last_error_ctx  BUILD/LPC1768/ARMC6/mbed-os/platform/source/mbed_error.o
    0x100015d8   0x00000001   Zero   RW        22177    .bss.mbed_error_in_progress  BUILD/LPC1768/ARMC6/mbed-os/platform/source/mbed_error.o
    0x100015d9   0x00000003   PAD
    0x100015dc   0x00000054   Zero   RW        22000    .bss.mbed_fault_context  BUILD/LPC1768/ARMC6/mbed-os/platform/source/TARGET_CORTEX_M/mbed_fault_handler.o
    0x10001630   0x00000004   Zero   RW        22456    .bss.mbed_heap_size  BUILD/LPC1768/ARMC6/mbed-os/platform/source/mbed_retarget.o
    0x10001634   0x00000004   Zero   RW        22455    .bss.mbed_heap_start  BUILD/LPC1768/ARMC6/mbed-os/platform/source/mbed_retarget.o
    0x10001638   0x00000004   Zero   RW          653    .bss.mbed_stack_isr_size  BUILD/LPC1768/ARMC6/mbed-os/cmsis/device/rtos/source/mbed_boot.o
    0x1000163c   0x00000004   Zero   RW          652    .bss.mbed_stack_isr_start  BUILD/LPC1768/ARMC6/mbed-os/cmsis/device/rtos/source/mbed_boot.o
    0x10001640   0x00000040   Zero   RW          254    .bss.os             BUILD/LPC1768/ARMC6/mbed-os/cmsis/CMSIS_5/CMSIS/RTOS2/RTX/Source/rtx_lib.o
    0x10001680   0x00000001   Zero   RW          615    .bss.os             BUILD/LPC1768/ARMC6/mbed-os/cmsis/CMSIS_5/CMSIS/RTOS2/Source/os_systick.o
    0x10001681   0x00000003   PAD
    0x10001684   0x000001f0   Zero   RW          634    .bss.os.libspace    BUILD/LPC1768/ARMC6/mbed-os/cmsis/device/rtos/TOOLCHAIN_ARM_STD/mbed_boot_arm_std.o
    0x10001874   0x00000034   Zero   RW          265    .bss.os.msgqueue.cb  BUILD/LPC1768/ARMC6/mbed-os/cmsis/CMSIS_5/CMSIS/RTOS2/RTX/Source/rtx_lib.o
    0x100018a8   0x00000050   Zero   RW          266    .bss.os.msgqueue.mem  BUILD/LPC1768/ARMC6/mbed-os/cmsis/CMSIS_5/CMSIS/RTOS2/RTX/Source/rtx_lib.o
    0x100018f8   0x00000088   Zero   RW          262    .bss.os.thread.cb   BUILD/LPC1768/ARMC6/mbed-os/cmsis/CMSIS_5/CMSIS/RTOS2/RTX/Source/rtx_lib.o
    0x10001980   0x00000044   Zero   RW          664    .bss.os.thread.cb   BUILD/LPC1768/ARMC6/mbed-os/cmsis/device/rtos/source/mbed_rtos_rtx.o
    0x100019c4   0x00000004   PAD
    0x100019c8   0x00000200   Zero   RW          263    .bss.os.thread.idle.stack  BUILD/LPC1768/ARMC6/mbed-os/cmsis/CMSIS_5/CMSIS/RTOS2/RTX/Source/rtx_lib.o
    0x10001bc8   0x00000300   Zero   RW          264    .bss.os.thread.timer.stack  BUILD/LPC1768/ARMC6/mbed-os/cmsis/CMSIS_5/CMSIS/RTOS2/RTX/Source/rtx_lib.o
    0x10001ec8   0x00000001   Zero   RW          637    .bss.os_kernel_is_active.os_kernel_active  BUILD/LPC1768/ARMC6/mbed-os/cmsis/device/rtos/TOOLCHAIN_ARM_STD/mbed_boot_arm_std.o
    0x10001ec9   0x00000003   PAD
    0x10001ecc   0x00000004   Zero   RW           39    .bss.outMin         BUILD/LPC1768/ARMC6/main.o
    0x10001ed0   0x00000004   Zero   RW          668    .bss.singleton_mutex_id  BUILD/LPC1768/ARMC6/mbed-os/cmsis/device/rtos/source/mbed_rtos_rtx.o
    0x10001ed4   0x0000001c   Zero   RW          666    .bss.singleton_mutex_obj  BUILD/LPC1768/ARMC6/mbed-os/cmsis/device/rtos/source/mbed_rtos_rtx.o
    0x10001ef0   0x00000001   Zero   RW        21344    .bss.state_saved    BUILD/LPC1768/ARMC6/mbed-os/hal/source/mbed_critical_section_api.o
    0x10001ef1   0x00000007   PAD
    0x10001ef8   0x00000008   Zero   RW        24629    .bss.stdio_uart     BUILD/LPC1768/ARMC6/mbed-os/targets/TARGET_NXP/TARGET_LPC176X/serial_api.o
    0x10001f00   0x00000004   Zero   RW        24624    .bss.stdio_uart_inited  BUILD/LPC1768/ARMC6/mbed-os/targets/TARGET_NXP/TARGET_LPC176X/serial_api.o
    0x10001f04   0x00000004   Zero   RW          701    .bss.terminate_hook  BUILD/LPC1768/ARMC6/mbed-os/cmsis/device/rtos/source/mbed_rtx_handlers.o
    0x10001f08   0x0000002c   Zero   RW           29    .bss.toActuator     BUILD/LPC1768/ARMC6/main.o
    0x10001f34   0x000000e0   Zero   RW        24628    .bss.uart_data      BUILD/LPC1768/ARMC6/mbed-os/targets/TARGET_NXP/TARGET_LPC176X/serial_api.o
    0x10002014   0x00000004   Zero   RW           43    .bss.velocity       BUILD/LPC1768/ARMC6/main.o


    Execution Region ARM_LIB_HEAP (Base: 0x10002020, Size: 0x00005bc0, Max: 0x00005bc0, ABSOLUTE)

    Base Addr    Size         Type   Attr      Idx    E Section Name        Object

    0x10002020   0x00005bc0   Zero   RW            1    ARM_LIB_HEAP.bss    anon$$obj.o


    Execution Region ARM_LIB_STACK (Base: 0x10007c00, Size: 0x00000400, Max: 0x00000400, ABSOLUTE)

    Base Addr    Size         Type   Attr      Idx    E Section Name        Object

    0x10007c00   0x00000400   Zero   RW            2    ARM_LIB_STACK.bss   anon$$obj.o


    Execution Region RW_IRAM2 (Base: 0x2007c000, Size: 0x00000000, Max: 0x00004000, ABSOLUTE)

    **** No section assigned to this execution region ****


    Execution Region RW_IRAM3 (Base: 0x20080000, Size: 0x00000000, Max: 0x00004000, ABSOLUTE)

    **** No section assigned to this execution region ****


    Execution Region RW_IRAM4 (Base: 0x40038000, Size: 0x00000000, Max: 0x00000800, ABSOLUTE)

    **** No section assigned to this execution region ****


==============================================================================

Image component sizes


      Code (inc. data)   RO Data    RW Data    ZI Data      Debug   

     21590       1796       2520        264      31900      18940   Object Totals
         0          0         32          0      24512          0   (incl. Generated)
        64          0          4          0         31          0   (incl. Padding)
     10818        452        320         16        348       8112   Library Totals
        28          0          0          0          0          0   (incl. Padding)

==============================================================================


      Code (inc. data)   RO Data    RW Data    ZI Data      Debug   

     32408       2248       2840        280      32248      21484   Grand Totals
     32408       2248       2840        280      32248      21484   ELF Image Totals
     32408       2248       2840        280          0          0   ROM Totals

==============================================================================

    Total RO  Size (Code + RO Data)                35248 (  34.42kB)
    Total RW  Size (RW Data + ZI Data)             32528 (  31.77kB)
    Total ROM Size (Code + RO Data + RW Data)      35528 (  34.70kB)

==============================================================================

